{
  "receipt_root": "E:\\AI\\projects\\uoink\\checkouts\\Yoink-library\\_scratch\\portable-operator-01\\receipt",
  "prepare_before_install": true,
  "intended_app": {
    "path": "E:\\AI\\projects\\uoink\\checkouts\\Yoink-library\\_scratch\\portable-operator-01\\Future Installed App",
    "server_py": "E:\\AI\\projects\\uoink\\checkouts\\Yoink-library\\_scratch\\portable-operator-01\\Future Installed App\\server.py",
    "interpreter": null,
    "has_space": true,
    "bundled_python": false,
    "present": false,
    "intended_before_install": true
  },
  "prepared": {
    "empty": {
      "kind": "empty",
      "index_present": false,
      "settings_sha256": "7fb76f6e8a020a723490c5238d29c42102f9eb00c30939a5595d0ce0ba231ca1",
      "librarian_apply_enabled": false
    },
    "populated": {
      "kind": "populated_legacy",
      "fixture_version": "c22-legacy-populated-v1-schema27",
      "schema_version": 27,
      "target_schema_after_helper": 30,
      "index_sha256": "25f8184dd18501179e9cec16595fb730a7181a3b9162e8449c79dd6673816cad",
      "markdown_sha256": "474212828140970e3126bbbaa40aa49fdb8dbb3abe26c4090c32ec6573d4d050",
      "sidecar_sha256": "0ede6756fda156604492e438b1f8bef539d6b565738637a9ac1c19f7129bf870",
      "timed_video_id": "c22legacytimed000",
      "text_video_id": "c22legacytext00000",
      "work_id": "wk_c22_legacy_1",
      "run_id": "run_c22_legacy_1",
      "librarian_apply_enabled": false,
      "construction": "kit-side SQL 0001-0027; not installed credit"
    },
    "extra": {
      "one-off": {
        "kind": "empty",
        "index_present": false,
        "settings_sha256": "7fb76f6e8a020a723490c5238d29c42102f9eb00c30939a5595d0ce0ba231ca1",
        "librarian_apply_enabled": false
      },
      "manual-first": {
        "kind": "empty",
        "index_present": false,
        "settings_sha256": "7fb76f6e8a020a723490c5238d29c42102f9eb00c30939a5595d0ce0ba231ca1",
        "librarian_apply_enabled": false
      },
      "standing-first": {
        "kind": "empty",
        "index_present": false,
        "settings_sha256": "7fb76f6e8a020a723490c5238d29c42102f9eb00c30939a5595d0ce0ba231ca1",
        "librarian_apply_enabled": false
      },
      "child-life": {
        "kind": "empty",
        "index_present": false,
        "settings_sha256": "7fb76f6e8a020a723490c5238d29c42102f9eb00c30939a5595d0ce0ba231ca1",
        "librarian_apply_enabled": false
      },
      "child-interrupt": {
        "kind": "empty",
        "index_present": false,
        "settings_sha256": "7fb76f6e8a020a723490c5238d29c42102f9eb00c30939a5595d0ce0ba231ca1",
        "librarian_apply_enabled": false
      },
      "child-regfail": {
        "kind": "empty",
        "index_present": false,
        "settings_sha256": "7fb76f6e8a020a723490c5238d29c42102f9eb00c30939a5595d0ce0ba231ca1",
        "librarian_apply_enabled": false
      },
      "relaunch": {
        "kind": "empty",
        "index_present": false,
        "settings_sha256": "7fb76f6e8a020a723490c5238d29c42102f9eb00c30939a5595d0ce0ba231ca1",
        "librarian_apply_enabled": false
      }
    },
    "feed_base": "http://127.0.0.1:18480",
    "feed_url": "http://127.0.0.1:18480/feed.xml",
    "synthetic_host": "c22-fixture.invalid",
    "phase2_baselines": {
      "empty": "174344c884557252c9c4686697623f815704cc8a1c3e22cae60175b0b4a28de6",
      "populated": "f8d78ae94ec1f9ee7568563ac1c312ebc58521f7aa831d3bc04f09b7f4dbcecc",
      "one-off": "174344c884557252c9c4686697623f815704cc8a1c3e22cae60175b0b4a28de6",
      "manual-first": "174344c884557252c9c4686697623f815704cc8a1c3e22cae60175b0b4a28de6",
      "standing-first": "174344c884557252c9c4686697623f815704cc8a1c3e22cae60175b0b4a28de6",
      "child-life": "174344c884557252c9c4686697623f815704cc8a1c3e22cae60175b0b4a28de6",
      "child-interrupt": "174344c884557252c9c4686697623f815704cc8a1c3e22cae60175b0b4a28de6",
      "child-regfail": "174344c884557252c9c4686697623f815704cc8a1c3e22cae60175b0b4a28de6",
      "relaunch": "174344c884557252c9c4686697623f815704cc8a1c3e22cae60175b0b4a28de6"
    },
    "immutable_baselines": true,
    "resumed_without_regeneration": false
  },
  "operator_commands": {
    "preinstall_stdlib": [
      "C:\\Python314\\python.exe",
      "-I",
      "-S",
      "E:\\AI\\projects\\uoink\\checkouts\\Yoink-library\\_scratch\\portable-operator-01\\Uoink Receipt Kit\\scripts\\install_receipt\\cli.py",
      "prepare-before-install",
      "--intended-app",
      "E:\\AI\\projects\\uoink\\checkouts\\Yoink-library\\_scratch\\portable-operator-01\\Future Installed App",
      "--package",
      "E:\\AI\\projects\\uoink\\checkouts\\Yoink-library\\_scratch\\portable-operator-01\\Uoink Receipt Kit\\Uoink-Setup-3.8.0.exe",
      "--package-sha256",
      "a89112bb53425cbd9c5c0c662a2f239cbdde069294af9389c90021ddc2af60fe",
      "--isolated-profile",
      "E:\\AI\\projects\\uoink\\checkouts\\Yoink-library\\_scratch\\portable-operator-01\\receipt\\profiles\\empty",
      "--isolated-port",
      "18481",
      "--receipt-root",
      "E:\\AI\\projects\\uoink\\checkouts\\Yoink-library\\_scratch\\portable-operator-01\\receipt",
      "--manifest",
      "E:\\AI\\projects\\uoink\\checkouts\\Yoink-library\\_scratch\\portable-operator-01\\Uoink Receipt Kit\\c22-operator-manifest.json",
      "--synthetic"
    ],
    "postinstall_bundled": [
      "E:\\AI\\projects\\uoink\\checkouts\\Yoink-library\\_scratch\\portable-operator-01\\Future Installed App\\python\\python.exe",
      "-B",
      "-s",
      "-c",
      "import sys; sys.path.insert(0, 'E:\\\\AI\\\\projects\\\\uoink\\\\checkouts\\\\Yoink-library\\\\_scratch\\\\portable-operator-01\\\\Uoink Receipt Kit\\\\scripts'); from install_receipt.cli import main; raise SystemExit(main(sys.argv[1:]))",
      "run",
      "--installed-app",
      "E:\\AI\\projects\\uoink\\checkouts\\Yoink-library\\_scratch\\portable-operator-01\\Future Installed App",
      "--package",
      "E:\\AI\\projects\\uoink\\checkouts\\Yoink-library\\_scratch\\portable-operator-01\\Uoink Receipt Kit\\Uoink-Setup-3.8.0.exe",
      "--package-sha256",
      "a89112bb53425cbd9c5c0c662a2f239cbdde069294af9389c90021ddc2af60fe",
      "--isolated-profile",
      "E:\\AI\\projects\\uoink\\checkouts\\Yoink-library\\_scratch\\portable-operator-01\\receipt\\profiles\\empty",
      "--isolated-port",
      "18481",
      "--receipt-root",
      "E:\\AI\\projects\\uoink\\checkouts\\Yoink-library\\_scratch\\portable-operator-01\\receipt",
      "--continue-existing-receipt",
      "--scenario",
      "all",
      "--manifest",
      "E:\\AI\\projects\\uoink\\checkouts\\Yoink-library\\_scratch\\portable-operator-01\\Uoink Receipt Kit\\c22-operator-manifest.json"
    ],
    "kit_import_root": "E:\\AI\\projects\\uoink\\checkouts\\Yoink-library\\_scratch\\portable-operator-01\\Uoink Receipt Kit\\scripts",
    "bundled_python": "E:\\AI\\projects\\uoink\\checkouts\\Yoink-library\\_scratch\\portable-operator-01\\Future Installed App\\python\\python.exe",
    "install_unexecuted_until_ryan": true,
    "browser_unexecuted_until_ryan": true,
    "upgrade_unexecuted_until_ryan": true,
    "same_version_reinstall_is_not_upgrade": true,
    "marker_installer_owned": true,
    "profile_switch_is_cli_binding": true,
    "installed_credit": false
  }
}
