Collecting aiohappyeyeballs==2.7.1 (from -r _scratch\dependency-resolve-02\proposed-lock.txt (line 13))
  Downloading aiohappyeyeballs-2.7.1-py3-none-any.whl.metadata (5.9 kB)
Collecting aiohttp==3.14.3 (from -r _scratch\dependency-resolve-02\proposed-lock.txt (line 14))
  Downloading aiohttp-3.14.3-cp311-cp311-win_amd64.whl.metadata (8.5 kB)
Collecting aiosignal==1.4.0 (from -r _scratch\dependency-resolve-02\proposed-lock.txt (line 15))
  Downloading aiosignal-1.4.0-py3-none-any.whl.metadata (3.7 kB)
Collecting alembic==1.18.5 (from -r _scratch\dependency-resolve-02\proposed-lock.txt (line 16))
  Downloading alembic-1.18.5-py3-none-any.whl.metadata (7.2 kB)
Collecting annotated-types==0.7.0 (from -r _scratch\dependency-resolve-02\proposed-lock.txt (line 17))
  Downloading annotated_types-0.7.0-py3-none-any.whl.metadata (15 kB)
Collecting antlr4-python3-runtime==4.9.3 (from -r _scratch\dependency-resolve-02\proposed-lock.txt (line 18))
  Downloading antlr4-python3-runtime-4.9.3.tar.gz (117 kB)
  Installing build dependencies: started
  Installing build dependencies: finished with status 'done'
  Getting requirements to build wheel: started
  Getting requirements to build wheel: finished with status 'done'
ERROR: Exception:
Traceback (most recent call last):
  File "C:\Python314\Lib\site-packages\pip\_internal\cli\base_command.py", line 109, in _run_wrapper
    status = _inner_run()
             ^^^^^^^^^^^^
  File "C:\Python314\Lib\site-packages\pip\_internal\cli\base_command.py", line 102, in _inner_run
    return self.run(options, args)
           ^^^^^^^^^^^^^^^^^^^^^^^
  File "C:\Python314\Lib\site-packages\pip\_internal\cli\req_command.py", line 101, in wrapper
    return func(self, options, args)
           ^^^^^^^^^^^^^^^^^^^^^^^^^
  File "C:\Python314\Lib\site-packages\pip\_internal\commands\install.py", line 479, in run
    requirement_set = resolver.resolve(
                      ^^^^^^^^^^^^^^^^^
  File "C:\Python314\Lib\site-packages\pip\_internal\resolution\resolvelib\resolver.py", line 99, in resolve
    result = self._result = resolver.resolve(
                            ^^^^^^^^^^^^^^^^^
  File "C:\Python314\Lib\site-packages\pip\_vendor\resolvelib\resolvers\resolution.py", line 601, in resolve
    state = resolution.resolve(requirements, max_rounds=max_rounds)
            ^^^^^^^^^^^^^^^^^^^^^^^^^^^^^^^^^^^^^^^^^^^^^^^^^^^^^^^
  File "C:\Python314\Lib\site-packages\pip\_vendor\resolvelib\resolvers\resolution.py", line 434, in resolve
    self._add_to_criteria(self.state.criteria, r, parent=None)
  File "C:\Python314\Lib\site-packages\pip\_vendor\resolvelib\resolvers\resolution.py", line 150, in _add_to_criteria
    if not criterion.candidates:
  File "C:\Python314\Lib\site-packages\pip\_vendor\resolvelib\structs.py", line 194, in __bool__
    return bool(self._sequence)
           ^^^^^^^^^^^^^^^^^^^^
  File "C:\Python314\Lib\site-packages\pip\_internal\resolution\resolvelib\found_candidates.py", line 165, in __bool__
    self._bool = any(self)
                 ^^^^^^^^^
  File "C:\Python314\Lib\site-packages\pip\_internal\resolution\resolvelib\found_candidates.py", line 149, in <genexpr>
    return (c for c in iterator if id(c) not in self._incompatible_ids)
           ^^^^^^^^^^^^^^^^^^^^^^^^^^^^^^^^^^^^^^^^^^^^^^^^^^^^^^^^^^^^
  File "C:\Python314\Lib\site-packages\pip\_internal\resolution\resolvelib\found_candidates.py", line 39, in _iter_built
    candidate = func()
                ^^^^^^
  File "C:\Python314\Lib\site-packages\pip\_internal\resolution\resolvelib\factory.py", line 182, in _make_candidate_from_link
    base: BaseCandidate | None = self._make_base_candidate_from_link(
                                 ^^^^^^^^^^^^^^^^^^^^^^^^^^^^^^^^^^^^
  File "C:\Python314\Lib\site-packages\pip\_internal\resolution\resolvelib\factory.py", line 228, in _make_base_candidate_from_link
    self._link_candidate_cache[link] = LinkCandidate(
                                       ^^^^^^^^^^^^^^
  File "C:\Python314\Lib\site-packages\pip\_internal\resolution\resolvelib\candidates.py", line 326, in __init__
    super().__init__(
  File "C:\Python314\Lib\site-packages\pip\_internal\resolution\resolvelib\candidates.py", line 168, in __init__
    self.dist = self._prepare()
                ^^^^^^^^^^^^^^^
  File "C:\Python314\Lib\site-packages\pip\_internal\resolution\resolvelib\candidates.py", line 246, in _prepare
    dist = self._prepare_distribution()
           ^^^^^^^^^^^^^^^^^^^^^^^^^^^^
  File "C:\Python314\Lib\site-packages\pip\_internal\resolution\resolvelib\candidates.py", line 337, in _prepare_distribution
    return preparer.prepare_linked_requirement(self._ireq, parallel_builds=True)
           ^^^^^^^^^^^^^^^^^^^^^^^^^^^^^^^^^^^^^^^^^^^^^^^^^^^^^^^^^^^^^^^^^^^^^
  File "C:\Python314\Lib\site-packages\pip\_internal\operations\prepare.py", line 542, in prepare_linked_requirement
    return self._prepare_linked_requirement(req, parallel_builds)
           ^^^^^^^^^^^^^^^^^^^^^^^^^^^^^^^^^^^^^^^^^^^^^^^^^^^^^^
  File "C:\Python314\Lib\site-packages\pip\_internal\operations\prepare.py", line 661, in _prepare_linked_requirement
    dist = _get_prepared_distribution(
           ^^^^^^^^^^^^^^^^^^^^^^^^^^^
  File "C:\Python314\Lib\site-packages\pip\_internal\operations\prepare.py", line 77, in _get_prepared_distribution
    abstract_dist.prepare_distribution_metadata(
  File "C:\Python314\Lib\site-packages\pip\_internal\distributions\sdist.py", line 55, in prepare_distribution_metadata
    self._install_build_reqs(build_env_installer)
  File "C:\Python314\Lib\site-packages\pip\_internal\distributions\sdist.py", line 132, in _install_build_reqs
    build_reqs = self._get_build_requires_wheel()
                 ^^^^^^^^^^^^^^^^^^^^^^^^^^^^^^^^
  File "C:\Python314\Lib\site-packages\pip\_internal\distributions\sdist.py", line 107, in _get_build_requires_wheel
    return backend.get_requires_for_build_wheel()
           ^^^^^^^^^^^^^^^^^^^^^^^^^^^^^^^^^^^^^^
  File "C:\Python314\Lib\site-packages\pip\_internal\utils\misc.py", line 700, in get_requires_for_build_wheel
    return super().get_requires_for_build_wheel(config_settings=cs)
           ^^^^^^^^^^^^^^^^^^^^^^^^^^^^^^^^^^^^^^^^^^^^^^^^^^^^^^^^
  File "C:\Python314\Lib\site-packages\pip\_vendor\pyproject_hooks\_impl.py", line 196, in get_requires_for_build_wheel
    return self._call_hook(
           ^^^^^^^^^^^^^^^^
  File "C:\Python314\Lib\site-packages\pip\_vendor\pyproject_hooks\_impl.py", line 402, in _call_hook
    raise BackendUnavailable(
pip._vendor.pyproject_hooks._impl.BackendUnavailable: Cannot import 'setuptools.build_meta'
