PYTHONPATH=C:\Users\hello\AppData\Local\AgentControlRoom\worktrees\uoink-library\769107e6-1cc\grok;C:\Users\hello\AppData\Roaming\Python\Python314\site-packages;C:\Users\hello\AppData\Roaming\Python\Python314\site-packages\win32;C:\Users\hello\AppData\Roaming\Python\Python314\site-packages\win32\lib;C:\Users\hello\AppData\Roaming\Python\Python314\site-packages\pythonwin;C:\Users\hello\AppData\Roaming\Python\Python314\site-packages\pywin32_system32
pywintypes_ok C:\Users\hello\AppData\Roaming\Python\Python314\site-packages\pywin32_system32\pywintypes314.dll
mcp_ok
whisperx unavailable: ModuleNotFoundError: No module named 'whisperx'
[az5g2] running unedited cost fixture
2026-09-08 20:10:53,511 INFO applying index migration 0001 (0001_initial_schema.sql)
2026-09-08 20:10:53,515 INFO applying index migration 0002 (0002_entity_graph.sql)
2026-09-08 20:10:53,517 INFO applying index migration 0003 (0003_taxonomy_corrections.sql)
2026-09-08 20:10:53,519 INFO applying index migration 0004 (0004_memory_indexes.sql)
2026-09-08 20:10:53,522 INFO applying index migration 0005 (0005_pending_yoinks.sql)
2026-09-08 20:10:53,523 INFO applying index migration 0006 (0006_v2_schema.sql)
2026-09-08 20:10:53,526 INFO applying index migration 0007 (0007_p4_workspaces.sql)
2026-09-08 20:10:53,528 INFO applying index migration 0008 (0008_a2_claims.sql)
2026-09-08 20:10:53,530 INFO applying index migration 0009 (0009_p5_scripts.sql)
2026-09-08 20:10:53,532 INFO applying index migration 0010 (0010_podcast_feeds.sql)
2026-09-08 20:10:53,534 INFO applying index migration 0011 (0011_podcast_audio.sql)
2026-09-08 20:10:53,537 INFO applying index migration 0012 (0012_whisper_transcripts.sql)
2026-09-08 20:10:53,541 INFO applying index migration 0013 (0013_monitored_playlists.sql)
2026-09-08 20:10:53,543 INFO applying index migration 0014 (0014_writing_studio.sql)
2026-09-08 20:10:53,545 INFO applying index migration 0015 (0015_universal_site.sql)
2026-09-08 20:10:53,547 INFO applying index migration 0016 (0016_default_style_anchors.sql)
2026-09-08 20:10:53,549 INFO applying index migration 0017 (0017_pending_long_video_mode.sql)
2026-09-08 20:10:53,554 INFO applying index migration 0018 (0018_writing_drafts.sql)
2026-09-08 20:10:53,557 INFO applying index migration 0019 (0019_auto_uoink.sql)
2026-09-08 20:10:53,559 INFO applying index migration 0020 (0020_platform_author.sql)
2026-09-08 20:10:53,562 INFO applying index migration 0021 (0021_suite_engagement.sql)
2026-09-08 20:10:53,564 INFO applying index migration 0022 (0022_podcast_corpus.sql)
2026-09-08 20:10:53,567 INFO applying index migration 0023 (0023_podcast_watch.sql)
2026-09-08 20:10:53,569 INFO applying index migration 0024 (0024_clips.sql)
2026-09-08 20:10:53,572 INFO applying index migration 0025 (0025_source_type_backfill.sql)
2026-09-08 20:10:53,574 INFO applying index migration 0026 (0026_provenance_precedence.sql)
2026-09-08 20:10:53,576 INFO applying index migration 0027 (0027_library_substrate.sql)
2026-09-08 20:10:53,583 INFO applying index migration 0028 (0028_source_subscriptions.sql)
2026-09-08 20:10:53,594 INFO applying index migration 0030 (0030_media_depth.sql)
2026-09-08 20:10:54,722 INFO applying index migration 0001 (0001_initial_schema.sql)
2026-09-08 20:10:54,726 INFO applying index migration 0002 (0002_entity_graph.sql)
2026-09-08 20:10:54,727 INFO applying index migration 0003 (0003_taxonomy_corrections.sql)
2026-09-08 20:10:54,729 INFO applying index migration 0004 (0004_memory_indexes.sql)
2026-09-08 20:10:54,731 INFO applying index migration 0005 (0005_pending_yoinks.sql)
2026-09-08 20:10:54,732 INFO applying index migration 0006 (0006_v2_schema.sql)
2026-09-08 20:10:54,735 INFO applying index migration 0007 (0007_p4_workspaces.sql)
2026-09-08 20:10:54,737 INFO applying index migration 0008 (0008_a2_claims.sql)
2026-09-08 20:10:54,738 INFO applying index migration 0009 (0009_p5_scripts.sql)
2026-09-08 20:10:54,740 INFO applying index migration 0010 (0010_podcast_feeds.sql)
2026-09-08 20:10:54,741 INFO applying index migration 0011 (0011_podcast_audio.sql)
2026-09-08 20:10:54,744 INFO applying index migration 0012 (0012_whisper_transcripts.sql)
2026-09-08 20:10:54,746 INFO applying index migration 0013 (0013_monitored_playlists.sql)
2026-09-08 20:10:54,748 INFO applying index migration 0014 (0014_writing_studio.sql)
2026-09-08 20:10:54,750 INFO applying index migration 0015 (0015_universal_site.sql)
2026-09-08 20:10:54,751 INFO applying index migration 0016 (0016_default_style_anchors.sql)
2026-09-08 20:10:54,753 INFO applying index migration 0017 (0017_pending_long_video_mode.sql)
2026-09-08 20:10:54,755 INFO applying index migration 0018 (0018_writing_drafts.sql)
2026-09-08 20:10:54,756 INFO applying index migration 0019 (0019_auto_uoink.sql)
2026-09-08 20:10:54,758 INFO applying index migration 0020 (0020_platform_author.sql)
2026-09-08 20:10:54,760 INFO applying index migration 0021 (0021_suite_engagement.sql)
2026-09-08 20:10:54,762 INFO applying index migration 0022 (0022_podcast_corpus.sql)
2026-09-08 20:10:54,765 INFO applying index migration 0023 (0023_podcast_watch.sql)
2026-09-08 20:10:54,767 INFO applying index migration 0024 (0024_clips.sql)
2026-09-08 20:10:54,768 INFO applying index migration 0025 (0025_source_type_backfill.sql)
2026-09-08 20:10:54,770 INFO applying index migration 0026 (0026_provenance_precedence.sql)
2026-09-08 20:10:54,772 INFO applying index migration 0027 (0027_library_substrate.sql)
2026-09-08 20:10:54,775 INFO applying index migration 0028 (0028_source_subscriptions.sql)
2026-09-08 20:10:54,778 INFO applying index migration 0030 (0030_media_depth.sql)
2026-09-08 20:11:13,534 INFO applying index migration 0001 (0001_initial_schema.sql)
2026-09-08 20:11:13,538 INFO applying index migration 0002 (0002_entity_graph.sql)
2026-09-08 20:11:13,540 INFO applying index migration 0003 (0003_taxonomy_corrections.sql)
2026-09-08 20:11:13,542 INFO applying index migration 0004 (0004_memory_indexes.sql)
2026-09-08 20:11:13,544 INFO applying index migration 0005 (0005_pending_yoinks.sql)
2026-09-08 20:11:13,545 INFO applying index migration 0006 (0006_v2_schema.sql)
2026-09-08 20:11:13,548 INFO applying index migration 0007 (0007_p4_workspaces.sql)
2026-09-08 20:11:13,550 INFO applying index migration 0008 (0008_a2_claims.sql)
2026-09-08 20:11:13,551 INFO applying index migration 0009 (0009_p5_scripts.sql)
2026-09-08 20:11:13,553 INFO applying index migration 0010 (0010_podcast_feeds.sql)
2026-09-08 20:11:13,554 INFO applying index migration 0011 (0011_podcast_audio.sql)
2026-09-08 20:11:13,557 INFO applying index migration 0012 (0012_whisper_transcripts.sql)
2026-09-08 20:11:13,560 INFO applying index migration 0013 (0013_monitored_playlists.sql)
2026-09-08 20:11:13,561 INFO applying index migration 0014 (0014_writing_studio.sql)
2026-09-08 20:11:13,565 INFO applying index migration 0015 (0015_universal_site.sql)
2026-09-08 20:11:13,567 INFO applying index migration 0016 (0016_default_style_anchors.sql)
2026-09-08 20:11:13,569 INFO applying index migration 0017 (0017_pending_long_video_mode.sql)
2026-09-08 20:11:13,570 INFO applying index migration 0018 (0018_writing_drafts.sql)
2026-09-08 20:11:13,572 INFO applying index migration 0019 (0019_auto_uoink.sql)
2026-09-08 20:11:13,574 INFO applying index migration 0020 (0020_platform_author.sql)
2026-09-08 20:11:13,576 INFO applying index migration 0021 (0021_suite_engagement.sql)
2026-09-08 20:11:13,578 INFO applying index migration 0022 (0022_podcast_corpus.sql)
2026-09-08 20:11:13,581 INFO applying index migration 0023 (0023_podcast_watch.sql)
2026-09-08 20:11:13,583 INFO applying index migration 0024 (0024_clips.sql)
2026-09-08 20:11:13,585 INFO applying index migration 0025 (0025_source_type_backfill.sql)
2026-09-08 20:11:13,587 INFO applying index migration 0026 (0026_provenance_precedence.sql)
2026-09-08 20:11:13,588 INFO applying index migration 0027 (0027_library_substrate.sql)
2026-09-08 20:11:13,591 INFO applying index migration 0028 (0028_source_subscriptions.sql)
2026-09-08 20:11:13,594 INFO applying index migration 0030 (0030_media_depth.sql)
2026-09-08 20:11:14,170 INFO applying index migration 0001 (0001_initial_schema.sql)
2026-09-08 20:11:14,174 INFO applying index migration 0002 (0002_entity_graph.sql)
2026-09-08 20:11:14,176 INFO applying index migration 0003 (0003_taxonomy_corrections.sql)
2026-09-08 20:11:14,177 INFO applying index migration 0004 (0004_memory_indexes.sql)
2026-09-08 20:11:14,179 INFO applying index migration 0005 (0005_pending_yoinks.sql)
2026-09-08 20:11:14,180 INFO applying index migration 0006 (0006_v2_schema.sql)
2026-09-08 20:11:14,183 INFO applying index migration 0007 (0007_p4_workspaces.sql)
2026-09-08 20:11:14,185 INFO applying index migration 0008 (0008_a2_claims.sql)
2026-09-08 20:11:14,186 INFO applying index migration 0009 (0009_p5_scripts.sql)
2026-09-08 20:11:14,188 INFO applying index migration 0010 (0010_podcast_feeds.sql)
2026-09-08 20:11:14,189 INFO applying index migration 0011 (0011_podcast_audio.sql)
2026-09-08 20:11:14,191 INFO applying index migration 0012 (0012_whisper_transcripts.sql)
2026-09-08 20:11:14,193 INFO applying index migration 0013 (0013_monitored_playlists.sql)
2026-09-08 20:11:14,195 INFO applying index migration 0014 (0014_writing_studio.sql)
2026-09-08 20:11:14,197 INFO applying index migration 0015 (0015_universal_site.sql)
2026-09-08 20:11:14,199 INFO applying index migration 0016 (0016_default_style_anchors.sql)
2026-09-08 20:11:14,200 INFO applying index migration 0017 (0017_pending_long_video_mode.sql)
2026-09-08 20:11:14,203 INFO applying index migration 0018 (0018_writing_drafts.sql)
2026-09-08 20:11:14,204 INFO applying index migration 0019 (0019_auto_uoink.sql)
2026-09-08 20:11:14,206 INFO applying index migration 0020 (0020_platform_author.sql)
2026-09-08 20:11:14,208 INFO applying index migration 0021 (0021_suite_engagement.sql)
2026-09-08 20:11:14,210 INFO applying index migration 0022 (0022_podcast_corpus.sql)
2026-09-08 20:11:14,213 INFO applying index migration 0023 (0023_podcast_watch.sql)
2026-09-08 20:11:14,216 INFO applying index migration 0024 (0024_clips.sql)
2026-09-08 20:11:14,217 INFO applying index migration 0025 (0025_source_type_backfill.sql)
2026-09-08 20:11:14,219 INFO applying index migration 0026 (0026_provenance_precedence.sql)
2026-09-08 20:11:14,221 INFO applying index migration 0027 (0027_library_substrate.sql)
2026-09-08 20:11:14,224 INFO applying index migration 0028 (0028_source_subscriptions.sql)
2026-09-08 20:11:14,227 INFO applying index migration 0030 (0030_media_depth.sql)
2026-09-08 20:11:14,347 INFO applying index migration 0001 (0001_initial_schema.sql)
2026-09-08 20:11:14,351 INFO applying index migration 0002 (0002_entity_graph.sql)
2026-09-08 20:11:14,353 INFO applying index migration 0003 (0003_taxonomy_corrections.sql)
2026-09-08 20:11:14,354 INFO applying index migration 0004 (0004_memory_indexes.sql)
2026-09-08 20:11:14,356 INFO applying index migration 0005 (0005_pending_yoinks.sql)
2026-09-08 20:11:14,357 INFO applying index migration 0006 (0006_v2_schema.sql)
2026-09-08 20:11:14,360 INFO applying index migration 0007 (0007_p4_workspaces.sql)
2026-09-08 20:11:14,361 INFO applying index migration 0008 (0008_a2_claims.sql)
2026-09-08 20:11:14,363 INFO applying index migration 0009 (0009_p5_scripts.sql)
2026-09-08 20:11:14,365 INFO applying index migration 0010 (0010_podcast_feeds.sql)
2026-09-08 20:11:14,367 INFO applying index migration 0011 (0011_podcast_audio.sql)
2026-09-08 20:11:14,369 INFO applying index migration 0012 (0012_whisper_transcripts.sql)
2026-09-08 20:11:14,372 INFO applying index migration 0013 (0013_monitored_playlists.sql)
2026-09-08 20:11:14,374 INFO applying index migration 0014 (0014_writing_studio.sql)
2026-09-08 20:11:14,375 INFO applying index migration 0015 (0015_universal_site.sql)
2026-09-08 20:11:14,377 INFO applying index migration 0016 (0016_default_style_anchors.sql)
2026-09-08 20:11:14,379 INFO applying index migration 0017 (0017_pending_long_video_mode.sql)
2026-09-08 20:11:14,381 INFO applying index migration 0018 (0018_writing_drafts.sql)
2026-09-08 20:11:14,382 INFO applying index migration 0019 (0019_auto_uoink.sql)
2026-09-08 20:11:14,384 INFO applying index migration 0020 (0020_platform_author.sql)
2026-09-08 20:11:14,387 INFO applying index migration 0021 (0021_suite_engagement.sql)
2026-09-08 20:11:14,388 INFO applying index migration 0022 (0022_podcast_corpus.sql)
2026-09-08 20:11:14,392 INFO applying index migration 0023 (0023_podcast_watch.sql)
2026-09-08 20:11:14,394 INFO applying index migration 0024 (0024_clips.sql)
2026-09-08 20:11:14,396 INFO applying index migration 0025 (0025_source_type_backfill.sql)
2026-09-08 20:11:14,397 INFO applying index migration 0026 (0026_provenance_precedence.sql)
2026-09-08 20:11:14,399 INFO applying index migration 0027 (0027_library_substrate.sql)
2026-09-08 20:11:14,402 INFO applying index migration 0028 (0028_source_subscriptions.sql)
2026-09-08 20:11:14,405 INFO applying index migration 0030 (0030_media_depth.sql)
2026-09-08 20:11:14,441 INFO applying index migration 0001 (0001_initial_schema.sql)
2026-09-08 20:11:14,445 INFO applying index migration 0002 (0002_entity_graph.sql)
2026-09-08 20:11:14,446 INFO applying index migration 0003 (0003_taxonomy_corrections.sql)
2026-09-08 20:11:14,448 INFO applying index migration 0004 (0004_memory_indexes.sql)
2026-09-08 20:11:14,450 INFO applying index migration 0005 (0005_pending_yoinks.sql)
2026-09-08 20:11:14,451 INFO applying index migration 0006 (0006_v2_schema.sql)
2026-09-08 20:11:14,454 INFO applying index migration 0007 (0007_p4_workspaces.sql)
2026-09-08 20:11:14,456 INFO applying index migration 0008 (0008_a2_claims.sql)
2026-09-08 20:11:14,457 INFO applying index migration 0009 (0009_p5_scripts.sql)
2026-09-08 20:11:14,459 INFO applying index migration 0010 (0010_podcast_feeds.sql)
2026-09-08 20:11:14,460 INFO applying index migration 0011 (0011_podcast_audio.sql)
2026-09-08 20:11:14,463 INFO applying index migration 0012 (0012_whisper_transcripts.sql)
2026-09-08 20:11:14,466 INFO applying index migration 0013 (0013_monitored_playlists.sql)
2026-09-08 20:11:14,467 INFO applying index migration 0014 (0014_writing_studio.sql)
2026-09-08 20:11:14,469 INFO applying index migration 0015 (0015_universal_site.sql)
2026-09-08 20:11:14,471 INFO applying index migration 0016 (0016_default_style_anchors.sql)
2026-09-08 20:11:14,472 INFO applying index migration 0017 (0017_pending_long_video_mode.sql)
2026-09-08 20:11:14,474 INFO applying index migration 0018 (0018_writing_drafts.sql)
2026-09-08 20:11:14,476 INFO applying index migration 0019 (0019_auto_uoink.sql)
2026-09-08 20:11:14,478 INFO applying index migration 0020 (0020_platform_author.sql)
2026-09-08 20:11:14,480 INFO applying index migration 0021 (0021_suite_engagement.sql)
2026-09-08 20:11:14,481 INFO applying index migration 0022 (0022_podcast_corpus.sql)
2026-09-08 20:11:14,484 INFO applying index migration 0023 (0023_podcast_watch.sql)
2026-09-08 20:11:14,487 INFO applying index migration 0024 (0024_clips.sql)
2026-09-08 20:11:14,488 INFO applying index migration 0025 (0025_source_type_backfill.sql)
2026-09-08 20:11:14,490 INFO applying index migration 0026 (0026_provenance_precedence.sql)
2026-09-08 20:11:14,492 INFO applying index migration 0027 (0027_library_substrate.sql)
2026-09-08 20:11:14,495 INFO applying index migration 0028 (0028_source_subscriptions.sql)
2026-09-08 20:11:14,497 INFO applying index migration 0030 (0030_media_depth.sql)

[SYNTHETIC MEASUREMENT 548-ITEM]: Construction=1083.51ms, Ser=2.18ms, PeakMem=5330.8KiB, WireBytes=58035
[SYNTHETIC MEASUREMENT 10K-ITEM]: Construction=654.49ms, Ser=0.21ms, PeakMem=78282.0KiB, WireBytes=57968, JournalBytes=2760054
[SYNTHETIC QUERY PLAN Q1]: [(4, 0, 223, 'SCAN yoinks USING INDEX sqlite_autoindex_yoinks_1')]
[SYNTHETIC QUERY PLAN Q3]: [(4, 0, 222, 'SCAN library_applies USING INDEX sqlite_autoindex_library_applies_3')]
[SYNTHETIC MEASUREMENT REPLAY-548]: Construction=76.69ms, Proved=True
[SYNTHETIC MEASUREMENT REFUSAL]: 70MiB=98.84ms, Deadline=0.17ms
[SYNTHETIC MEASUREMENT TRANSPORT-SER]: Time=0.46ms, Bytes=64743
[SYNTHETIC MEASUREMENT 3-MEMBERSHIPS]: Construction=74.26ms, Items=548, Memberships=1644
[SYNTHETIC MEASUREMENT MULTI-OP-JOURNAL]: Construction=13.15ms, Operations=10
[SYNTHETIC MEASUREMENT 100K-OBSERVATIONS]: Construction=1218.38ms, Observations=100000
[az5g2] query plans and replay probe
[az5g2] untraced construction passes
[az5g2] diagnostic tracing heap passes
[az5g2] hand-built and handler-only serialization
2026-09-08 20:11:36,337 INFO Processing request of type CallToolRequest
[az5g2] actual shipped stdio entry
2026-09-08 20:11:36,403 INFO Processing request of type CallToolRequest
2026-09-08 20:11:36,984 INFO Processing request of type CallToolRequest
2026-09-08 20:11:37,042 INFO Processing request of type CallToolRequest
2026-09-08 20:11:37,107 INFO Processing request of type CallToolRequest
2026-09-08 20:11:37,117 INFO Processing request of type CallToolRequest
[az5g2] regenerating measurement document
2026-09-08 20:11:38,269 INFO Processing request of type CallToolRequest
[az5g2] wrote C:\Users\hello\AppData\Local\AgentControlRoom\worktrees\uoink-library\769107e6-1cc\grok\docs\library\proof\az5g2-2026-09-08\observations.json
2026-09-08 20:11:38,318 INFO Processing request of type CallToolRequest
2026-09-08 20:11:38,322 INFO Processing request of type CallToolRequest
[az5g2] 548 raw 58035 shipped 64732
[az5g2] 10k raw 57968 shipped 64601
[az5g2] replay observed True
measure_exit=0
