2026-09-09 10:54:34,501 INFO install migration: skipped_isolated_install
2026-09-09 10:54:34,501 INFO install migration: skipped_isolated_install
2026-09-09 10:54:34,515 INFO applying index migration 0001 (0001_initial_schema.sql)
2026-09-09 10:54:34,518 INFO applying index migration 0002 (0002_entity_graph.sql)
2026-09-09 10:54:34,520 INFO applying index migration 0003 (0003_taxonomy_corrections.sql)
2026-09-09 10:54:34,521 INFO applying index migration 0004 (0004_memory_indexes.sql)
2026-09-09 10:54:34,523 INFO applying index migration 0005 (0005_pending_yoinks.sql)
2026-09-09 10:54:34,524 INFO applying index migration 0006 (0006_v2_schema.sql)
2026-09-09 10:54:34,526 INFO applying index migration 0007 (0007_p4_workspaces.sql)
2026-09-09 10:54:34,527 INFO applying index migration 0008 (0008_a2_claims.sql)
2026-09-09 10:54:34,529 INFO applying index migration 0009 (0009_p5_scripts.sql)
2026-09-09 10:54:34,530 INFO applying index migration 0010 (0010_podcast_feeds.sql)
2026-09-09 10:54:34,531 INFO applying index migration 0011 (0011_podcast_audio.sql)
2026-09-09 10:54:34,534 INFO applying index migration 0012 (0012_whisper_transcripts.sql)
2026-09-09 10:54:34,536 INFO applying index migration 0013 (0013_monitored_playlists.sql)
2026-09-09 10:54:34,538 INFO applying index migration 0014 (0014_writing_studio.sql)
2026-09-09 10:54:34,539 INFO applying index migration 0015 (0015_universal_site.sql)
2026-09-09 10:54:34,541 INFO applying index migration 0016 (0016_default_style_anchors.sql)
2026-09-09 10:54:34,542 INFO applying index migration 0017 (0017_pending_long_video_mode.sql)
2026-09-09 10:54:34,544 INFO applying index migration 0018 (0018_writing_drafts.sql)
2026-09-09 10:54:34,545 INFO applying index migration 0019 (0019_auto_uoink.sql)
2026-09-09 10:54:34,547 INFO applying index migration 0020 (0020_platform_author.sql)
2026-09-09 10:54:34,549 INFO applying index migration 0021 (0021_suite_engagement.sql)
2026-09-09 10:54:34,550 INFO applying index migration 0022 (0022_podcast_corpus.sql)
2026-09-09 10:54:34,553 INFO applying index migration 0023 (0023_podcast_watch.sql)
2026-09-09 10:54:34,555 INFO applying index migration 0024 (0024_clips.sql)
2026-09-09 10:54:34,556 INFO applying index migration 0025 (0025_source_type_backfill.sql)
2026-09-09 10:54:34,558 INFO applying index migration 0026 (0026_provenance_precedence.sql)
2026-09-09 10:54:34,559 INFO applying index migration 0027 (0027_library_substrate.sql)
2026-09-09 10:54:34,562 INFO applying index migration 0028 (0028_source_subscriptions.sql)
2026-09-09 10:54:34,564 INFO applying index migration 0030 (0030_media_depth.sql)
2026-09-09 10:54:34,576 INFO Migrated 0 taxonomy record(s) into the index
2026-09-09 10:54:34,577 INFO seeded 5 default style anchors
2026-09-09 10:54:34,577 INFO default style anchors: seeded 5 on first run
2026-09-09 10:54:34,577 INFO Restored 0 job record(s) from the library index
2026-09-09 10:54:34,580 INFO backfill complete: scanned 0 folder(s), indexed 0 new
2026-09-09 10:54:34,591 INFO phase 2 author backfill: {'total': 0, 'scanned': 0, 'author_from_sidecar': 0, 'channel_corrected': 0, 'stayed_hostname': 0, 'already_ok': 0, 'missing_sidecar': 0}
2026-09-09 10:54:34,611 INFO Uoink server v3.8.0 running on http://127.0.0.1:52509
2026-09-09 10:54:34,611 INFO Ready to uoink. Click any YouTube video's Uoink button.
2026-09-09 10:54:34,611 INFO Output: C:\Users\hello\AppData\Local\AgentControlRoom\worktrees\uoink-library\7a3c3ae2-a8d\grok\_scratch\c22-t\t-h8bdle50\receipt\profiles\child-regfail\output
2026-09-09 10:54:34,611 INFO Log file: C:\Users\hello\AppData\Local\AgentControlRoom\worktrees\uoink-library\7a3c3ae2-a8d\grok\_scratch\c22-t\t-h8bdle50\Uoink Installed\server.log
2026-09-09 10:54:34,628 INFO desktop notification queued: notifications disabled
2026-09-09 10:54:34,919 INFO GET /health from 127.0.0.1 -> ok
2026-09-09 10:55:04,609 ERROR capture backend raised for st_4bf67f6e28c565f0f4c01d7a2a66bceb
Traceback (most recent call last):
  File "C:\Users\hello\AppData\Local\AgentControlRoom\worktrees\uoink-library\7a3c3ae2-a8d\grok\_scratch\c22-t\t-h8bdle50\Uoink Installed\source_subscriptions.py", line 3842, in execute_started
    outcome = self.backend.run(dict(start), dict(item), dict(source))
  File "C:\Users\hello\AppData\Local\AgentControlRoom\worktrees\uoink-library\7a3c3ae2-a8d\grok\_scratch\c22-t\t-h8bdle50\Uoink Installed\server.py", line 8339, in run
    outcome = self._run_podcast(start, item, source)
  File "C:\Users\hello\AppData\Local\AgentControlRoom\worktrees\uoink-library\7a3c3ae2-a8d\grok\_scratch\c22-t\t-h8bdle50\Uoink Installed\server.py", line 8365, in _run_podcast
    downloaded = podcasts.download_episode_audio(
        _get_index(), episode_id, data_root=DATA_ROOT)
  File "C:\Users\hello\AppData\Local\AgentControlRoom\worktrees\uoink-library\7a3c3ae2-a8d\grok\_scratch\c22-t\t-h8bdle50\receipt\injection\sitecustomize.py", line 229, in download
    _drive_original_run_subprocess()
    ~~~~~~~~~~~~~~~~~~~~~~~~~~~~~~^^
  File "C:\Users\hello\AppData\Local\AgentControlRoom\worktrees\uoink-library\7a3c3ae2-a8d\grok\_scratch\c22-t\t-h8bdle50\receipt\injection\sitecustomize.py", line 194, in _drive_original_run_subprocess
    return run(
        [sys.executable, "-B", "-c", "print('c22-capture-child')"],
        timeout=20, check=False,
    )
  File "C:\Users\hello\AppData\Local\AgentControlRoom\worktrees\uoink-library\7a3c3ae2-a8d\grok\_scratch\c22-t\t-h8bdle50\Uoink Installed\server.py", line 3376, in _run_subprocess
    source_subscriptions.record_child_start(
    ~~~~~~~~~~~~~~~~~~~~~~~~~~~~~~~~~~~~~~~^
        DATA_ROOT, capture["start_id"], proc.pid, capture.get("instance"))
        ^^^^^^^^^^^^^^^^^^^^^^^^^^^^^^^^^^^^^^^^^^^^^^^^^^^^^^^^^^^^^^^^^^
  File "C:\Users\hello\AppData\Local\AgentControlRoom\worktrees\uoink-library\7a3c3ae2-a8d\grok\_scratch\c22-t\t-h8bdle50\receipt\injection\sitecustomize.py", line 294, in record_child_start
    raise OSError("C22 declared registration failure")
OSError: C22 declared registration failure
