2026-09-09 10:53:22,509 INFO install migration: skipped_isolated_install
2026-09-09 10:53:22,509 INFO install migration: skipped_isolated_install
2026-09-09 10:53:22,521 INFO applying index migration 0001 (0001_initial_schema.sql)
2026-09-09 10:53:22,524 INFO applying index migration 0002 (0002_entity_graph.sql)
2026-09-09 10:53:22,526 INFO applying index migration 0003 (0003_taxonomy_corrections.sql)
2026-09-09 10:53:22,527 INFO applying index migration 0004 (0004_memory_indexes.sql)
2026-09-09 10:53:22,529 INFO applying index migration 0005 (0005_pending_yoinks.sql)
2026-09-09 10:53:22,530 INFO applying index migration 0006 (0006_v2_schema.sql)
2026-09-09 10:53:22,532 INFO applying index migration 0007 (0007_p4_workspaces.sql)
2026-09-09 10:53:22,533 INFO applying index migration 0008 (0008_a2_claims.sql)
2026-09-09 10:53:22,535 INFO applying index migration 0009 (0009_p5_scripts.sql)
2026-09-09 10:53:22,536 INFO applying index migration 0010 (0010_podcast_feeds.sql)
2026-09-09 10:53:22,538 INFO applying index migration 0011 (0011_podcast_audio.sql)
2026-09-09 10:53:22,540 INFO applying index migration 0012 (0012_whisper_transcripts.sql)
2026-09-09 10:53:22,542 INFO applying index migration 0013 (0013_monitored_playlists.sql)
2026-09-09 10:53:22,543 INFO applying index migration 0014 (0014_writing_studio.sql)
2026-09-09 10:53:22,545 INFO applying index migration 0015 (0015_universal_site.sql)
2026-09-09 10:53:22,546 INFO applying index migration 0016 (0016_default_style_anchors.sql)
2026-09-09 10:53:22,548 INFO applying index migration 0017 (0017_pending_long_video_mode.sql)
2026-09-09 10:53:22,549 INFO applying index migration 0018 (0018_writing_drafts.sql)
2026-09-09 10:53:22,551 INFO applying index migration 0019 (0019_auto_uoink.sql)
2026-09-09 10:53:22,552 INFO applying index migration 0020 (0020_platform_author.sql)
2026-09-09 10:53:22,554 INFO applying index migration 0021 (0021_suite_engagement.sql)
2026-09-09 10:53:22,555 INFO applying index migration 0022 (0022_podcast_corpus.sql)
2026-09-09 10:53:22,558 INFO applying index migration 0023 (0023_podcast_watch.sql)
2026-09-09 10:53:22,560 INFO applying index migration 0024 (0024_clips.sql)
2026-09-09 10:53:22,561 INFO applying index migration 0025 (0025_source_type_backfill.sql)
2026-09-09 10:53:22,563 INFO applying index migration 0026 (0026_provenance_precedence.sql)
2026-09-09 10:53:22,564 INFO applying index migration 0027 (0027_library_substrate.sql)
2026-09-09 10:53:22,567 INFO applying index migration 0028 (0028_source_subscriptions.sql)
2026-09-09 10:53:22,569 INFO applying index migration 0030 (0030_media_depth.sql)
2026-09-09 10:53:22,580 INFO Migrated 0 taxonomy record(s) into the index
2026-09-09 10:53:22,582 INFO seeded 5 default style anchors
2026-09-09 10:53:22,582 INFO default style anchors: seeded 5 on first run
2026-09-09 10:53:22,582 INFO Restored 0 job record(s) from the library index
2026-09-09 10:53:22,585 INFO backfill complete: scanned 0 folder(s), indexed 0 new
2026-09-09 10:53:22,595 INFO phase 2 author backfill: {'total': 0, 'scanned': 0, 'author_from_sidecar': 0, 'channel_corrected': 0, 'stayed_hostname': 0, 'already_ok': 0, 'missing_sidecar': 0}
2026-09-09 10:53:22,618 INFO Uoink server v3.8.0 running on http://127.0.0.1:52509
2026-09-09 10:53:22,618 INFO Ready to uoink. Click any YouTube video's Uoink button.
2026-09-09 10:53:22,618 INFO Output: C:\Users\hello\AppData\Local\AgentControlRoom\worktrees\uoink-library\7a3c3ae2-a8d\grok\_scratch\c22-t\t-h8bdle50\receipt\profiles\child-life\output
2026-09-09 10:53:22,618 INFO Log file: C:\Users\hello\AppData\Local\AgentControlRoom\worktrees\uoink-library\7a3c3ae2-a8d\grok\_scratch\c22-t\t-h8bdle50\Uoink Installed\server.log
2026-09-09 10:53:22,854 INFO desktop notification queued: notifications disabled
2026-09-09 10:53:22,908 INFO GET /health from 127.0.0.1 -> ok
