2026-09-09 10:53:15,957 INFO install migration: skipped_isolated_install
2026-09-09 10:53:15,957 INFO install migration: skipped_isolated_install
2026-09-09 10:53:15,968 INFO applying index migration 0001 (0001_initial_schema.sql)
2026-09-09 10:53:15,971 INFO applying index migration 0002 (0002_entity_graph.sql)
2026-09-09 10:53:15,973 INFO applying index migration 0003 (0003_taxonomy_corrections.sql)
2026-09-09 10:53:15,974 INFO applying index migration 0004 (0004_memory_indexes.sql)
2026-09-09 10:53:15,976 INFO applying index migration 0005 (0005_pending_yoinks.sql)
2026-09-09 10:53:15,977 INFO applying index migration 0006 (0006_v2_schema.sql)
2026-09-09 10:53:15,979 INFO applying index migration 0007 (0007_p4_workspaces.sql)
2026-09-09 10:53:15,980 INFO applying index migration 0008 (0008_a2_claims.sql)
2026-09-09 10:53:15,982 INFO applying index migration 0009 (0009_p5_scripts.sql)
2026-09-09 10:53:15,983 INFO applying index migration 0010 (0010_podcast_feeds.sql)
2026-09-09 10:53:15,984 INFO applying index migration 0011 (0011_podcast_audio.sql)
2026-09-09 10:53:15,986 INFO applying index migration 0012 (0012_whisper_transcripts.sql)
2026-09-09 10:53:15,989 INFO applying index migration 0013 (0013_monitored_playlists.sql)
2026-09-09 10:53:15,990 INFO applying index migration 0014 (0014_writing_studio.sql)
2026-09-09 10:53:15,992 INFO applying index migration 0015 (0015_universal_site.sql)
2026-09-09 10:53:15,993 INFO applying index migration 0016 (0016_default_style_anchors.sql)
2026-09-09 10:53:15,995 INFO applying index migration 0017 (0017_pending_long_video_mode.sql)
2026-09-09 10:53:15,996 INFO applying index migration 0018 (0018_writing_drafts.sql)
2026-09-09 10:53:15,997 INFO applying index migration 0019 (0019_auto_uoink.sql)
2026-09-09 10:53:15,999 INFO applying index migration 0020 (0020_platform_author.sql)
2026-09-09 10:53:16,001 INFO applying index migration 0021 (0021_suite_engagement.sql)
2026-09-09 10:53:16,003 INFO applying index migration 0022 (0022_podcast_corpus.sql)
2026-09-09 10:53:16,005 INFO applying index migration 0023 (0023_podcast_watch.sql)
2026-09-09 10:53:16,007 INFO applying index migration 0024 (0024_clips.sql)
2026-09-09 10:53:16,008 INFO applying index migration 0025 (0025_source_type_backfill.sql)
2026-09-09 10:53:16,010 INFO applying index migration 0026 (0026_provenance_precedence.sql)
2026-09-09 10:53:16,011 INFO applying index migration 0027 (0027_library_substrate.sql)
2026-09-09 10:53:16,014 INFO applying index migration 0028 (0028_source_subscriptions.sql)
2026-09-09 10:53:16,016 INFO applying index migration 0030 (0030_media_depth.sql)
2026-09-09 10:53:16,028 INFO Migrated 0 taxonomy record(s) into the index
2026-09-09 10:53:16,029 INFO seeded 5 default style anchors
2026-09-09 10:53:16,029 INFO default style anchors: seeded 5 on first run
2026-09-09 10:53:16,029 INFO Restored 0 job record(s) from the library index
2026-09-09 10:53:16,033 INFO backfill complete: scanned 0 folder(s), indexed 0 new
2026-09-09 10:53:16,043 INFO phase 2 author backfill: {'total': 0, 'scanned': 0, 'author_from_sidecar': 0, 'channel_corrected': 0, 'stayed_hostname': 0, 'already_ok': 0, 'missing_sidecar': 0}
2026-09-09 10:53:16,064 INFO Uoink server v3.8.0 running on http://127.0.0.1:52509
2026-09-09 10:53:16,064 INFO Ready to uoink. Click any YouTube video's Uoink button.
2026-09-09 10:53:16,064 INFO Output: C:\Users\hello\AppData\Local\AgentControlRoom\worktrees\uoink-library\7a3c3ae2-a8d\grok\_scratch\c22-t\t-h8bdle50\receipt\profiles\relaunch\output
2026-09-09 10:53:16,064 INFO Log file: C:\Users\hello\AppData\Local\AgentControlRoom\worktrees\uoink-library\7a3c3ae2-a8d\grok\_scratch\c22-t\t-h8bdle50\Uoink Installed\server.log
2026-09-09 10:53:16,078 INFO desktop notification queued: notifications disabled
2026-09-09 10:53:16,391 INFO GET /health from 127.0.0.1 -> ok
2026-09-09 10:53:16,468 INFO GET /health from 127.0.0.1 -> ok
