2026-09-09 10:52:40,594 INFO install migration: skipped_isolated_install
2026-09-09 10:52:40,595 INFO install migration: skipped_isolated_install
2026-09-09 10:52:40,605 INFO applying index migration 0001 (0001_initial_schema.sql)
2026-09-09 10:52:40,609 INFO applying index migration 0002 (0002_entity_graph.sql)
2026-09-09 10:52:40,611 INFO applying index migration 0003 (0003_taxonomy_corrections.sql)
2026-09-09 10:52:40,612 INFO applying index migration 0004 (0004_memory_indexes.sql)
2026-09-09 10:52:40,613 INFO applying index migration 0005 (0005_pending_yoinks.sql)
2026-09-09 10:52:40,615 INFO applying index migration 0006 (0006_v2_schema.sql)
2026-09-09 10:52:40,617 INFO applying index migration 0007 (0007_p4_workspaces.sql)
2026-09-09 10:52:40,618 INFO applying index migration 0008 (0008_a2_claims.sql)
2026-09-09 10:52:40,620 INFO applying index migration 0009 (0009_p5_scripts.sql)
2026-09-09 10:52:40,621 INFO applying index migration 0010 (0010_podcast_feeds.sql)
2026-09-09 10:52:40,622 INFO applying index migration 0011 (0011_podcast_audio.sql)
2026-09-09 10:52:40,624 INFO applying index migration 0012 (0012_whisper_transcripts.sql)
2026-09-09 10:52:40,627 INFO applying index migration 0013 (0013_monitored_playlists.sql)
2026-09-09 10:52:40,628 INFO applying index migration 0014 (0014_writing_studio.sql)
2026-09-09 10:52:40,629 INFO applying index migration 0015 (0015_universal_site.sql)
2026-09-09 10:52:40,631 INFO applying index migration 0016 (0016_default_style_anchors.sql)
2026-09-09 10:52:40,633 INFO applying index migration 0017 (0017_pending_long_video_mode.sql)
2026-09-09 10:52:40,634 INFO applying index migration 0018 (0018_writing_drafts.sql)
2026-09-09 10:52:40,635 INFO applying index migration 0019 (0019_auto_uoink.sql)
2026-09-09 10:52:40,637 INFO applying index migration 0020 (0020_platform_author.sql)
2026-09-09 10:52:40,639 INFO applying index migration 0021 (0021_suite_engagement.sql)
2026-09-09 10:52:40,641 INFO applying index migration 0022 (0022_podcast_corpus.sql)
2026-09-09 10:52:40,644 INFO applying index migration 0023 (0023_podcast_watch.sql)
2026-09-09 10:52:40,645 INFO applying index migration 0024 (0024_clips.sql)
2026-09-09 10:52:40,647 INFO applying index migration 0025 (0025_source_type_backfill.sql)
2026-09-09 10:52:40,649 INFO applying index migration 0026 (0026_provenance_precedence.sql)
2026-09-09 10:52:40,650 INFO applying index migration 0027 (0027_library_substrate.sql)
2026-09-09 10:52:40,653 INFO applying index migration 0028 (0028_source_subscriptions.sql)
2026-09-09 10:52:40,655 INFO applying index migration 0030 (0030_media_depth.sql)
2026-09-09 10:52:40,667 INFO Migrated 0 taxonomy record(s) into the index
2026-09-09 10:52:40,668 INFO seeded 5 default style anchors
2026-09-09 10:52:40,668 INFO default style anchors: seeded 5 on first run
2026-09-09 10:52:40,668 INFO Restored 0 job record(s) from the library index
2026-09-09 10:52:40,672 INFO backfill complete: scanned 0 folder(s), indexed 0 new
2026-09-09 10:52:40,682 INFO phase 2 author backfill: {'total': 0, 'scanned': 0, 'author_from_sidecar': 0, 'channel_corrected': 0, 'stayed_hostname': 0, 'already_ok': 0, 'missing_sidecar': 0}
2026-09-09 10:52:40,703 INFO Uoink server v3.8.0 running on http://127.0.0.1:52509
2026-09-09 10:52:40,703 INFO Ready to uoink. Click any YouTube video's Uoink button.
2026-09-09 10:52:40,703 INFO Output: C:\Users\hello\AppData\Local\AgentControlRoom\worktrees\uoink-library\7a3c3ae2-a8d\grok\_scratch\c22-t\t-h8bdle50\receipt\profiles\manual-first\output
2026-09-09 10:52:40,704 INFO Log file: C:\Users\hello\AppData\Local\AgentControlRoom\worktrees\uoink-library\7a3c3ae2-a8d\grok\_scratch\c22-t\t-h8bdle50\Uoink Installed\server.log
2026-09-09 10:52:40,941 INFO desktop notification queued: notifications disabled
2026-09-09 10:52:41,013 INFO GET /health from 127.0.0.1 -> ok
2026-09-09 10:52:41,269 INFO desktop notification queued: notifications disabled
