2026-09-09 11:31:06,315 INFO applying index migration 0001 (0001_initial_schema.sql)
2026-09-09 11:31:06,318 INFO applying index migration 0002 (0002_entity_graph.sql)
2026-09-09 11:31:06,321 INFO applying index migration 0003 (0003_taxonomy_corrections.sql)
2026-09-09 11:31:06,323 INFO applying index migration 0004 (0004_memory_indexes.sql)
2026-09-09 11:31:06,324 INFO applying index migration 0005 (0005_pending_yoinks.sql)
2026-09-09 11:31:06,325 INFO applying index migration 0006 (0006_v2_schema.sql)
2026-09-09 11:31:06,328 INFO applying index migration 0007 (0007_p4_workspaces.sql)
2026-09-09 11:31:06,330 INFO applying index migration 0008 (0008_a2_claims.sql)
2026-09-09 11:31:06,331 INFO applying index migration 0009 (0009_p5_scripts.sql)
2026-09-09 11:31:06,333 INFO applying index migration 0010 (0010_podcast_feeds.sql)
2026-09-09 11:31:06,335 INFO applying index migration 0011 (0011_podcast_audio.sql)
2026-09-09 11:31:06,337 INFO applying index migration 0012 (0012_whisper_transcripts.sql)
2026-09-09 11:31:06,340 INFO applying index migration 0013 (0013_monitored_playlists.sql)
2026-09-09 11:31:06,341 INFO applying index migration 0014 (0014_writing_studio.sql)
2026-09-09 11:31:06,344 INFO applying index migration 0015 (0015_universal_site.sql)
2026-09-09 11:31:06,345 INFO applying index migration 0016 (0016_default_style_anchors.sql)
2026-09-09 11:31:06,347 INFO applying index migration 0017 (0017_pending_long_video_mode.sql)
2026-09-09 11:31:06,348 INFO applying index migration 0018 (0018_writing_drafts.sql)
2026-09-09 11:31:06,351 INFO applying index migration 0019 (0019_auto_uoink.sql)
2026-09-09 11:31:06,353 INFO applying index migration 0020 (0020_platform_author.sql)
2026-09-09 11:31:06,354 INFO applying index migration 0021 (0021_suite_engagement.sql)
2026-09-09 11:31:06,356 INFO applying index migration 0022 (0022_podcast_corpus.sql)
2026-09-09 11:31:06,359 INFO applying index migration 0023 (0023_podcast_watch.sql)
2026-09-09 11:31:06,361 INFO applying index migration 0024 (0024_clips.sql)
2026-09-09 11:31:06,363 INFO applying index migration 0025 (0025_source_type_backfill.sql)
2026-09-09 11:31:06,364 INFO applying index migration 0026 (0026_provenance_precedence.sql)
2026-09-09 11:31:06,367 INFO applying index migration 0027 (0027_library_substrate.sql)
2026-09-09 11:31:06,370 INFO applying index migration 0028 (0028_source_subscriptions.sql)
2026-09-09 11:31:06,372 INFO applying index migration 0030 (0030_media_depth.sql)
{"status": "fixture prepared; client not run", "isolated_profile": "E:\\AI\\projects\\uoink\\checkouts\\Yoink-library\\_scratch\\p4-bundled-01\\profile", "expected_sha256": "3f59b4cc7554eac1ae6463ecddaff8cf43329edbd9c381c1278db0c7fe5e2a73", "product_findings": 0, "installed_credit": false, "apply_enabled": false}
