2026-09-09 13:00:29,119 INFO install migration: skipped_isolated_install
2026-09-09 13:00:29,130 INFO applying index migration 0001 (0001_initial_schema.sql)
2026-09-09 13:00:29,135 INFO applying index migration 0002 (0002_entity_graph.sql)
2026-09-09 13:00:29,136 INFO applying index migration 0003 (0003_taxonomy_corrections.sql)
2026-09-09 13:00:29,138 INFO applying index migration 0004 (0004_memory_indexes.sql)
2026-09-09 13:00:29,140 INFO applying index migration 0005 (0005_pending_yoinks.sql)
2026-09-09 13:00:29,142 INFO applying index migration 0006 (0006_v2_schema.sql)
2026-09-09 13:00:29,144 INFO applying index migration 0007 (0007_p4_workspaces.sql)
2026-09-09 13:00:29,145 INFO applying index migration 0008 (0008_a2_claims.sql)
2026-09-09 13:00:29,147 INFO applying index migration 0009 (0009_p5_scripts.sql)
2026-09-09 13:00:29,149 INFO applying index migration 0010 (0010_podcast_feeds.sql)
2026-09-09 13:00:29,151 INFO applying index migration 0011 (0011_podcast_audio.sql)
2026-09-09 13:00:29,153 INFO applying index migration 0012 (0012_whisper_transcripts.sql)
2026-09-09 13:00:29,155 INFO applying index migration 0013 (0013_monitored_playlists.sql)
2026-09-09 13:00:29,158 INFO applying index migration 0014 (0014_writing_studio.sql)
2026-09-09 13:00:29,159 INFO applying index migration 0015 (0015_universal_site.sql)
2026-09-09 13:00:29,161 INFO applying index migration 0016 (0016_default_style_anchors.sql)
2026-09-09 13:00:29,163 INFO applying index migration 0017 (0017_pending_long_video_mode.sql)
2026-09-09 13:00:29,165 INFO applying index migration 0018 (0018_writing_drafts.sql)
2026-09-09 13:00:29,167 INFO applying index migration 0019 (0019_auto_uoink.sql)
2026-09-09 13:00:29,169 INFO applying index migration 0020 (0020_platform_author.sql)
2026-09-09 13:00:29,170 INFO applying index migration 0021 (0021_suite_engagement.sql)
2026-09-09 13:00:29,173 INFO applying index migration 0022 (0022_podcast_corpus.sql)
2026-09-09 13:00:29,176 INFO applying index migration 0023 (0023_podcast_watch.sql)
2026-09-09 13:00:29,177 INFO applying index migration 0024 (0024_clips.sql)
2026-09-09 13:00:29,179 INFO applying index migration 0025 (0025_source_type_backfill.sql)
2026-09-09 13:00:29,182 INFO applying index migration 0026 (0026_provenance_precedence.sql)
2026-09-09 13:00:29,183 INFO applying index migration 0027 (0027_library_substrate.sql)
2026-09-09 13:00:29,186 INFO applying index migration 0028 (0028_source_subscriptions.sql)
2026-09-09 13:00:29,188 INFO applying index migration 0030 (0030_media_depth.sql)
2026-09-09 13:00:29,200 INFO Migrated 0 taxonomy record(s) into the index
2026-09-09 13:00:29,201 INFO seeded 5 default style anchors
2026-09-09 13:00:29,201 INFO default style anchors: seeded 5 on first run
2026-09-09 13:00:29,201 INFO Restored 0 job record(s) from the library index
2026-09-09 13:00:29,204 INFO backfill complete: scanned 0 folder(s), indexed 0 new
2026-09-09 13:00:29,204 INFO phase 2 author backfill: {'total': 0, 'scanned': 0, 'author_from_sidecar': 0, 'channel_corrected': 0, 'stayed_hostname': 0, 'already_ok': 0, 'missing_sidecar': 0}
2026-09-09 13:00:29,219 WARNING could not record phase 2 backfill completion flag
2026-09-09 13:00:29,476 INFO Uoink server v3.8.0 running on http://127.0.0.1:63099
2026-09-09 13:00:29,476 INFO Ready to uoink. Click any YouTube video's Uoink button.
2026-09-09 13:00:29,476 INFO Output: E:\AI\projects\uoink\checkouts\Yoink-library\_scratch\c22-f\f-zk6ek0_9\receipt\profiles\child-interrupt\output
2026-09-09 13:00:29,476 INFO Log file: E:\AI\projects\uoink\checkouts\Yoink-library\_scratch\c22-f\f-zk6ek0_9\receipt\profiles\child-interrupt\server.log
2026-09-09 13:00:29,478 INFO desktop notification queued: notifications disabled
2026-09-09 13:00:29,584 INFO GET /health from 127.0.0.1 -> ok
2026-09-09 13:00:59,247 ERROR capture backend raised for st_91e384edd5a13fafb592afe9ace7f242
Traceback (most recent call last):
  File "E:\AI\projects\uoink\checkouts\Yoink-library\_scratch\c22-f\f-zk6ek0_9\Uoink Installed\source_subscriptions.py", line 3842, in execute_started
    outcome = self.backend.run(dict(start), dict(item), dict(source))
  File "E:\AI\projects\uoink\checkouts\Yoink-library\_scratch\c22-f\f-zk6ek0_9\Uoink Installed\server.py", line 8365, in run
    outcome = self._run_podcast(start, item, source)
  File "E:\AI\projects\uoink\checkouts\Yoink-library\_scratch\c22-f\f-zk6ek0_9\Uoink Installed\server.py", line 8391, in _run_podcast
    downloaded = podcasts.download_episode_audio(
        _get_index(), episode_id, data_root=DATA_ROOT)
  File "E:\AI\projects\uoink\checkouts\Yoink-library\_scratch\c22-f\f-zk6ek0_9\receipt\injection\sitecustomize.py", line 251, in download
    _drive_original_run_subprocess()
    ~~~~~~~~~~~~~~~~~~~~~~~~~~~~~~^^
  File "E:\AI\projects\uoink\checkouts\Yoink-library\_scratch\c22-f\f-zk6ek0_9\receipt\injection\sitecustomize.py", line 216, in _drive_original_run_subprocess
    return run(
        [sys.executable, "-B", "-c", "print('c22-capture-child')"],
        timeout=20, check=False,
    )
  File "E:\AI\projects\uoink\checkouts\Yoink-library\_scratch\c22-f\f-zk6ek0_9\Uoink Installed\server.py", line 3374, in _run_subprocess
    proc = subprocess.Popen(
        cmd,
    ...<5 lines>...
        **SUBPROCESS_KW,
    )
  File "E:\AI\projects\uoink\checkouts\Yoink-library\_scratch\c22-f\f-zk6ek0_9\receipt\injection\sitecustomize.py", line 295, in wrapped
    raise OSError("C22 declared launch interruption after launch intent")
OSError: C22 declared launch interruption after launch intent
