2026-09-09 12:58:30,417 INFO install migration: skipped_isolated_install
2026-09-09 12:58:30,427 INFO applying index migration 0001 (0001_initial_schema.sql)
2026-09-09 12:58:30,433 INFO applying index migration 0002 (0002_entity_graph.sql)
2026-09-09 12:58:30,435 INFO applying index migration 0003 (0003_taxonomy_corrections.sql)
2026-09-09 12:58:30,437 INFO applying index migration 0004 (0004_memory_indexes.sql)
2026-09-09 12:58:30,438 INFO applying index migration 0005 (0005_pending_yoinks.sql)
2026-09-09 12:58:30,442 INFO applying index migration 0006 (0006_v2_schema.sql)
2026-09-09 12:58:30,444 INFO applying index migration 0007 (0007_p4_workspaces.sql)
2026-09-09 12:58:30,446 INFO applying index migration 0008 (0008_a2_claims.sql)
2026-09-09 12:58:30,448 INFO applying index migration 0009 (0009_p5_scripts.sql)
2026-09-09 12:58:30,451 INFO applying index migration 0010 (0010_podcast_feeds.sql)
2026-09-09 12:58:30,453 INFO applying index migration 0011 (0011_podcast_audio.sql)
2026-09-09 12:58:30,455 INFO applying index migration 0012 (0012_whisper_transcripts.sql)
2026-09-09 12:58:30,458 INFO applying index migration 0013 (0013_monitored_playlists.sql)
2026-09-09 12:58:30,461 INFO applying index migration 0014 (0014_writing_studio.sql)
2026-09-09 12:58:30,463 INFO applying index migration 0015 (0015_universal_site.sql)
2026-09-09 12:58:30,465 INFO applying index migration 0016 (0016_default_style_anchors.sql)
2026-09-09 12:58:30,467 INFO applying index migration 0017 (0017_pending_long_video_mode.sql)
2026-09-09 12:58:30,470 INFO applying index migration 0018 (0018_writing_drafts.sql)
2026-09-09 12:58:30,472 INFO applying index migration 0019 (0019_auto_uoink.sql)
2026-09-09 12:58:30,474 INFO applying index migration 0020 (0020_platform_author.sql)
2026-09-09 12:58:30,477 INFO applying index migration 0021 (0021_suite_engagement.sql)
2026-09-09 12:58:30,480 INFO applying index migration 0022 (0022_podcast_corpus.sql)
2026-09-09 12:58:30,483 INFO applying index migration 0023 (0023_podcast_watch.sql)
2026-09-09 12:58:30,485 INFO applying index migration 0024 (0024_clips.sql)
2026-09-09 12:58:30,487 INFO applying index migration 0025 (0025_source_type_backfill.sql)
2026-09-09 12:58:30,490 INFO applying index migration 0026 (0026_provenance_precedence.sql)
2026-09-09 12:58:30,492 INFO applying index migration 0027 (0027_library_substrate.sql)
2026-09-09 12:58:30,498 INFO applying index migration 0028 (0028_source_subscriptions.sql)
2026-09-09 12:58:30,500 INFO applying index migration 0030 (0030_media_depth.sql)
2026-09-09 12:58:30,512 INFO Migrated 0 taxonomy record(s) into the index
2026-09-09 12:58:30,514 INFO seeded 5 default style anchors
2026-09-09 12:58:30,514 INFO default style anchors: seeded 5 on first run
2026-09-09 12:58:30,514 INFO Restored 0 job record(s) from the library index
2026-09-09 12:58:30,517 INFO backfill complete: scanned 0 folder(s), indexed 0 new
2026-09-09 12:58:30,517 INFO phase 2 author backfill: {'total': 0, 'scanned': 0, 'author_from_sidecar': 0, 'channel_corrected': 0, 'stayed_hostname': 0, 'already_ok': 0, 'missing_sidecar': 0}
2026-09-09 12:58:30,522 INFO Uoink server v3.8.0 running on http://127.0.0.1:63099
2026-09-09 12:58:30,522 INFO Ready to uoink. Click any YouTube video's Uoink button.
2026-09-09 12:58:30,522 INFO Output: E:\AI\projects\uoink\checkouts\Yoink-library\_scratch\c22-f\f-zk6ek0_9\receipt\profiles\empty\output
2026-09-09 12:58:30,522 INFO Log file: E:\AI\projects\uoink\checkouts\Yoink-library\_scratch\c22-f\f-zk6ek0_9\receipt\profiles\empty\server.log
2026-09-09 12:58:30,532 INFO desktop notification queued: notifications disabled
2026-09-09 12:58:30,866 INFO GET /health from 127.0.0.1 -> ok
2026-09-09 12:58:30,928 INFO GET /health from 127.0.0.1 -> ok
