2026-09-09 12:59:09,403 INFO install migration: skipped_isolated_install
2026-09-09 12:59:09,415 INFO applying index migration 0001 (0001_initial_schema.sql)
2026-09-09 12:59:09,420 INFO applying index migration 0002 (0002_entity_graph.sql)
2026-09-09 12:59:09,421 INFO applying index migration 0003 (0003_taxonomy_corrections.sql)
2026-09-09 12:59:09,423 INFO applying index migration 0004 (0004_memory_indexes.sql)
2026-09-09 12:59:09,424 INFO applying index migration 0005 (0005_pending_yoinks.sql)
2026-09-09 12:59:09,427 INFO applying index migration 0006 (0006_v2_schema.sql)
2026-09-09 12:59:09,429 INFO applying index migration 0007 (0007_p4_workspaces.sql)
2026-09-09 12:59:09,430 INFO applying index migration 0008 (0008_a2_claims.sql)
2026-09-09 12:59:09,432 INFO applying index migration 0009 (0009_p5_scripts.sql)
2026-09-09 12:59:09,434 INFO applying index migration 0010 (0010_podcast_feeds.sql)
2026-09-09 12:59:09,436 INFO applying index migration 0011 (0011_podcast_audio.sql)
2026-09-09 12:59:09,438 INFO applying index migration 0012 (0012_whisper_transcripts.sql)
2026-09-09 12:59:09,440 INFO applying index migration 0013 (0013_monitored_playlists.sql)
2026-09-09 12:59:09,443 INFO applying index migration 0014 (0014_writing_studio.sql)
2026-09-09 12:59:09,444 INFO applying index migration 0015 (0015_universal_site.sql)
2026-09-09 12:59:09,446 INFO applying index migration 0016 (0016_default_style_anchors.sql)
2026-09-09 12:59:09,448 INFO applying index migration 0017 (0017_pending_long_video_mode.sql)
2026-09-09 12:59:09,450 INFO applying index migration 0018 (0018_writing_drafts.sql)
2026-09-09 12:59:09,452 INFO applying index migration 0019 (0019_auto_uoink.sql)
2026-09-09 12:59:09,453 INFO applying index migration 0020 (0020_platform_author.sql)
2026-09-09 12:59:09,455 INFO applying index migration 0021 (0021_suite_engagement.sql)
2026-09-09 12:59:09,458 INFO applying index migration 0022 (0022_podcast_corpus.sql)
2026-09-09 12:59:09,461 INFO applying index migration 0023 (0023_podcast_watch.sql)
2026-09-09 12:59:09,463 INFO applying index migration 0024 (0024_clips.sql)
2026-09-09 12:59:09,464 INFO applying index migration 0025 (0025_source_type_backfill.sql)
2026-09-09 12:59:09,467 INFO applying index migration 0026 (0026_provenance_precedence.sql)
2026-09-09 12:59:09,468 INFO applying index migration 0027 (0027_library_substrate.sql)
2026-09-09 12:59:09,471 INFO applying index migration 0028 (0028_source_subscriptions.sql)
2026-09-09 12:59:09,473 INFO applying index migration 0030 (0030_media_depth.sql)
2026-09-09 12:59:09,485 INFO Migrated 0 taxonomy record(s) into the index
2026-09-09 12:59:09,487 INFO seeded 5 default style anchors
2026-09-09 12:59:09,487 INFO default style anchors: seeded 5 on first run
2026-09-09 12:59:09,487 INFO Restored 0 job record(s) from the library index
2026-09-09 12:59:09,490 INFO backfill complete: scanned 0 folder(s), indexed 0 new
2026-09-09 12:59:09,504 INFO phase 2 author backfill: {'total': 0, 'scanned': 0, 'author_from_sidecar': 0, 'channel_corrected': 0, 'stayed_hostname': 0, 'already_ok': 0, 'missing_sidecar': 0}
2026-09-09 12:59:09,764 INFO Uoink server v3.8.0 running on http://127.0.0.1:63099
2026-09-09 12:59:09,765 INFO Ready to uoink. Click any YouTube video's Uoink button.
2026-09-09 12:59:09,765 INFO Output: E:\AI\projects\uoink\checkouts\Yoink-library\_scratch\c22-f\f-zk6ek0_9\receipt\profiles\standing-first\output
2026-09-09 12:59:09,765 INFO Log file: E:\AI\projects\uoink\checkouts\Yoink-library\_scratch\c22-f\f-zk6ek0_9\receipt\profiles\standing-first\server.log
2026-09-09 12:59:09,767 INFO desktop notification queued: notifications disabled
2026-09-09 12:59:09,853 INFO GET /health from 127.0.0.1 -> ok
2026-09-09 12:59:39,595 INFO desktop notification queued: notifications disabled
2026-09-09 12:59:39,600 INFO standing capture st_8f76ff511269c9aa32cd47f1b02b3879 settled: succeeded
2026-09-09 12:59:39,772 INFO desktop notification queued: notifications disabled
