2026-09-09 11:59:04,068 INFO install migration: skipped_isolated_install
2026-09-09 11:59:04,083 INFO applying index migration 0001 (0001_initial_schema.sql)
2026-09-09 11:59:04,087 INFO applying index migration 0002 (0002_entity_graph.sql)
2026-09-09 11:59:04,088 INFO applying index migration 0003 (0003_taxonomy_corrections.sql)
2026-09-09 11:59:04,090 INFO applying index migration 0004 (0004_memory_indexes.sql)
2026-09-09 11:59:04,091 INFO applying index migration 0005 (0005_pending_yoinks.sql)
2026-09-09 11:59:04,093 INFO applying index migration 0006 (0006_v2_schema.sql)
2026-09-09 11:59:04,095 INFO applying index migration 0007 (0007_p4_workspaces.sql)
2026-09-09 11:59:04,096 INFO applying index migration 0008 (0008_a2_claims.sql)
2026-09-09 11:59:04,098 INFO applying index migration 0009 (0009_p5_scripts.sql)
2026-09-09 11:59:04,099 INFO applying index migration 0010 (0010_podcast_feeds.sql)
2026-09-09 11:59:04,101 INFO applying index migration 0011 (0011_podcast_audio.sql)
2026-09-09 11:59:04,102 INFO applying index migration 0012 (0012_whisper_transcripts.sql)
2026-09-09 11:59:04,105 INFO applying index migration 0013 (0013_monitored_playlists.sql)
2026-09-09 11:59:04,106 INFO applying index migration 0014 (0014_writing_studio.sql)
2026-09-09 11:59:04,108 INFO applying index migration 0015 (0015_universal_site.sql)
2026-09-09 11:59:04,109 INFO applying index migration 0016 (0016_default_style_anchors.sql)
2026-09-09 11:59:04,111 INFO applying index migration 0017 (0017_pending_long_video_mode.sql)
2026-09-09 11:59:04,112 INFO applying index migration 0018 (0018_writing_drafts.sql)
2026-09-09 11:59:04,113 INFO applying index migration 0019 (0019_auto_uoink.sql)
2026-09-09 11:59:04,115 INFO applying index migration 0020 (0020_platform_author.sql)
2026-09-09 11:59:04,117 INFO applying index migration 0021 (0021_suite_engagement.sql)
2026-09-09 11:59:04,118 INFO applying index migration 0022 (0022_podcast_corpus.sql)
2026-09-09 11:59:04,121 INFO applying index migration 0023 (0023_podcast_watch.sql)
2026-09-09 11:59:04,123 INFO applying index migration 0024 (0024_clips.sql)
2026-09-09 11:59:04,125 INFO applying index migration 0025 (0025_source_type_backfill.sql)
2026-09-09 11:59:04,126 INFO applying index migration 0026 (0026_provenance_precedence.sql)
2026-09-09 11:59:04,128 INFO applying index migration 0027 (0027_library_substrate.sql)
2026-09-09 11:59:04,130 INFO applying index migration 0028 (0028_source_subscriptions.sql)
2026-09-09 11:59:04,132 INFO applying index migration 0030 (0030_media_depth.sql)
2026-09-09 11:59:04,144 INFO Migrated 0 taxonomy record(s) into the index
2026-09-09 11:59:04,145 INFO seeded 5 default style anchors
2026-09-09 11:59:04,145 INFO default style anchors: seeded 5 on first run
2026-09-09 11:59:04,146 INFO Restored 0 job record(s) from the library index
2026-09-09 11:59:04,149 INFO backfill complete: scanned 0 folder(s), indexed 0 new
2026-09-09 11:59:04,159 INFO phase 2 author backfill: {'total': 0, 'scanned': 0, 'author_from_sidecar': 0, 'channel_corrected': 0, 'stayed_hostname': 0, 'already_ok': 0, 'missing_sidecar': 0}
2026-09-09 11:59:04,419 INFO Uoink server v3.8.0 running on http://127.0.0.1:63503
2026-09-09 11:59:04,419 INFO Ready to uoink. Click any YouTube video's Uoink button.
2026-09-09 11:59:04,419 INFO Output: C:\Users\hello\AppData\Local\AgentControlRoom\worktrees\uoink-library\6a890eee-616\grok\_scratch\c22-f\f-th634w5q\receipt\profiles\standing-first\output
2026-09-09 11:59:04,419 INFO Log file: C:\Users\hello\AppData\Local\AgentControlRoom\worktrees\uoink-library\6a890eee-616\grok\_scratch\c22-f\f-th634w5q\receipt\profiles\standing-first\server.log
2026-09-09 11:59:04,421 INFO desktop notification queued: notifications disabled
2026-09-09 11:59:04,487 INFO GET /health from 127.0.0.1 -> ok
2026-09-09 11:59:34,240 INFO desktop notification queued: notifications disabled
2026-09-09 11:59:34,245 INFO standing capture st_ee404f35a347fd05c782cadf0da3c1d6 settled: succeeded
2026-09-09 11:59:34,511 INFO desktop notification queued: notifications disabled
