2026-09-08 13:08:49,862 INFO applying index migration 0001 (0001_initial_schema.sql)
2026-09-08 13:08:49,871 INFO applying index migration 0002 (0002_entity_graph.sql)
2026-09-08 13:08:49,874 INFO applying index migration 0003 (0003_taxonomy_corrections.sql)
2026-09-08 13:08:49,877 INFO applying index migration 0004 (0004_memory_indexes.sql)
2026-09-08 13:08:49,880 INFO applying index migration 0005 (0005_pending_yoinks.sql)
2026-09-08 13:08:49,884 INFO applying index migration 0006 (0006_v2_schema.sql)
2026-09-08 13:08:49,887 INFO applying index migration 0007 (0007_p4_workspaces.sql)
2026-09-08 13:08:49,892 INFO applying index migration 0008 (0008_a2_claims.sql)
2026-09-08 13:08:49,895 INFO applying index migration 0009 (0009_p5_scripts.sql)
2026-09-08 13:08:49,898 INFO applying index migration 0010 (0010_podcast_feeds.sql)
2026-09-08 13:08:49,900 INFO applying index migration 0011 (0011_podcast_audio.sql)
2026-09-08 13:08:49,902 INFO applying index migration 0012 (0012_whisper_transcripts.sql)
2026-09-08 13:08:49,907 INFO applying index migration 0013 (0013_monitored_playlists.sql)
2026-09-08 13:08:49,911 INFO applying index migration 0014 (0014_writing_studio.sql)
2026-09-08 13:08:49,913 INFO applying index migration 0015 (0015_universal_site.sql)
2026-09-08 13:08:49,917 INFO applying index migration 0016 (0016_default_style_anchors.sql)
2026-09-08 13:08:49,919 INFO applying index migration 0017 (0017_pending_long_video_mode.sql)
2026-09-08 13:08:49,923 INFO applying index migration 0018 (0018_writing_drafts.sql)
2026-09-08 13:08:49,927 INFO applying index migration 0019 (0019_auto_uoink.sql)
2026-09-08 13:08:49,931 INFO applying index migration 0020 (0020_platform_author.sql)
2026-09-08 13:08:49,934 INFO applying index migration 0021 (0021_suite_engagement.sql)
2026-09-08 13:08:49,938 INFO applying index migration 0022 (0022_podcast_corpus.sql)
2026-09-08 13:08:49,942 INFO applying index migration 0023 (0023_podcast_watch.sql)
2026-09-08 13:08:49,945 INFO applying index migration 0024 (0024_clips.sql)
2026-09-08 13:08:49,949 INFO applying index migration 0025 (0025_source_type_backfill.sql)
2026-09-08 13:08:49,953 INFO applying index migration 0026 (0026_provenance_precedence.sql)
2026-09-08 13:08:49,956 INFO applying index migration 0027 (0027_library_substrate.sql)
2026-09-08 13:08:49,959 INFO applying index migration 0028 (0028_source_subscriptions.sql)
2026-09-08 13:08:49,963 INFO applying index migration 0030 (0030_media_depth.sql)
2026-09-08 13:08:50,268 INFO standing capture st_91d5cc08f43603156727f63114af1930 settled: succeeded
