2026-09-09 13:50:18,825 INFO applying index migration 0001 (0001_initial_schema.sql)
2026-09-09 13:50:18,829 INFO applying index migration 0002 (0002_entity_graph.sql)
2026-09-09 13:50:18,831 INFO applying index migration 0003 (0003_taxonomy_corrections.sql)
2026-09-09 13:50:18,833 INFO applying index migration 0004 (0004_memory_indexes.sql)
2026-09-09 13:50:18,835 INFO applying index migration 0005 (0005_pending_yoinks.sql)
2026-09-09 13:50:18,836 INFO applying index migration 0006 (0006_v2_schema.sql)
2026-09-09 13:50:18,839 INFO applying index migration 0007 (0007_p4_workspaces.sql)
2026-09-09 13:50:18,841 INFO applying index migration 0008 (0008_a2_claims.sql)
2026-09-09 13:50:18,842 INFO applying index migration 0009 (0009_p5_scripts.sql)
2026-09-09 13:50:18,843 INFO applying index migration 0010 (0010_podcast_feeds.sql)
2026-09-09 13:50:18,846 INFO applying index migration 0011 (0011_podcast_audio.sql)
2026-09-09 13:50:18,848 INFO applying index migration 0012 (0012_whisper_transcripts.sql)
2026-09-09 13:50:18,850 INFO applying index migration 0013 (0013_monitored_playlists.sql)
2026-09-09 13:50:18,852 INFO applying index migration 0014 (0014_writing_studio.sql)
2026-09-09 13:50:18,854 INFO applying index migration 0015 (0015_universal_site.sql)
2026-09-09 13:50:18,856 INFO applying index migration 0016 (0016_default_style_anchors.sql)
2026-09-09 13:50:18,857 INFO applying index migration 0017 (0017_pending_long_video_mode.sql)
2026-09-09 13:50:18,859 INFO applying index migration 0018 (0018_writing_drafts.sql)
2026-09-09 13:50:18,861 INFO applying index migration 0019 (0019_auto_uoink.sql)
2026-09-09 13:50:18,863 INFO applying index migration 0020 (0020_platform_author.sql)
2026-09-09 13:50:18,865 INFO applying index migration 0021 (0021_suite_engagement.sql)
2026-09-09 13:50:18,866 INFO applying index migration 0022 (0022_podcast_corpus.sql)
2026-09-09 13:50:18,870 INFO applying index migration 0023 (0023_podcast_watch.sql)
2026-09-09 13:50:18,872 INFO applying index migration 0024 (0024_clips.sql)
2026-09-09 13:50:18,874 INFO applying index migration 0025 (0025_source_type_backfill.sql)
2026-09-09 13:50:18,876 INFO applying index migration 0026 (0026_provenance_precedence.sql)
2026-09-09 13:50:18,878 INFO applying index migration 0027 (0027_library_substrate.sql)
2026-09-09 13:50:18,881 INFO applying index migration 0028 (0028_source_subscriptions.sql)
2026-09-09 13:50:18,883 INFO applying index migration 0030 (0030_media_depth.sql)
{"status": "fixture prepared; client not run", "isolated_profile": "E:\\AI\\projects\\uoink\\checkouts\\Yoink-library\\_scratch\\p4-bundled-03\\profile", "expected_sha256": "294b242440c8891cf2fea92acac51750f047741b6ec6c2a913eabfbcdf29f451", "product_findings": 0, "installed_credit": false, "apply_enabled": false}
