2026-09-09 13:03:47,556 INFO install migration: skipped_isolated_install
2026-09-09 13:03:47,568 INFO applying index migration 0001 (0001_initial_schema.sql)
2026-09-09 13:03:47,573 INFO applying index migration 0002 (0002_entity_graph.sql)
2026-09-09 13:03:47,574 INFO applying index migration 0003 (0003_taxonomy_corrections.sql)
2026-09-09 13:03:47,576 INFO applying index migration 0004 (0004_memory_indexes.sql)
2026-09-09 13:03:47,577 INFO applying index migration 0005 (0005_pending_yoinks.sql)
2026-09-09 13:03:47,580 INFO applying index migration 0006 (0006_v2_schema.sql)
2026-09-09 13:03:47,582 INFO applying index migration 0007 (0007_p4_workspaces.sql)
2026-09-09 13:03:47,584 INFO applying index migration 0008 (0008_a2_claims.sql)
2026-09-09 13:03:47,585 INFO applying index migration 0009 (0009_p5_scripts.sql)
2026-09-09 13:03:47,587 INFO applying index migration 0010 (0010_podcast_feeds.sql)
2026-09-09 13:03:47,589 INFO applying index migration 0011 (0011_podcast_audio.sql)
2026-09-09 13:03:47,591 INFO applying index migration 0012 (0012_whisper_transcripts.sql)
2026-09-09 13:03:47,593 INFO applying index migration 0013 (0013_monitored_playlists.sql)
2026-09-09 13:03:47,596 INFO applying index migration 0014 (0014_writing_studio.sql)
2026-09-09 13:03:47,597 INFO applying index migration 0015 (0015_universal_site.sql)
2026-09-09 13:03:47,599 INFO applying index migration 0016 (0016_default_style_anchors.sql)
2026-09-09 13:03:47,601 INFO applying index migration 0017 (0017_pending_long_video_mode.sql)
2026-09-09 13:03:47,603 INFO applying index migration 0018 (0018_writing_drafts.sql)
2026-09-09 13:03:47,605 INFO applying index migration 0019 (0019_auto_uoink.sql)
2026-09-09 13:03:47,606 INFO applying index migration 0020 (0020_platform_author.sql)
2026-09-09 13:03:47,608 INFO applying index migration 0021 (0021_suite_engagement.sql)
2026-09-09 13:03:47,611 INFO applying index migration 0022 (0022_podcast_corpus.sql)
2026-09-09 13:03:47,613 INFO applying index migration 0023 (0023_podcast_watch.sql)
2026-09-09 13:03:47,615 INFO applying index migration 0024 (0024_clips.sql)
2026-09-09 13:03:47,617 INFO applying index migration 0025 (0025_source_type_backfill.sql)
2026-09-09 13:03:47,619 INFO applying index migration 0026 (0026_provenance_precedence.sql)
2026-09-09 13:03:47,621 INFO applying index migration 0027 (0027_library_substrate.sql)
2026-09-09 13:03:47,623 INFO applying index migration 0028 (0028_source_subscriptions.sql)
2026-09-09 13:03:47,626 INFO applying index migration 0030 (0030_media_depth.sql)
2026-09-09 13:03:47,637 INFO Migrated 0 taxonomy record(s) into the index
2026-09-09 13:03:47,638 INFO seeded 5 default style anchors
2026-09-09 13:03:47,638 INFO default style anchors: seeded 5 on first run
2026-09-09 13:03:47,638 INFO Restored 0 job record(s) from the library index
2026-09-09 13:03:47,640 INFO backfill complete: scanned 0 folder(s), indexed 0 new
2026-09-09 13:03:47,648 INFO phase 2 author backfill: {'total': 0, 'scanned': 0, 'author_from_sidecar': 0, 'channel_corrected': 0, 'stayed_hostname': 0, 'already_ok': 0, 'missing_sidecar': 0}
2026-09-09 13:03:47,742 INFO tray: started (daemon thread)
2026-09-09 13:03:47,758 INFO splash: spawned (version 3.8.0)
2026-09-09 13:03:47,758 INFO Uoink server v3.8.0 running on http://127.0.0.1:18331
2026-09-09 13:03:47,758 INFO Ready to uoink. Click any YouTube video's Uoink button.
2026-09-09 13:03:47,758 INFO Output: E:\AI\projects\uoink\checkouts\Yoink-library\_scratch\c22-bundled-01\receipt\profiles\relaunch\output
2026-09-09 13:03:47,758 INFO Log file: E:\AI\projects\uoink\checkouts\Yoink-library\_scratch\c22-bundled-01\receipt\profiles\relaunch\server.log
2026-09-09 13:03:47,758 INFO toast: skipped regular ready toast while first-run splash is visible
2026-09-09 13:03:48,114 INFO GET /health from 127.0.0.1 -> ok
2026-09-09 13:03:48,176 INFO GET /health from 127.0.0.1 -> ok
