2026-09-09 13:02:52,322 INFO install migration: skipped_isolated_install
2026-09-09 13:02:52,333 INFO applying index migration 0001 (0001_initial_schema.sql)
2026-09-09 13:02:52,338 INFO applying index migration 0002 (0002_entity_graph.sql)
2026-09-09 13:02:52,340 INFO applying index migration 0003 (0003_taxonomy_corrections.sql)
2026-09-09 13:02:52,341 INFO applying index migration 0004 (0004_memory_indexes.sql)
2026-09-09 13:02:52,342 INFO applying index migration 0005 (0005_pending_yoinks.sql)
2026-09-09 13:02:52,345 INFO applying index migration 0006 (0006_v2_schema.sql)
2026-09-09 13:02:52,347 INFO applying index migration 0007 (0007_p4_workspaces.sql)
2026-09-09 13:02:52,348 INFO applying index migration 0008 (0008_a2_claims.sql)
2026-09-09 13:02:52,350 INFO applying index migration 0009 (0009_p5_scripts.sql)
2026-09-09 13:02:52,352 INFO applying index migration 0010 (0010_podcast_feeds.sql)
2026-09-09 13:02:52,354 INFO applying index migration 0011 (0011_podcast_audio.sql)
2026-09-09 13:02:52,356 INFO applying index migration 0012 (0012_whisper_transcripts.sql)
2026-09-09 13:02:52,358 INFO applying index migration 0013 (0013_monitored_playlists.sql)
2026-09-09 13:02:52,361 INFO applying index migration 0014 (0014_writing_studio.sql)
2026-09-09 13:02:52,362 INFO applying index migration 0015 (0015_universal_site.sql)
2026-09-09 13:02:52,363 INFO applying index migration 0016 (0016_default_style_anchors.sql)
2026-09-09 13:02:52,365 INFO applying index migration 0017 (0017_pending_long_video_mode.sql)
2026-09-09 13:02:52,368 INFO applying index migration 0018 (0018_writing_drafts.sql)
2026-09-09 13:02:52,369 INFO applying index migration 0019 (0019_auto_uoink.sql)
2026-09-09 13:02:52,371 INFO applying index migration 0020 (0020_platform_author.sql)
2026-09-09 13:02:52,373 INFO applying index migration 0021 (0021_suite_engagement.sql)
2026-09-09 13:02:52,376 INFO applying index migration 0022 (0022_podcast_corpus.sql)
2026-09-09 13:02:52,378 INFO applying index migration 0023 (0023_podcast_watch.sql)
2026-09-09 13:02:52,380 INFO applying index migration 0024 (0024_clips.sql)
2026-09-09 13:02:52,381 INFO applying index migration 0025 (0025_source_type_backfill.sql)
2026-09-09 13:02:52,384 INFO applying index migration 0026 (0026_provenance_precedence.sql)
2026-09-09 13:02:52,386 INFO applying index migration 0027 (0027_library_substrate.sql)
2026-09-09 13:02:52,388 INFO applying index migration 0028 (0028_source_subscriptions.sql)
2026-09-09 13:02:52,390 INFO applying index migration 0030 (0030_media_depth.sql)
2026-09-09 13:02:52,401 INFO Migrated 0 taxonomy record(s) into the index
2026-09-09 13:02:52,403 INFO seeded 5 default style anchors
2026-09-09 13:02:52,403 INFO default style anchors: seeded 5 on first run
2026-09-09 13:02:52,403 INFO Restored 0 job record(s) from the library index
2026-09-09 13:02:52,405 INFO backfill complete: scanned 0 folder(s), indexed 0 new
2026-09-09 13:02:52,411 INFO phase 2 author backfill: {'total': 0, 'scanned': 0, 'author_from_sidecar': 0, 'channel_corrected': 0, 'stayed_hostname': 0, 'already_ok': 0, 'missing_sidecar': 0}
2026-09-09 13:02:52,505 INFO tray: started (daemon thread)
2026-09-09 13:02:52,520 INFO splash: spawned (version 3.8.0)
2026-09-09 13:02:52,521 INFO Uoink server v3.8.0 running on http://127.0.0.1:18331
2026-09-09 13:02:52,521 INFO Ready to uoink. Click any YouTube video's Uoink button.
2026-09-09 13:02:52,521 INFO Output: E:\AI\projects\uoink\checkouts\Yoink-library\_scratch\c22-bundled-01\receipt\profiles\manual-first\output
2026-09-09 13:02:52,521 INFO Log file: E:\AI\projects\uoink\checkouts\Yoink-library\_scratch\c22-bundled-01\receipt\profiles\manual-first\server.log
2026-09-09 13:02:52,521 INFO toast: skipped regular ready toast while first-run splash is visible
2026-09-09 13:02:52,845 INFO GET /health from 127.0.0.1 -> ok
2026-09-09 13:02:53,064 INFO desktop notification queued: notifications disabled
