2026-09-09 13:05:07,801 INFO install migration: skipped_isolated_install
2026-09-09 13:05:07,812 INFO applying index migration 0001 (0001_initial_schema.sql)
2026-09-09 13:05:07,817 INFO applying index migration 0002 (0002_entity_graph.sql)
2026-09-09 13:05:07,819 INFO applying index migration 0003 (0003_taxonomy_corrections.sql)
2026-09-09 13:05:07,820 INFO applying index migration 0004 (0004_memory_indexes.sql)
2026-09-09 13:05:07,822 INFO applying index migration 0005 (0005_pending_yoinks.sql)
2026-09-09 13:05:07,825 INFO applying index migration 0006 (0006_v2_schema.sql)
2026-09-09 13:05:07,827 INFO applying index migration 0007 (0007_p4_workspaces.sql)
2026-09-09 13:05:07,828 INFO applying index migration 0008 (0008_a2_claims.sql)
2026-09-09 13:05:07,830 INFO applying index migration 0009 (0009_p5_scripts.sql)
2026-09-09 13:05:07,832 INFO applying index migration 0010 (0010_podcast_feeds.sql)
2026-09-09 13:05:07,834 INFO applying index migration 0011 (0011_podcast_audio.sql)
2026-09-09 13:05:07,836 INFO applying index migration 0012 (0012_whisper_transcripts.sql)
2026-09-09 13:05:07,839 INFO applying index migration 0013 (0013_monitored_playlists.sql)
2026-09-09 13:05:07,841 INFO applying index migration 0014 (0014_writing_studio.sql)
2026-09-09 13:05:07,842 INFO applying index migration 0015 (0015_universal_site.sql)
2026-09-09 13:05:07,844 INFO applying index migration 0016 (0016_default_style_anchors.sql)
2026-09-09 13:05:07,847 INFO applying index migration 0017 (0017_pending_long_video_mode.sql)
2026-09-09 13:05:07,848 INFO applying index migration 0018 (0018_writing_drafts.sql)
2026-09-09 13:05:07,850 INFO applying index migration 0019 (0019_auto_uoink.sql)
2026-09-09 13:05:07,852 INFO applying index migration 0020 (0020_platform_author.sql)
2026-09-09 13:05:07,855 INFO applying index migration 0021 (0021_suite_engagement.sql)
2026-09-09 13:05:07,856 INFO applying index migration 0022 (0022_podcast_corpus.sql)
2026-09-09 13:05:07,859 INFO applying index migration 0023 (0023_podcast_watch.sql)
2026-09-09 13:05:07,861 INFO applying index migration 0024 (0024_clips.sql)
2026-09-09 13:05:07,863 INFO applying index migration 0025 (0025_source_type_backfill.sql)
2026-09-09 13:05:07,865 INFO applying index migration 0026 (0026_provenance_precedence.sql)
2026-09-09 13:05:07,867 INFO applying index migration 0027 (0027_library_substrate.sql)
2026-09-09 13:05:07,869 INFO applying index migration 0028 (0028_source_subscriptions.sql)
2026-09-09 13:05:07,872 INFO applying index migration 0030 (0030_media_depth.sql)
2026-09-09 13:05:07,882 INFO Migrated 0 taxonomy record(s) into the index
2026-09-09 13:05:07,883 INFO seeded 5 default style anchors
2026-09-09 13:05:07,883 INFO default style anchors: seeded 5 on first run
2026-09-09 13:05:07,884 INFO Restored 0 job record(s) from the library index
2026-09-09 13:05:07,886 INFO backfill complete: scanned 0 folder(s), indexed 0 new
2026-09-09 13:05:07,893 INFO phase 2 author backfill: {'total': 0, 'scanned': 0, 'author_from_sidecar': 0, 'channel_corrected': 0, 'stayed_hostname': 0, 'already_ok': 0, 'missing_sidecar': 0}
2026-09-09 13:05:07,986 INFO tray: started (daemon thread)
2026-09-09 13:05:08,001 INFO splash: spawned (version 3.8.0)
2026-09-09 13:05:08,002 INFO Uoink server v3.8.0 running on http://127.0.0.1:18331
2026-09-09 13:05:08,002 INFO Ready to uoink. Click any YouTube video's Uoink button.
2026-09-09 13:05:08,002 INFO Output: E:\AI\projects\uoink\checkouts\Yoink-library\_scratch\c22-bundled-01\receipt\profiles\child-regfail\output
2026-09-09 13:05:08,002 INFO Log file: E:\AI\projects\uoink\checkouts\Yoink-library\_scratch\c22-bundled-01\receipt\profiles\child-regfail\server.log
2026-09-09 13:05:08,002 INFO toast: skipped regular ready toast while first-run splash is visible
2026-09-09 13:05:08,339 INFO GET /health from 127.0.0.1 -> ok
2026-09-09 13:05:37,910 ERROR capture backend raised for st_fb6144ab22669d502f2c2ef637b8fc3e
Traceback (most recent call last):
  File "E:\AI\projects\uoink\checkouts\Yoink-library\installer\staging\source_subscriptions.py", line 3842, in execute_started
    outcome = self.backend.run(dict(start), dict(item), dict(source))
              ^^^^^^^^^^^^^^^^^^^^^^^^^^^^^^^^^^^^^^^^^^^^^^^^^^^^^^^
  File "E:\AI\projects\uoink\checkouts\Yoink-library\installer\staging\server.py", line 8365, in run
    outcome = self._run_podcast(start, item, source)
              ^^^^^^^^^^^^^^^^^^^^^^^^^^^^^^^^^^^^^^
  File "E:\AI\projects\uoink\checkouts\Yoink-library\installer\staging\server.py", line 8391, in _run_podcast
    downloaded = podcasts.download_episode_audio(
                 ^^^^^^^^^^^^^^^^^^^^^^^^^^^^^^^^
  File "E:\AI\projects\uoink\checkouts\Yoink-library\installer\staging\python\Lib\site-packages\sitecustomize.py", line 251, in download
    _drive_original_run_subprocess()
  File "E:\AI\projects\uoink\checkouts\Yoink-library\installer\staging\python\Lib\site-packages\sitecustomize.py", line 216, in _drive_original_run_subprocess
    return run(
           ^^^^
  File "E:\AI\projects\uoink\checkouts\Yoink-library\installer\staging\server.py", line 3402, in _run_subprocess
    source_subscriptions.record_child_start(
  File "E:\AI\projects\uoink\checkouts\Yoink-library\installer\staging\python\Lib\site-packages\sitecustomize.py", line 316, in record_child_start
    raise OSError("C22 declared registration failure")
OSError: C22 declared registration failure
