2026-09-09 13:02:49,935 INFO install migration: skipped_isolated_install
2026-09-09 13:02:49,946 INFO applying index migration 0001 (0001_initial_schema.sql)
2026-09-09 13:02:49,951 INFO applying index migration 0002 (0002_entity_graph.sql)
2026-09-09 13:02:49,952 INFO applying index migration 0003 (0003_taxonomy_corrections.sql)
2026-09-09 13:02:49,954 INFO applying index migration 0004 (0004_memory_indexes.sql)
2026-09-09 13:02:49,955 INFO applying index migration 0005 (0005_pending_yoinks.sql)
2026-09-09 13:02:49,958 INFO applying index migration 0006 (0006_v2_schema.sql)
2026-09-09 13:02:49,960 INFO applying index migration 0007 (0007_p4_workspaces.sql)
2026-09-09 13:02:49,961 INFO applying index migration 0008 (0008_a2_claims.sql)
2026-09-09 13:02:49,963 INFO applying index migration 0009 (0009_p5_scripts.sql)
2026-09-09 13:02:49,965 INFO applying index migration 0010 (0010_podcast_feeds.sql)
2026-09-09 13:02:49,967 INFO applying index migration 0011 (0011_podcast_audio.sql)
2026-09-09 13:02:49,969 INFO applying index migration 0012 (0012_whisper_transcripts.sql)
2026-09-09 13:02:49,971 INFO applying index migration 0013 (0013_monitored_playlists.sql)
2026-09-09 13:02:49,973 INFO applying index migration 0014 (0014_writing_studio.sql)
2026-09-09 13:02:49,975 INFO applying index migration 0015 (0015_universal_site.sql)
2026-09-09 13:02:49,976 INFO applying index migration 0016 (0016_default_style_anchors.sql)
2026-09-09 13:02:49,978 INFO applying index migration 0017 (0017_pending_long_video_mode.sql)
2026-09-09 13:02:49,981 INFO applying index migration 0018 (0018_writing_drafts.sql)
2026-09-09 13:02:49,983 INFO applying index migration 0019 (0019_auto_uoink.sql)
2026-09-09 13:02:49,984 INFO applying index migration 0020 (0020_platform_author.sql)
2026-09-09 13:02:49,987 INFO applying index migration 0021 (0021_suite_engagement.sql)
2026-09-09 13:02:49,989 INFO applying index migration 0022 (0022_podcast_corpus.sql)
2026-09-09 13:02:49,992 INFO applying index migration 0023 (0023_podcast_watch.sql)
2026-09-09 13:02:49,994 INFO applying index migration 0024 (0024_clips.sql)
2026-09-09 13:02:49,995 INFO applying index migration 0025 (0025_source_type_backfill.sql)
2026-09-09 13:02:49,998 INFO applying index migration 0026 (0026_provenance_precedence.sql)
2026-09-09 13:02:50,000 INFO applying index migration 0027 (0027_library_substrate.sql)
2026-09-09 13:02:50,002 INFO applying index migration 0028 (0028_source_subscriptions.sql)
2026-09-09 13:02:50,004 INFO applying index migration 0030 (0030_media_depth.sql)
2026-09-09 13:02:50,015 INFO Migrated 0 taxonomy record(s) into the index
2026-09-09 13:02:50,017 INFO seeded 5 default style anchors
2026-09-09 13:02:50,017 INFO default style anchors: seeded 5 on first run
2026-09-09 13:02:50,017 INFO Restored 0 job record(s) from the library index
2026-09-09 13:02:50,019 INFO backfill complete: scanned 0 folder(s), indexed 0 new
2026-09-09 13:02:50,025 INFO phase 2 author backfill: {'total': 0, 'scanned': 0, 'author_from_sidecar': 0, 'channel_corrected': 0, 'stayed_hostname': 0, 'already_ok': 0, 'missing_sidecar': 0}
2026-09-09 13:02:50,028 ERROR source watch tick could not select due polls
Traceback (most recent call last):
  File "E:\AI\projects\uoink\checkouts\Yoink-library\installer\staging\server.py", line 8954, in _podcast_feed_scheduler_tick
    due = _standing_due_polls()
          ^^^^^^^^^^^^^^^^^^^^^
  File "E:\AI\projects\uoink\checkouts\Yoink-library\installer\staging\server.py", line 8774, in _standing_due_polls
    for source_id in service.due_poll_ids(limit=source_subscriptions.STANDING_POLLS_PER_TICK)]
                     ^^^^^^^^^^^^^^^^^^^^^^^^^^^^^^^^^^^^^^^^^^^^^^^^^^^^^^^^^^^^^^^^^^^^^^^^
  File "E:\AI\projects\uoink\checkouts\Yoink-library\installer\staging\source_subscriptions.py", line 3043, in due_poll_ids
    with self.store.read() as conn:
  File "contextlib.py", line 144, in __exit__
  File "E:\AI\projects\uoink\checkouts\Yoink-library\installer\staging\source_subscriptions.py", line 2018, in read
    self.conn.execute("COMMIT")
sqlite3.OperationalError: cannot commit - no transaction is active
2026-09-09 13:02:50,121 INFO tray: started (daemon thread)
2026-09-09 13:02:50,136 INFO splash: spawned (version 3.8.0)
2026-09-09 13:02:50,136 INFO Uoink server v3.8.0 running on http://127.0.0.1:18331
2026-09-09 13:02:50,136 INFO Ready to uoink. Click any YouTube video's Uoink button.
2026-09-09 13:02:50,136 INFO Output: E:\AI\projects\uoink\checkouts\Yoink-library\_scratch\c22-bundled-01\receipt\profiles\one-off\output
2026-09-09 13:02:50,136 INFO Log file: E:\AI\projects\uoink\checkouts\Yoink-library\_scratch\c22-bundled-01\receipt\profiles\one-off\server.log
2026-09-09 13:02:50,136 INFO toast: skipped regular ready toast while first-run splash is visible
2026-09-09 13:02:50,477 INFO GET /health from 127.0.0.1 -> ok
2026-09-09 13:02:50,495 INFO POST /extract -> 400 (URL must be a YouTube, X, TikTok, or Instagram Reel video link)
2026-09-09 13:02:50,693 INFO desktop notification queued: notifications disabled
