E:/AI/projects/uoink/checkouts/Yoink-library/_scratch/graph13-integration01/worker.patch:96: trailing whitespace.
{
E:/AI/projects/uoink/checkouts/Yoink-library/_scratch/graph13-integration01/worker.patch:97: trailing whitespace.
  "fetch_primary_metadata.py": "598c58d1f6a0631a2be7c4c4b31c117c29ef371e121a86b23bb65942d49a6c31",
E:/AI/projects/uoink/checkouts/Yoink-library/_scratch/graph13-integration01/worker.patch:98: trailing whitespace.
  "metadata/aiohappyeyeballs-2.7.1-py3-none-any.whl.metadata": "e68d1bf48aec9dcc2767343dedec25e12860085cba180e10bc3d3bdd031602ba",
E:/AI/projects/uoink/checkouts/Yoink-library/_scratch/graph13-integration01/worker.patch:99: trailing whitespace.
  "metadata/aiohttp-3.14.3-cp313-cp313-win_amd64.whl.metadata": "e4d89e3c83a95cb74c235e2a80ea83ef75cdadf3d3a2fbf5ab8cf8eec3309ba9",
E:/AI/projects/uoink/checkouts/Yoink-library/_scratch/graph13-integration01/worker.patch:100: trailing whitespace.
  "metadata/aiosignal-1.4.0-py3-none-any.whl.metadata": "09247ef1da8bc696728d47130e702e4307f6f7d101d6c485bff9f3a71ce7008d",
Falling back to direct application...
Falling back to direct application...
Falling back to direct application...
Falling back to direct application...
Falling back to direct application...
Falling back to direct application...
Falling back to direct application...
Falling back to direct application...
Falling back to direct application...
Falling back to direct application...
Falling back to direct application...
Falling back to direct application...
Falling back to direct application...
Falling back to direct application...
Falling back to direct application...
Falling back to direct application...
Falling back to direct application...
Falling back to direct application...
Falling back to direct application...
Falling back to direct application...
Falling back to direct application...
Falling back to direct application...
Falling back to direct application...
Falling back to direct application...
Falling back to direct application...
Falling back to direct application...
Falling back to direct application...
Falling back to direct application...
Falling back to direct application...
Falling back to direct application...
Falling back to direct application...
Falling back to direct application...
Falling back to direct application...
Falling back to direct application...
Falling back to direct application...
Falling back to direct application...
Falling back to direct application...
Falling back to direct application...
Falling back to direct application...
Falling back to direct application...
Falling back to direct application...
Falling back to direct application...
Falling back to direct application...
Falling back to direct application...
Falling back to direct application...
Falling back to direct application...
Falling back to direct application...
Falling back to direct application...
Falling back to direct application...
Falling back to direct application...
Falling back to direct application...
Falling back to direct application...
Falling back to direct application...
Falling back to direct application...
Falling back to direct application...
Falling back to direct application...
Falling back to direct application...
Falling back to direct application...
Falling back to direct application...
Falling back to direct application...
Falling back to direct application...
Falling back to direct application...
Falling back to direct application...
Falling back to direct application...
Falling back to direct application...
Falling back to direct application...
Falling back to direct application...
Falling back to direct application...
Falling back to direct application...
Falling back to direct application...
Falling back to direct application...
Falling back to direct application...
Falling back to direct application...
Falling back to direct application...
Falling back to direct application...
Falling back to direct application...
Falling back to direct application...
Falling back to direct application...
Falling back to direct application...
Falling back to direct application...
Falling back to direct application...
Falling back to direct application...
Falling back to direct application...
Falling back to direct application...
Falling back to direct application...
Falling back to direct application...
Falling back to direct application...
Falling back to direct application...
Falling back to direct application...
Falling back to direct application...
Falling back to direct application...
Falling back to direct application...
Falling back to direct application...
Falling back to direct application...
Falling back to direct application...
Falling back to direct application...
Falling back to direct application...
Falling back to direct application...
Falling back to direct application...
Falling back to direct application...
Falling back to direct application...
Falling back to direct application...
Falling back to direct application...
Falling back to direct application...
Falling back to direct application...
Falling back to direct application...
Falling back to direct application...
Falling back to direct application...
Falling back to direct application...
Falling back to direct application...
Falling back to direct application...
Falling back to direct application...
Falling back to direct application...
Falling back to direct application...
Falling back to direct application...
Falling back to direct application...
Falling back to direct application...
Falling back to direct application...
Falling back to direct application...
Falling back to direct application...
Falling back to direct application...
Falling back to direct application...
Falling back to direct application...
Falling back to direct application...
Falling back to direct application...
Falling back to direct application...
Falling back to direct application...
Falling back to direct application...
Falling back to direct application...
Falling back to direct application...
Falling back to direct application...
Falling back to direct application...
Falling back to direct application...
Falling back to direct application...
Falling back to direct application...
Falling back to direct application...
Falling back to direct application...
Falling back to direct application...
Falling back to direct application...
Falling back to direct application...
Falling back to direct application...
Falling back to direct application...
Falling back to direct application...
Falling back to direct application...
Falling back to direct application...
Falling back to direct application...
Falling back to direct application...
Falling back to direct application...
Falling back to direct application...
Falling back to direct application...
Falling back to direct application...
Falling back to direct application...
Falling back to direct application...
Falling back to direct application...
Falling back to direct application...
Falling back to direct application...
Falling back to direct application...
Falling back to direct application...
Falling back to direct application...
Falling back to direct application...
Falling back to direct application...
Falling back to direct application...
Falling back to direct application...
Falling back to direct application...
Falling back to direct application...
Falling back to direct application...
Falling back to direct application...
Falling back to direct application...
Falling back to direct application...
Falling back to direct application...
Falling back to direct application...
Falling back to direct application...
Falling back to direct application...
Falling back to direct application...
Falling back to direct application...
Falling back to direct application...
Falling back to direct application...
Falling back to direct application...
Falling back to direct application...
Falling back to direct application...
Falling back to direct application...
Falling back to direct application...
Falling back to direct application...
Falling back to direct application...
Falling back to direct application...
Falling back to direct application...
Falling back to direct application...
Falling back to direct application...
Falling back to direct application...
Falling back to direct application...
Falling back to direct application...
Falling back to direct application...
Falling back to direct application...
Falling back to direct application...
Falling back to direct application...
Falling back to direct application...
Falling back to direct application...
Falling back to direct application...
Falling back to direct application...
Falling back to direct application...
Falling back to direct application...
Falling back to direct application...
Falling back to direct application...
Falling back to direct application...
Falling back to direct application...
Falling back to direct application...
Falling back to direct application...
Falling back to direct application...
Falling back to direct application...
Falling back to direct application...
Falling back to direct application...
Falling back to direct application...
Falling back to direct application...
Falling back to direct application...
Falling back to direct application...
Falling back to direct application...
Falling back to direct application...
Falling back to direct application...
Falling back to direct application...
Falling back to direct application...
Falling back to direct application...
Falling back to direct application...
Falling back to direct application...
Falling back to direct application...
Falling back to direct application...
Falling back to direct application...
Falling back to direct application...
Falling back to direct application...
Falling back to direct application...
Falling back to direct application...
Falling back to direct application...
Falling back to direct application...
Falling back to direct application...
Falling back to direct application...
Falling back to direct application...
Falling back to direct application...
Falling back to direct application...
Falling back to direct application...
Falling back to direct application...
Falling back to direct application...
Falling back to direct application...
Falling back to direct application...
Falling back to direct application...
Falling back to direct application...
Falling back to direct application...
Falling back to direct application...
Falling back to direct application...
Falling back to direct application...
Falling back to direct application...
Falling back to direct application...
Falling back to direct application...
Falling back to direct application...
Falling back to direct application...
Falling back to direct application...
Falling back to direct application...
Falling back to direct application...
Falling back to direct application...
Falling back to direct application...
Falling back to direct application...
Falling back to direct application...
Falling back to direct application...
Falling back to direct application...
Falling back to direct application...
Falling back to direct application...
Falling back to direct application...
Falling back to direct application...
Falling back to direct application...
Falling back to direct application...
Falling back to direct application...
Falling back to direct application...
Falling back to direct application...
Falling back to direct application...
Falling back to direct application...
Falling back to direct application...
Falling back to direct application...
Falling back to direct application...
Falling back to direct application...
Falling back to direct application...
Falling back to direct application...
Falling back to direct application...
Falling back to direct application...
Falling back to direct application...
Falling back to direct application...
Falling back to direct application...
Falling back to direct application...
Falling back to direct application...
Falling back to direct application...
Falling back to direct application...
Falling back to direct application...
Falling back to direct application...
Falling back to direct application...
Falling back to direct application...
Falling back to direct application...
Falling back to direct application...
Falling back to direct application...
Falling back to direct application...
Falling back to direct application...
Falling back to direct application...
Falling back to direct application...
Falling back to direct application...
Falling back to direct application...
Falling back to direct application...
Falling back to direct application...
Falling back to direct application...
Falling back to direct application...
Falling back to direct application...
Falling back to direct application...
Falling back to direct application...
Falling back to direct application...
Falling back to direct application...
Falling back to direct application...
Falling back to direct application...
Falling back to direct application...
Falling back to direct application...
Falling back to direct application...
Falling back to direct application...
Falling back to direct application...
Falling back to direct application...
Falling back to direct application...
Falling back to direct application...
Falling back to direct application...
Falling back to direct application...
Falling back to direct application...
warning: squelched 33929 whitespace errors
warning: 33934 lines add whitespace errors.
