2026-09-09 12:44:52,905 INFO install migration: skipped_isolated_install
2026-09-09 12:44:52,915 INFO applying index migration 0001 (0001_initial_schema.sql)
2026-09-09 12:44:52,919 INFO applying index migration 0002 (0002_entity_graph.sql)
2026-09-09 12:44:52,920 INFO applying index migration 0003 (0003_taxonomy_corrections.sql)
2026-09-09 12:44:52,922 INFO applying index migration 0004 (0004_memory_indexes.sql)
2026-09-09 12:44:52,923 INFO applying index migration 0005 (0005_pending_yoinks.sql)
2026-09-09 12:44:52,924 INFO applying index migration 0006 (0006_v2_schema.sql)
2026-09-09 12:44:52,927 INFO applying index migration 0007 (0007_p4_workspaces.sql)
2026-09-09 12:44:52,928 INFO applying index migration 0008 (0008_a2_claims.sql)
2026-09-09 12:44:52,929 INFO applying index migration 0009 (0009_p5_scripts.sql)
2026-09-09 12:44:52,931 INFO applying index migration 0010 (0010_podcast_feeds.sql)
2026-09-09 12:44:52,932 INFO applying index migration 0011 (0011_podcast_audio.sql)
2026-09-09 12:44:52,934 INFO applying index migration 0012 (0012_whisper_transcripts.sql)
2026-09-09 12:44:52,936 INFO applying index migration 0013 (0013_monitored_playlists.sql)
2026-09-09 12:44:52,938 INFO applying index migration 0014 (0014_writing_studio.sql)
2026-09-09 12:44:52,940 INFO applying index migration 0015 (0015_universal_site.sql)
2026-09-09 12:44:52,941 INFO applying index migration 0016 (0016_default_style_anchors.sql)
2026-09-09 12:44:52,943 INFO applying index migration 0017 (0017_pending_long_video_mode.sql)
2026-09-09 12:44:52,944 INFO applying index migration 0018 (0018_writing_drafts.sql)
2026-09-09 12:44:52,945 INFO applying index migration 0019 (0019_auto_uoink.sql)
2026-09-09 12:44:52,947 INFO applying index migration 0020 (0020_platform_author.sql)
2026-09-09 12:44:52,949 INFO applying index migration 0021 (0021_suite_engagement.sql)
2026-09-09 12:44:52,950 INFO applying index migration 0022 (0022_podcast_corpus.sql)
2026-09-09 12:44:52,953 INFO applying index migration 0023 (0023_podcast_watch.sql)
2026-09-09 12:44:52,954 INFO applying index migration 0024 (0024_clips.sql)
2026-09-09 12:44:52,956 INFO applying index migration 0025 (0025_source_type_backfill.sql)
2026-09-09 12:44:52,957 INFO applying index migration 0026 (0026_provenance_precedence.sql)
2026-09-09 12:44:52,959 INFO applying index migration 0027 (0027_library_substrate.sql)
2026-09-09 12:44:52,961 INFO applying index migration 0028 (0028_source_subscriptions.sql)
2026-09-09 12:44:52,964 INFO applying index migration 0030 (0030_media_depth.sql)
2026-09-09 12:44:52,975 INFO Migrated 0 taxonomy record(s) into the index
2026-09-09 12:44:52,976 INFO seeded 5 default style anchors
2026-09-09 12:44:52,976 INFO default style anchors: seeded 5 on first run
2026-09-09 12:44:52,977 INFO Restored 0 job record(s) from the library index
2026-09-09 12:44:52,980 INFO backfill complete: scanned 0 folder(s), indexed 0 new
2026-09-09 12:44:52,990 INFO phase 2 author backfill: {'total': 0, 'scanned': 0, 'author_from_sidecar': 0, 'channel_corrected': 0, 'stayed_hostname': 0, 'already_ok': 0, 'missing_sidecar': 0}
2026-09-09 12:44:52,991 ERROR standing capture pass crashed
Traceback (most recent call last):
  File "C:\Users\hello\AppData\Local\AgentControlRoom\worktrees\uoink-library\6a890eee-616\grok\_scratch\c22-f\f-2thkjng6\Uoink Installed\server.py", line 8982, in _podcast_feed_scheduler_tick
    _standing_capture_pass()
    ~~~~~~~~~~~~~~~~~~~~~~^^
  File "C:\Users\hello\AppData\Local\AgentControlRoom\worktrees\uoink-library\6a890eee-616\grok\_scratch\c22-f\f-2thkjng6\Uoink Installed\server.py", line 8796, in _standing_capture_pass
    outcomes = _source_service().capture_pass(limit=1)
  File "C:\Users\hello\AppData\Local\AgentControlRoom\worktrees\uoink-library\6a890eee-616\grok\_scratch\c22-f\f-2thkjng6\Uoink Installed\source_subscriptions.py", line 3397, in capture_pass
    with self.store.read() as conn:
         ~~~~~~~~~~~~~~~^^
  File "C:\Python314\Lib\contextlib.py", line 141, in __enter__
    return next(self.gen)
  File "C:\Users\hello\AppData\Local\AgentControlRoom\worktrees\uoink-library\6a890eee-616\grok\_scratch\c22-f\f-2thkjng6\Uoink Installed\source_subscriptions.py", line 2013, in read
    self.conn.execute("BEGIN")
    ~~~~~~~~~~~~~~~~~^^^^^^^^^
sqlite3.OperationalError: cannot start a transaction within a transaction
2026-09-09 12:44:53,259 INFO Uoink server v3.8.0 running on http://127.0.0.1:62508
2026-09-09 12:44:53,260 INFO Ready to uoink. Click any YouTube video's Uoink button.
2026-09-09 12:44:53,260 INFO Output: C:\Users\hello\AppData\Local\AgentControlRoom\worktrees\uoink-library\6a890eee-616\grok\_scratch\c22-f\f-2thkjng6\receipt\profiles\child-regfail\output
2026-09-09 12:44:53,260 INFO Log file: C:\Users\hello\AppData\Local\AgentControlRoom\worktrees\uoink-library\6a890eee-616\grok\_scratch\c22-f\f-2thkjng6\receipt\profiles\child-regfail\server.log
2026-09-09 12:44:53,262 INFO desktop notification queued: notifications disabled
2026-09-09 12:44:53,339 INFO GET /health from 127.0.0.1 -> ok
2026-09-09 12:45:23,033 ERROR capture backend raised for st_f0deededb188c5c7e9175e8c3f6e2035
Traceback (most recent call last):
  File "C:\Users\hello\AppData\Local\AgentControlRoom\worktrees\uoink-library\6a890eee-616\grok\_scratch\c22-f\f-2thkjng6\Uoink Installed\source_subscriptions.py", line 3842, in execute_started
    outcome = self.backend.run(dict(start), dict(item), dict(source))
  File "C:\Users\hello\AppData\Local\AgentControlRoom\worktrees\uoink-library\6a890eee-616\grok\_scratch\c22-f\f-2thkjng6\Uoink Installed\server.py", line 8365, in run
    outcome = self._run_podcast(start, item, source)
  File "C:\Users\hello\AppData\Local\AgentControlRoom\worktrees\uoink-library\6a890eee-616\grok\_scratch\c22-f\f-2thkjng6\Uoink Installed\server.py", line 8391, in _run_podcast
    downloaded = podcasts.download_episode_audio(
        _get_index(), episode_id, data_root=DATA_ROOT)
  File "C:\Users\hello\AppData\Local\AgentControlRoom\worktrees\uoink-library\6a890eee-616\grok\_scratch\c22-f\f-2thkjng6\receipt\injection\sitecustomize.py", line 251, in download
    _drive_original_run_subprocess()
    ~~~~~~~~~~~~~~~~~~~~~~~~~~~~~~^^
  File "C:\Users\hello\AppData\Local\AgentControlRoom\worktrees\uoink-library\6a890eee-616\grok\_scratch\c22-f\f-2thkjng6\receipt\injection\sitecustomize.py", line 216, in _drive_original_run_subprocess
    return run(
        [sys.executable, "-B", "-c", "print('c22-capture-child')"],
        timeout=20, check=False,
    )
  File "C:\Users\hello\AppData\Local\AgentControlRoom\worktrees\uoink-library\6a890eee-616\grok\_scratch\c22-f\f-2thkjng6\Uoink Installed\server.py", line 3402, in _run_subprocess
    source_subscriptions.record_child_start(
    ~~~~~~~~~~~~~~~~~~~~~~~~~~~~~~~~~~~~~~~^
        DATA_ROOT, capture["start_id"], proc.pid, capture.get("instance"))
        ^^^^^^^^^^^^^^^^^^^^^^^^^^^^^^^^^^^^^^^^^^^^^^^^^^^^^^^^^^^^^^^^^^
  File "C:\Users\hello\AppData\Local\AgentControlRoom\worktrees\uoink-library\6a890eee-616\grok\_scratch\c22-f\f-2thkjng6\receipt\injection\sitecustomize.py", line 316, in record_child_start
    raise OSError("C22 declared registration failure")
OSError: C22 declared registration failure
