2026-09-09 12:44:18,633 INFO install migration: skipped_isolated_install
2026-09-09 12:44:18,644 INFO applying index migration 0001 (0001_initial_schema.sql)
2026-09-09 12:44:18,648 INFO applying index migration 0002 (0002_entity_graph.sql)
2026-09-09 12:44:18,649 INFO applying index migration 0003 (0003_taxonomy_corrections.sql)
2026-09-09 12:44:18,651 INFO applying index migration 0004 (0004_memory_indexes.sql)
2026-09-09 12:44:18,652 INFO applying index migration 0005 (0005_pending_yoinks.sql)
2026-09-09 12:44:18,653 INFO applying index migration 0006 (0006_v2_schema.sql)
2026-09-09 12:44:18,655 INFO applying index migration 0007 (0007_p4_workspaces.sql)
2026-09-09 12:44:18,657 INFO applying index migration 0008 (0008_a2_claims.sql)
2026-09-09 12:44:18,658 INFO applying index migration 0009 (0009_p5_scripts.sql)
2026-09-09 12:44:18,659 INFO applying index migration 0010 (0010_podcast_feeds.sql)
2026-09-09 12:44:18,660 INFO applying index migration 0011 (0011_podcast_audio.sql)
2026-09-09 12:44:18,662 INFO applying index migration 0012 (0012_whisper_transcripts.sql)
2026-09-09 12:44:18,665 INFO applying index migration 0013 (0013_monitored_playlists.sql)
2026-09-09 12:44:18,666 INFO applying index migration 0014 (0014_writing_studio.sql)
2026-09-09 12:44:18,668 INFO applying index migration 0015 (0015_universal_site.sql)
2026-09-09 12:44:18,669 INFO applying index migration 0016 (0016_default_style_anchors.sql)
2026-09-09 12:44:18,671 INFO applying index migration 0017 (0017_pending_long_video_mode.sql)
2026-09-09 12:44:18,672 INFO applying index migration 0018 (0018_writing_drafts.sql)
2026-09-09 12:44:18,673 INFO applying index migration 0019 (0019_auto_uoink.sql)
2026-09-09 12:44:18,675 INFO applying index migration 0020 (0020_platform_author.sql)
2026-09-09 12:44:18,677 INFO applying index migration 0021 (0021_suite_engagement.sql)
2026-09-09 12:44:18,679 INFO applying index migration 0022 (0022_podcast_corpus.sql)
2026-09-09 12:44:18,681 INFO applying index migration 0023 (0023_podcast_watch.sql)
2026-09-09 12:44:18,683 INFO applying index migration 0024 (0024_clips.sql)
2026-09-09 12:44:18,684 INFO applying index migration 0025 (0025_source_type_backfill.sql)
2026-09-09 12:44:18,686 INFO applying index migration 0026 (0026_provenance_precedence.sql)
2026-09-09 12:44:18,687 INFO applying index migration 0027 (0027_library_substrate.sql)
2026-09-09 12:44:18,690 INFO applying index migration 0028 (0028_source_subscriptions.sql)
2026-09-09 12:44:18,692 INFO applying index migration 0030 (0030_media_depth.sql)
2026-09-09 12:44:18,704 INFO Migrated 0 taxonomy record(s) into the index
2026-09-09 12:44:18,705 INFO seeded 5 default style anchors
2026-09-09 12:44:18,705 INFO default style anchors: seeded 5 on first run
2026-09-09 12:44:18,705 INFO Restored 0 job record(s) from the library index
2026-09-09 12:44:18,709 INFO backfill complete: scanned 0 folder(s), indexed 0 new
2026-09-09 12:44:18,720 INFO phase 2 author backfill: {'total': 0, 'scanned': 0, 'author_from_sidecar': 0, 'channel_corrected': 0, 'stayed_hostname': 0, 'already_ok': 0, 'missing_sidecar': 0}
2026-09-09 12:44:18,980 INFO Uoink server v3.8.0 running on http://127.0.0.1:62508
2026-09-09 12:44:18,980 INFO Ready to uoink. Click any YouTube video's Uoink button.
2026-09-09 12:44:18,980 INFO Output: C:\Users\hello\AppData\Local\AgentControlRoom\worktrees\uoink-library\6a890eee-616\grok\_scratch\c22-f\f-2thkjng6\receipt\profiles\child-interrupt\output
2026-09-09 12:44:18,980 INFO Log file: C:\Users\hello\AppData\Local\AgentControlRoom\worktrees\uoink-library\6a890eee-616\grok\_scratch\c22-f\f-2thkjng6\receipt\profiles\child-interrupt\server.log
2026-09-09 12:44:18,982 INFO desktop notification queued: notifications disabled
2026-09-09 12:44:19,067 INFO GET /health from 127.0.0.1 -> ok
2026-09-09 12:44:48,732 ERROR capture backend raised for st_227b63b429f58618da6aec465715aa9c
Traceback (most recent call last):
  File "C:\Users\hello\AppData\Local\AgentControlRoom\worktrees\uoink-library\6a890eee-616\grok\_scratch\c22-f\f-2thkjng6\Uoink Installed\source_subscriptions.py", line 3842, in execute_started
    outcome = self.backend.run(dict(start), dict(item), dict(source))
  File "C:\Users\hello\AppData\Local\AgentControlRoom\worktrees\uoink-library\6a890eee-616\grok\_scratch\c22-f\f-2thkjng6\Uoink Installed\server.py", line 8365, in run
    outcome = self._run_podcast(start, item, source)
  File "C:\Users\hello\AppData\Local\AgentControlRoom\worktrees\uoink-library\6a890eee-616\grok\_scratch\c22-f\f-2thkjng6\Uoink Installed\server.py", line 8391, in _run_podcast
    downloaded = podcasts.download_episode_audio(
        _get_index(), episode_id, data_root=DATA_ROOT)
  File "C:\Users\hello\AppData\Local\AgentControlRoom\worktrees\uoink-library\6a890eee-616\grok\_scratch\c22-f\f-2thkjng6\receipt\injection\sitecustomize.py", line 251, in download
    _drive_original_run_subprocess()
    ~~~~~~~~~~~~~~~~~~~~~~~~~~~~~~^^
  File "C:\Users\hello\AppData\Local\AgentControlRoom\worktrees\uoink-library\6a890eee-616\grok\_scratch\c22-f\f-2thkjng6\receipt\injection\sitecustomize.py", line 216, in _drive_original_run_subprocess
    return run(
        [sys.executable, "-B", "-c", "print('c22-capture-child')"],
        timeout=20, check=False,
    )
  File "C:\Users\hello\AppData\Local\AgentControlRoom\worktrees\uoink-library\6a890eee-616\grok\_scratch\c22-f\f-2thkjng6\Uoink Installed\server.py", line 3374, in _run_subprocess
    proc = subprocess.Popen(
        cmd,
    ...<5 lines>...
        **SUBPROCESS_KW,
    )
  File "C:\Users\hello\AppData\Local\AgentControlRoom\worktrees\uoink-library\6a890eee-616\grok\_scratch\c22-f\f-2thkjng6\receipt\injection\sitecustomize.py", line 295, in wrapped
    raise OSError("C22 declared launch interruption after launch intent")
OSError: C22 declared launch interruption after launch intent
