2026-09-09 12:24:21,817 INFO install migration: skipped_isolated_install
2026-09-09 12:24:21,827 INFO applying index migration 0001 (0001_initial_schema.sql)
2026-09-09 12:24:21,831 INFO applying index migration 0002 (0002_entity_graph.sql)
2026-09-09 12:24:21,832 INFO applying index migration 0003 (0003_taxonomy_corrections.sql)
2026-09-09 12:24:21,834 INFO applying index migration 0004 (0004_memory_indexes.sql)
2026-09-09 12:24:21,836 INFO applying index migration 0005 (0005_pending_yoinks.sql)
2026-09-09 12:24:21,837 INFO applying index migration 0006 (0006_v2_schema.sql)
2026-09-09 12:24:21,839 INFO applying index migration 0007 (0007_p4_workspaces.sql)
2026-09-09 12:24:21,840 INFO applying index migration 0008 (0008_a2_claims.sql)
2026-09-09 12:24:21,842 INFO applying index migration 0009 (0009_p5_scripts.sql)
2026-09-09 12:24:21,843 INFO applying index migration 0010 (0010_podcast_feeds.sql)
2026-09-09 12:24:21,845 INFO applying index migration 0011 (0011_podcast_audio.sql)
2026-09-09 12:24:21,847 INFO applying index migration 0012 (0012_whisper_transcripts.sql)
2026-09-09 12:24:21,850 INFO applying index migration 0013 (0013_monitored_playlists.sql)
2026-09-09 12:24:21,851 INFO applying index migration 0014 (0014_writing_studio.sql)
2026-09-09 12:24:21,853 INFO applying index migration 0015 (0015_universal_site.sql)
2026-09-09 12:24:21,854 INFO applying index migration 0016 (0016_default_style_anchors.sql)
2026-09-09 12:24:21,856 INFO applying index migration 0017 (0017_pending_long_video_mode.sql)
2026-09-09 12:24:21,857 INFO applying index migration 0018 (0018_writing_drafts.sql)
2026-09-09 12:24:21,859 INFO applying index migration 0019 (0019_auto_uoink.sql)
2026-09-09 12:24:21,860 INFO applying index migration 0020 (0020_platform_author.sql)
2026-09-09 12:24:21,862 INFO applying index migration 0021 (0021_suite_engagement.sql)
2026-09-09 12:24:21,864 INFO applying index migration 0022 (0022_podcast_corpus.sql)
2026-09-09 12:24:21,866 INFO applying index migration 0023 (0023_podcast_watch.sql)
2026-09-09 12:24:21,868 INFO applying index migration 0024 (0024_clips.sql)
2026-09-09 12:24:21,870 INFO applying index migration 0025 (0025_source_type_backfill.sql)
2026-09-09 12:24:21,871 INFO applying index migration 0026 (0026_provenance_precedence.sql)
2026-09-09 12:24:21,873 INFO applying index migration 0027 (0027_library_substrate.sql)
2026-09-09 12:24:21,875 INFO applying index migration 0028 (0028_source_subscriptions.sql)
2026-09-09 12:24:21,877 INFO applying index migration 0030 (0030_media_depth.sql)
2026-09-09 12:24:21,889 INFO Migrated 0 taxonomy record(s) into the index
2026-09-09 12:24:21,890 INFO seeded 5 default style anchors
2026-09-09 12:24:21,890 INFO default style anchors: seeded 5 on first run
2026-09-09 12:24:21,890 INFO Restored 0 job record(s) from the library index
2026-09-09 12:24:21,894 INFO backfill complete: scanned 0 folder(s), indexed 0 new
2026-09-09 12:24:21,904 INFO phase 2 author backfill: {'total': 0, 'scanned': 0, 'author_from_sidecar': 0, 'channel_corrected': 0, 'stayed_hostname': 0, 'already_ok': 0, 'missing_sidecar': 0}
2026-09-09 12:24:21,905 ERROR standing capture pass crashed
Traceback (most recent call last):
  File "C:\Users\hello\AppData\Local\AgentControlRoom\worktrees\uoink-library\6a890eee-616\grok\_scratch\c22-f\f-pcwog2gm\Uoink Installed\server.py", line 8982, in _podcast_feed_scheduler_tick
    _standing_capture_pass()
    ~~~~~~~~~~~~~~~~~~~~~~^^
  File "C:\Users\hello\AppData\Local\AgentControlRoom\worktrees\uoink-library\6a890eee-616\grok\_scratch\c22-f\f-pcwog2gm\Uoink Installed\server.py", line 8796, in _standing_capture_pass
    outcomes = _source_service().capture_pass(limit=1)
  File "C:\Users\hello\AppData\Local\AgentControlRoom\worktrees\uoink-library\6a890eee-616\grok\_scratch\c22-f\f-pcwog2gm\Uoink Installed\source_subscriptions.py", line 3395, in capture_pass
    with self.store.write() as conn:
         ~~~~~~~~~~~~~~~~^^
  File "C:\Python314\Lib\contextlib.py", line 141, in __enter__
    return next(self.gen)
  File "C:\Users\hello\AppData\Local\AgentControlRoom\worktrees\uoink-library\6a890eee-616\grok\_scratch\c22-f\f-pcwog2gm\Uoink Installed\source_subscriptions.py", line 1990, in write
    with self.index.write_transaction() as conn:
         ~~~~~~~~~~~~~~~~~~~~~~~~~~~~^^
  File "C:\Python314\Lib\contextlib.py", line 141, in __enter__
    return next(self.gen)
  File "C:\Users\hello\AppData\Local\AgentControlRoom\worktrees\uoink-library\6a890eee-616\grok\_scratch\c22-f\f-pcwog2gm\Uoink Installed\index.py", line 570, in write_transaction
    raise RuntimeError(
    ...<2 lines>...
    )
RuntimeError: cannot start a write transaction while another transaction is active
2026-09-09 12:24:22,170 INFO Uoink server v3.8.0 running on http://127.0.0.1:51401
2026-09-09 12:24:22,170 INFO Ready to uoink. Click any YouTube video's Uoink button.
2026-09-09 12:24:22,170 INFO Output: C:\Users\hello\AppData\Local\AgentControlRoom\worktrees\uoink-library\6a890eee-616\grok\_scratch\c22-f\f-pcwog2gm\receipt\profiles\one-off\output
2026-09-09 12:24:22,170 INFO Log file: C:\Users\hello\AppData\Local\AgentControlRoom\worktrees\uoink-library\6a890eee-616\grok\_scratch\c22-f\f-pcwog2gm\receipt\profiles\one-off\server.log
2026-09-09 12:24:22,173 INFO desktop notification queued: notifications disabled
2026-09-09 12:24:22,267 INFO GET /health from 127.0.0.1 -> ok
2026-09-09 12:24:22,313 INFO POST /extract -> 400 (URL must be a YouTube, X, TikTok, or Instagram Reel video link)
2026-09-09 12:24:22,808 INFO desktop notification queued: notifications disabled
