2026-09-09 12:24:08,984 INFO install migration: skipped_isolated_install
2026-09-09 12:24:08,995 INFO applying index migration 0001 (0001_initial_schema.sql)
2026-09-09 12:24:08,999 INFO applying index migration 0002 (0002_entity_graph.sql)
2026-09-09 12:24:09,001 INFO applying index migration 0003 (0003_taxonomy_corrections.sql)
2026-09-09 12:24:09,006 INFO applying index migration 0004 (0004_memory_indexes.sql)
2026-09-09 12:24:09,008 INFO applying index migration 0005 (0005_pending_yoinks.sql)
2026-09-09 12:24:09,010 INFO applying index migration 0006 (0006_v2_schema.sql)
2026-09-09 12:24:09,013 INFO applying index migration 0007 (0007_p4_workspaces.sql)
2026-09-09 12:24:09,015 INFO applying index migration 0008 (0008_a2_claims.sql)
2026-09-09 12:24:09,017 INFO applying index migration 0009 (0009_p5_scripts.sql)
2026-09-09 12:24:09,018 INFO applying index migration 0010 (0010_podcast_feeds.sql)
2026-09-09 12:24:09,020 INFO applying index migration 0011 (0011_podcast_audio.sql)
2026-09-09 12:24:09,022 INFO applying index migration 0012 (0012_whisper_transcripts.sql)
2026-09-09 12:24:09,025 INFO applying index migration 0013 (0013_monitored_playlists.sql)
2026-09-09 12:24:09,027 INFO applying index migration 0014 (0014_writing_studio.sql)
2026-09-09 12:24:09,033 INFO applying index migration 0015 (0015_universal_site.sql)
2026-09-09 12:24:09,035 INFO applying index migration 0016 (0016_default_style_anchors.sql)
2026-09-09 12:24:09,037 INFO applying index migration 0017 (0017_pending_long_video_mode.sql)
2026-09-09 12:24:09,038 INFO applying index migration 0018 (0018_writing_drafts.sql)
2026-09-09 12:24:09,040 INFO applying index migration 0019 (0019_auto_uoink.sql)
2026-09-09 12:24:09,042 INFO applying index migration 0020 (0020_platform_author.sql)
2026-09-09 12:24:09,045 INFO applying index migration 0021 (0021_suite_engagement.sql)
2026-09-09 12:24:09,047 INFO applying index migration 0022 (0022_podcast_corpus.sql)
2026-09-09 12:24:09,050 INFO applying index migration 0023 (0023_podcast_watch.sql)
2026-09-09 12:24:09,052 INFO applying index migration 0024 (0024_clips.sql)
2026-09-09 12:24:09,054 INFO applying index migration 0025 (0025_source_type_backfill.sql)
2026-09-09 12:24:09,056 INFO applying index migration 0026 (0026_provenance_precedence.sql)
2026-09-09 12:24:09,058 INFO applying index migration 0027 (0027_library_substrate.sql)
2026-09-09 12:24:09,064 INFO applying index migration 0028 (0028_source_subscriptions.sql)
2026-09-09 12:24:09,066 INFO applying index migration 0030 (0030_media_depth.sql)
2026-09-09 12:24:09,078 INFO Migrated 0 taxonomy record(s) into the index
2026-09-09 12:24:09,080 INFO seeded 5 default style anchors
2026-09-09 12:24:09,080 INFO default style anchors: seeded 5 on first run
2026-09-09 12:24:09,080 INFO Restored 0 job record(s) from the library index
2026-09-09 12:24:09,083 INFO backfill complete: scanned 0 folder(s), indexed 0 new
2026-09-09 12:24:09,084 INFO phase 2 author backfill: {'total': 0, 'scanned': 0, 'author_from_sidecar': 0, 'channel_corrected': 0, 'stayed_hostname': 0, 'already_ok': 0, 'missing_sidecar': 0}
2026-09-09 12:24:09,088 INFO Uoink server v3.8.0 running on http://127.0.0.1:51401
2026-09-09 12:24:09,088 INFO Ready to uoink. Click any YouTube video's Uoink button.
2026-09-09 12:24:09,088 INFO Output: C:\Users\hello\AppData\Local\AgentControlRoom\worktrees\uoink-library\6a890eee-616\grok\_scratch\c22-f\f-pcwog2gm\receipt\profiles\empty\output
2026-09-09 12:24:09,088 INFO Log file: C:\Users\hello\AppData\Local\AgentControlRoom\worktrees\uoink-library\6a890eee-616\grok\_scratch\c22-f\f-pcwog2gm\receipt\profiles\empty\server.log
2026-09-09 12:24:09,099 INFO desktop notification queued: notifications disabled
2026-09-09 12:24:09,402 INFO GET /health from 127.0.0.1 -> ok
2026-09-09 12:24:09,444 INFO GET /health from 127.0.0.1 -> ok
