whisperx unavailable: ImportError: AS6 blocks model imports: whisperx
2026-09-09 08:09:55,161 INFO applying index migration 0001 (0001_initial_schema.sql)
2026-09-09 08:09:55,167 INFO applying index migration 0002 (0002_entity_graph.sql)
2026-09-09 08:09:55,168 INFO applying index migration 0003 (0003_taxonomy_corrections.sql)
2026-09-09 08:09:55,170 INFO applying index migration 0004 (0004_memory_indexes.sql)
2026-09-09 08:09:55,172 INFO applying index migration 0005 (0005_pending_yoinks.sql)
2026-09-09 08:09:55,174 INFO applying index migration 0006 (0006_v2_schema.sql)
2026-09-09 08:09:55,176 INFO applying index migration 0007 (0007_p4_workspaces.sql)
2026-09-09 08:09:55,178 INFO applying index migration 0008 (0008_a2_claims.sql)
2026-09-09 08:09:55,180 INFO applying index migration 0009 (0009_p5_scripts.sql)
2026-09-09 08:09:55,183 INFO applying index migration 0010 (0010_podcast_feeds.sql)
2026-09-09 08:09:55,184 INFO applying index migration 0011 (0011_podcast_audio.sql)
2026-09-09 08:09:55,187 INFO applying index migration 0012 (0012_whisper_transcripts.sql)
2026-09-09 08:09:55,190 INFO applying index migration 0013 (0013_monitored_playlists.sql)
2026-09-09 08:09:55,192 INFO applying index migration 0014 (0014_writing_studio.sql)
2026-09-09 08:09:55,194 INFO applying index migration 0015 (0015_universal_site.sql)
2026-09-09 08:09:55,196 INFO applying index migration 0016 (0016_default_style_anchors.sql)
2026-09-09 08:09:55,198 INFO applying index migration 0017 (0017_pending_long_video_mode.sql)
2026-09-09 08:09:55,200 INFO applying index migration 0018 (0018_writing_drafts.sql)
2026-09-09 08:09:55,202 INFO applying index migration 0019 (0019_auto_uoink.sql)
2026-09-09 08:09:55,204 INFO applying index migration 0020 (0020_platform_author.sql)
2026-09-09 08:09:55,206 INFO applying index migration 0021 (0021_suite_engagement.sql)
2026-09-09 08:09:55,209 INFO applying index migration 0022 (0022_podcast_corpus.sql)
2026-09-09 08:09:55,212 INFO applying index migration 0023 (0023_podcast_watch.sql)
2026-09-09 08:09:55,214 INFO applying index migration 0024 (0024_clips.sql)
2026-09-09 08:09:55,216 INFO applying index migration 0025 (0025_source_type_backfill.sql)
2026-09-09 08:09:55,218 INFO applying index migration 0026 (0026_provenance_precedence.sql)
2026-09-09 08:09:55,220 INFO applying index migration 0027 (0027_library_substrate.sql)
2026-09-09 08:09:55,223 INFO applying index migration 0028 (0028_source_subscriptions.sql)
2026-09-09 08:09:55,225 INFO applying index migration 0030 (0030_media_depth.sql)
.2026-09-09 08:09:55,366 INFO applying index migration 0001 (0001_initial_schema.sql)
2026-09-09 08:09:55,371 INFO applying index migration 0002 (0002_entity_graph.sql)
2026-09-09 08:09:55,373 INFO applying index migration 0003 (0003_taxonomy_corrections.sql)
2026-09-09 08:09:55,376 INFO applying index migration 0004 (0004_memory_indexes.sql)
2026-09-09 08:09:55,377 INFO applying index migration 0005 (0005_pending_yoinks.sql)
2026-09-09 08:09:55,378 INFO applying index migration 0006 (0006_v2_schema.sql)
2026-09-09 08:09:55,381 INFO applying index migration 0007 (0007_p4_workspaces.sql)
2026-09-09 08:09:55,384 INFO applying index migration 0008 (0008_a2_claims.sql)
2026-09-09 08:09:55,385 INFO applying index migration 0009 (0009_p5_scripts.sql)
2026-09-09 08:09:55,387 INFO applying index migration 0010 (0010_podcast_feeds.sql)
2026-09-09 08:09:55,388 INFO applying index migration 0011 (0011_podcast_audio.sql)
2026-09-09 08:09:55,392 INFO applying index migration 0012 (0012_whisper_transcripts.sql)
2026-09-09 08:09:55,394 INFO applying index migration 0013 (0013_monitored_playlists.sql)
2026-09-09 08:09:55,396 INFO applying index migration 0014 (0014_writing_studio.sql)
2026-09-09 08:09:55,397 INFO applying index migration 0015 (0015_universal_site.sql)
2026-09-09 08:09:55,400 INFO applying index migration 0016 (0016_default_style_anchors.sql)
2026-09-09 08:09:55,402 INFO applying index migration 0017 (0017_pending_long_video_mode.sql)
2026-09-09 08:09:55,404 INFO applying index migration 0018 (0018_writing_drafts.sql)
2026-09-09 08:09:55,405 INFO applying index migration 0019 (0019_auto_uoink.sql)
2026-09-09 08:09:55,408 INFO applying index migration 0020 (0020_platform_author.sql)
2026-09-09 08:09:55,411 INFO applying index migration 0021 (0021_suite_engagement.sql)
2026-09-09 08:09:55,413 INFO applying index migration 0022 (0022_podcast_corpus.sql)
2026-09-09 08:09:55,415 INFO applying index migration 0023 (0023_podcast_watch.sql)
2026-09-09 08:09:55,418 INFO applying index migration 0024 (0024_clips.sql)
2026-09-09 08:09:55,420 INFO applying index migration 0025 (0025_source_type_backfill.sql)
2026-09-09 08:09:55,422 INFO applying index migration 0026 (0026_provenance_precedence.sql)
2026-09-09 08:09:55,423 INFO applying index migration 0027 (0027_library_substrate.sql)
2026-09-09 08:09:55,427 INFO applying index migration 0028 (0028_source_subscriptions.sql)
2026-09-09 08:09:55,430 INFO applying index migration 0030 (0030_media_depth.sql)
.2026-09-09 08:09:55,456 INFO applying index migration 0001 (0001_initial_schema.sql)
2026-09-09 08:09:55,462 INFO applying index migration 0002 (0002_entity_graph.sql)
2026-09-09 08:09:55,463 INFO applying index migration 0003 (0003_taxonomy_corrections.sql)
2026-09-09 08:09:55,466 INFO applying index migration 0004 (0004_memory_indexes.sql)
2026-09-09 08:09:55,468 INFO applying index migration 0005 (0005_pending_yoinks.sql)
2026-09-09 08:09:55,469 INFO applying index migration 0006 (0006_v2_schema.sql)
2026-09-09 08:09:55,471 INFO applying index migration 0007 (0007_p4_workspaces.sql)
2026-09-09 08:09:55,474 INFO applying index migration 0008 (0008_a2_claims.sql)
2026-09-09 08:09:55,475 INFO applying index migration 0009 (0009_p5_scripts.sql)
2026-09-09 08:09:55,477 INFO applying index migration 0010 (0010_podcast_feeds.sql)
2026-09-09 08:09:55,479 INFO applying index migration 0011 (0011_podcast_audio.sql)
2026-09-09 08:09:55,482 INFO applying index migration 0012 (0012_whisper_transcripts.sql)
2026-09-09 08:09:55,485 INFO applying index migration 0013 (0013_monitored_playlists.sql)
2026-09-09 08:09:55,486 INFO applying index migration 0014 (0014_writing_studio.sql)
2026-09-09 08:09:55,488 INFO applying index migration 0015 (0015_universal_site.sql)
2026-09-09 08:09:55,491 INFO applying index migration 0016 (0016_default_style_anchors.sql)
2026-09-09 08:09:55,493 INFO applying index migration 0017 (0017_pending_long_video_mode.sql)
2026-09-09 08:09:55,494 INFO applying index migration 0018 (0018_writing_drafts.sql)
2026-09-09 08:09:55,496 INFO applying index migration 0019 (0019_auto_uoink.sql)
2026-09-09 08:09:55,499 INFO applying index migration 0020 (0020_platform_author.sql)
2026-09-09 08:09:55,501 INFO applying index migration 0021 (0021_suite_engagement.sql)
2026-09-09 08:09:55,502 INFO applying index migration 0022 (0022_podcast_corpus.sql)
2026-09-09 08:09:55,506 INFO applying index migration 0023 (0023_podcast_watch.sql)
2026-09-09 08:09:55,509 INFO applying index migration 0024 (0024_clips.sql)
2026-09-09 08:09:55,510 INFO applying index migration 0025 (0025_source_type_backfill.sql)
2026-09-09 08:09:55,512 INFO applying index migration 0026 (0026_provenance_precedence.sql)
2026-09-09 08:09:55,514 INFO applying index migration 0027 (0027_library_substrate.sql)
2026-09-09 08:09:55,517 INFO applying index migration 0028 (0028_source_subscriptions.sql)
2026-09-09 08:09:55,520 INFO applying index migration 0030 (0030_media_depth.sql)
.2026-09-09 08:09:55,572 INFO applying index migration 0001 (0001_initial_schema.sql)
2026-09-09 08:09:55,577 INFO applying index migration 0002 (0002_entity_graph.sql)
2026-09-09 08:09:55,579 INFO applying index migration 0003 (0003_taxonomy_corrections.sql)
2026-09-09 08:09:55,580 INFO applying index migration 0004 (0004_memory_indexes.sql)
2026-09-09 08:09:55,582 INFO applying index migration 0005 (0005_pending_yoinks.sql)
2026-09-09 08:09:55,585 INFO applying index migration 0006 (0006_v2_schema.sql)
2026-09-09 08:09:55,587 INFO applying index migration 0007 (0007_p4_workspaces.sql)
2026-09-09 08:09:55,588 INFO applying index migration 0008 (0008_a2_claims.sql)
2026-09-09 08:09:55,590 INFO applying index migration 0009 (0009_p5_scripts.sql)
2026-09-09 08:09:55,592 INFO applying index migration 0010 (0010_podcast_feeds.sql)
2026-09-09 08:09:55,594 INFO applying index migration 0011 (0011_podcast_audio.sql)
2026-09-09 08:09:55,596 INFO applying index migration 0012 (0012_whisper_transcripts.sql)
2026-09-09 08:09:55,600 INFO applying index migration 0013 (0013_monitored_playlists.sql)
2026-09-09 08:09:55,602 INFO applying index migration 0014 (0014_writing_studio.sql)
2026-09-09 08:09:55,604 INFO applying index migration 0015 (0015_universal_site.sql)
2026-09-09 08:09:55,605 INFO applying index migration 0016 (0016_default_style_anchors.sql)
2026-09-09 08:09:55,607 INFO applying index migration 0017 (0017_pending_long_video_mode.sql)
2026-09-09 08:09:55,610 INFO applying index migration 0018 (0018_writing_drafts.sql)
2026-09-09 08:09:55,611 INFO applying index migration 0019 (0019_auto_uoink.sql)
2026-09-09 08:09:55,614 INFO applying index migration 0020 (0020_platform_author.sql)
2026-09-09 08:09:55,616 INFO applying index migration 0021 (0021_suite_engagement.sql)
2026-09-09 08:09:55,618 INFO applying index migration 0022 (0022_podcast_corpus.sql)
2026-09-09 08:09:55,621 INFO applying index migration 0023 (0023_podcast_watch.sql)
2026-09-09 08:09:55,623 INFO applying index migration 0024 (0024_clips.sql)
2026-09-09 08:09:55,625 INFO applying index migration 0025 (0025_source_type_backfill.sql)
2026-09-09 08:09:55,628 INFO applying index migration 0026 (0026_provenance_precedence.sql)
2026-09-09 08:09:55,630 INFO applying index migration 0027 (0027_library_substrate.sql)
2026-09-09 08:09:55,632 INFO applying index migration 0028 (0028_source_subscriptions.sql)
2026-09-09 08:09:55,635 INFO applying index migration 0030 (0030_media_depth.sql)
.2026-09-09 08:09:55,688 INFO applying index migration 0001 (0001_initial_schema.sql)
2026-09-09 08:09:55,693 INFO applying index migration 0002 (0002_entity_graph.sql)
2026-09-09 08:09:55,695 INFO applying index migration 0003 (0003_taxonomy_corrections.sql)
2026-09-09 08:09:55,697 INFO applying index migration 0004 (0004_memory_indexes.sql)
2026-09-09 08:09:55,699 INFO applying index migration 0005 (0005_pending_yoinks.sql)
2026-09-09 08:09:55,701 INFO applying index migration 0006 (0006_v2_schema.sql)
2026-09-09 08:09:55,703 INFO applying index migration 0007 (0007_p4_workspaces.sql)
2026-09-09 08:09:55,705 INFO applying index migration 0008 (0008_a2_claims.sql)
2026-09-09 08:09:55,707 INFO applying index migration 0009 (0009_p5_scripts.sql)
2026-09-09 08:09:55,708 INFO applying index migration 0010 (0010_podcast_feeds.sql)
2026-09-09 08:09:55,710 INFO applying index migration 0011 (0011_podcast_audio.sql)
2026-09-09 08:09:55,713 INFO applying index migration 0012 (0012_whisper_transcripts.sql)
2026-09-09 08:09:55,716 INFO applying index migration 0013 (0013_monitored_playlists.sql)
2026-09-09 08:09:55,718 INFO applying index migration 0014 (0014_writing_studio.sql)
2026-09-09 08:09:55,719 INFO applying index migration 0015 (0015_universal_site.sql)
2026-09-09 08:09:55,722 INFO applying index migration 0016 (0016_default_style_anchors.sql)
2026-09-09 08:09:55,724 INFO applying index migration 0017 (0017_pending_long_video_mode.sql)
2026-09-09 08:09:55,725 INFO applying index migration 0018 (0018_writing_drafts.sql)
2026-09-09 08:09:55,727 INFO applying index migration 0019 (0019_auto_uoink.sql)
2026-09-09 08:09:55,730 INFO applying index migration 0020 (0020_platform_author.sql)
2026-09-09 08:09:55,732 INFO applying index migration 0021 (0021_suite_engagement.sql)
2026-09-09 08:09:55,734 INFO applying index migration 0022 (0022_podcast_corpus.sql)
2026-09-09 08:09:55,737 INFO applying index migration 0023 (0023_podcast_watch.sql)
2026-09-09 08:09:55,740 INFO applying index migration 0024 (0024_clips.sql)
2026-09-09 08:09:55,741 INFO applying index migration 0025 (0025_source_type_backfill.sql)
2026-09-09 08:09:55,743 INFO applying index migration 0026 (0026_provenance_precedence.sql)
2026-09-09 08:09:55,745 INFO applying index migration 0027 (0027_library_substrate.sql)
2026-09-09 08:09:55,749 INFO applying index migration 0028 (0028_source_subscriptions.sql)
2026-09-09 08:09:55,752 INFO applying index migration 0030 (0030_media_depth.sql)
2026-09-09 08:09:55,778 WARNING podcast watch: deferred corpus publish for episode 1 after error: temporary publish failure
.2026-09-09 08:09:55,812 INFO applying index migration 0001 (0001_initial_schema.sql)
2026-09-09 08:09:55,818 INFO applying index migration 0002 (0002_entity_graph.sql)
2026-09-09 08:09:55,820 INFO applying index migration 0003 (0003_taxonomy_corrections.sql)
2026-09-09 08:09:55,822 INFO applying index migration 0004 (0004_memory_indexes.sql)
2026-09-09 08:09:55,824 INFO applying index migration 0005 (0005_pending_yoinks.sql)
2026-09-09 08:09:55,827 INFO applying index migration 0006 (0006_v2_schema.sql)
2026-09-09 08:09:55,830 INFO applying index migration 0007 (0007_p4_workspaces.sql)
2026-09-09 08:09:55,833 INFO applying index migration 0008 (0008_a2_claims.sql)
2026-09-09 08:09:55,835 INFO applying index migration 0009 (0009_p5_scripts.sql)
2026-09-09 08:09:55,837 INFO applying index migration 0010 (0010_podcast_feeds.sql)
2026-09-09 08:09:55,840 INFO applying index migration 0011 (0011_podcast_audio.sql)
2026-09-09 08:09:55,842 INFO applying index migration 0012 (0012_whisper_transcripts.sql)
2026-09-09 08:09:55,846 INFO applying index migration 0013 (0013_monitored_playlists.sql)
2026-09-09 08:09:55,849 INFO applying index migration 0014 (0014_writing_studio.sql)
2026-09-09 08:09:55,851 INFO applying index migration 0015 (0015_universal_site.sql)
2026-09-09 08:09:55,853 INFO applying index migration 0016 (0016_default_style_anchors.sql)
2026-09-09 08:09:55,855 INFO applying index migration 0017 (0017_pending_long_video_mode.sql)
2026-09-09 08:09:55,858 INFO applying index migration 0018 (0018_writing_drafts.sql)
2026-09-09 08:09:55,861 INFO applying index migration 0019 (0019_auto_uoink.sql)
2026-09-09 08:09:55,863 INFO applying index migration 0020 (0020_platform_author.sql)
2026-09-09 08:09:55,866 INFO applying index migration 0021 (0021_suite_engagement.sql)
2026-09-09 08:09:55,876 INFO applying index migration 0022 (0022_podcast_corpus.sql)
2026-09-09 08:09:55,882 INFO applying index migration 0023 (0023_podcast_watch.sql)
2026-09-09 08:09:55,884 INFO applying index migration 0024 (0024_clips.sql)
2026-09-09 08:09:55,886 INFO applying index migration 0025 (0025_source_type_backfill.sql)
2026-09-09 08:09:55,888 INFO applying index migration 0026 (0026_provenance_precedence.sql)
2026-09-09 08:09:55,890 INFO applying index migration 0027 (0027_library_substrate.sql)
2026-09-09 08:09:55,893 INFO applying index migration 0028 (0028_source_subscriptions.sql)
2026-09-09 08:09:55,896 INFO applying index migration 0030 (0030_media_depth.sql)
2026-09-09 08:09:55,904 INFO clip upgrade backfill: 1 transcript citations -> 0 clips across 0/1 items in 0.000s
..2026-09-09 08:09:55,919 INFO applying index migration 0001 (0001_initial_schema.sql)
2026-09-09 08:09:55,923 INFO applying index migration 0002 (0002_entity_graph.sql)
2026-09-09 08:09:55,926 INFO applying index migration 0003 (0003_taxonomy_corrections.sql)
2026-09-09 08:09:55,927 INFO applying index migration 0004 (0004_memory_indexes.sql)
2026-09-09 08:09:55,929 INFO applying index migration 0005 (0005_pending_yoinks.sql)
2026-09-09 08:09:55,930 INFO applying index migration 0006 (0006_v2_schema.sql)
2026-09-09 08:09:55,934 INFO applying index migration 0007 (0007_p4_workspaces.sql)
2026-09-09 08:09:55,935 INFO applying index migration 0008 (0008_a2_claims.sql)
2026-09-09 08:09:55,937 INFO applying index migration 0009 (0009_p5_scripts.sql)
2026-09-09 08:09:55,939 INFO applying index migration 0010 (0010_podcast_feeds.sql)
2026-09-09 08:09:55,941 INFO applying index migration 0011 (0011_podcast_audio.sql)
2026-09-09 08:09:55,943 INFO applying index migration 0012 (0012_whisper_transcripts.sql)
2026-09-09 08:09:55,946 INFO applying index migration 0013 (0013_monitored_playlists.sql)
2026-09-09 08:09:55,948 INFO applying index migration 0014 (0014_writing_studio.sql)
2026-09-09 08:09:55,951 INFO applying index migration 0015 (0015_universal_site.sql)
2026-09-09 08:09:55,952 INFO applying index migration 0016 (0016_default_style_anchors.sql)
2026-09-09 08:09:55,954 INFO applying index migration 0017 (0017_pending_long_video_mode.sql)
2026-09-09 08:09:55,956 INFO applying index migration 0018 (0018_writing_drafts.sql)
2026-09-09 08:09:55,958 INFO applying index migration 0019 (0019_auto_uoink.sql)
2026-09-09 08:09:55,960 INFO applying index migration 0020 (0020_platform_author.sql)
2026-09-09 08:09:55,962 INFO applying index migration 0021 (0021_suite_engagement.sql)
2026-09-09 08:09:55,964 INFO applying index migration 0022 (0022_podcast_corpus.sql)
2026-09-09 08:09:55,968 INFO applying index migration 0023 (0023_podcast_watch.sql)
2026-09-09 08:09:55,970 INFO applying index migration 0024 (0024_clips.sql)
2026-09-09 08:09:55,972 INFO applying index migration 0025 (0025_source_type_backfill.sql)
2026-09-09 08:09:55,973 INFO applying index migration 0026 (0026_provenance_precedence.sql)
2026-09-09 08:09:55,976 INFO applying index migration 0027 (0027_library_substrate.sql)
2026-09-09 08:09:55,978 INFO applying index migration 0028 (0028_source_subscriptions.sql)
2026-09-09 08:09:55,981 INFO applying index migration 0030 (0030_media_depth.sql)
.2026-09-09 08:09:56,008 INFO applying index migration 0001 (0001_initial_schema.sql)
2026-09-09 08:09:56,012 INFO applying index migration 0002 (0002_entity_graph.sql)
2026-09-09 08:09:56,015 INFO applying index migration 0003 (0003_taxonomy_corrections.sql)
2026-09-09 08:09:56,016 INFO applying index migration 0004 (0004_memory_indexes.sql)
2026-09-09 08:09:56,018 INFO applying index migration 0005 (0005_pending_yoinks.sql)
2026-09-09 08:09:56,020 INFO applying index migration 0006 (0006_v2_schema.sql)
2026-09-09 08:09:56,023 INFO applying index migration 0007 (0007_p4_workspaces.sql)
2026-09-09 08:09:56,025 INFO applying index migration 0008 (0008_a2_claims.sql)
2026-09-09 08:09:56,026 INFO applying index migration 0009 (0009_p5_scripts.sql)
2026-09-09 08:09:56,028 INFO applying index migration 0010 (0010_podcast_feeds.sql)
2026-09-09 08:09:56,030 INFO applying index migration 0011 (0011_podcast_audio.sql)
2026-09-09 08:09:56,033 INFO applying index migration 0012 (0012_whisper_transcripts.sql)
2026-09-09 08:09:56,035 INFO applying index migration 0013 (0013_monitored_playlists.sql)
2026-09-09 08:09:56,037 INFO applying index migration 0014 (0014_writing_studio.sql)
2026-09-09 08:09:56,039 INFO applying index migration 0015 (0015_universal_site.sql)
2026-09-09 08:09:56,041 INFO applying index migration 0016 (0016_default_style_anchors.sql)
2026-09-09 08:09:56,043 INFO applying index migration 0017 (0017_pending_long_video_mode.sql)
2026-09-09 08:09:56,044 INFO applying index migration 0018 (0018_writing_drafts.sql)
2026-09-09 08:09:56,047 INFO applying index migration 0019 (0019_auto_uoink.sql)
2026-09-09 08:09:56,049 INFO applying index migration 0020 (0020_platform_author.sql)
2026-09-09 08:09:56,051 INFO applying index migration 0021 (0021_suite_engagement.sql)
2026-09-09 08:09:56,053 INFO applying index migration 0022 (0022_podcast_corpus.sql)
2026-09-09 08:09:56,057 INFO applying index migration 0023 (0023_podcast_watch.sql)
2026-09-09 08:09:56,059 INFO applying index migration 0024 (0024_clips.sql)
2026-09-09 08:09:56,061 INFO applying index migration 0025 (0025_source_type_backfill.sql)
2026-09-09 08:09:56,063 INFO applying index migration 0026 (0026_provenance_precedence.sql)
2026-09-09 08:09:56,065 INFO applying index migration 0027 (0027_library_substrate.sql)
2026-09-09 08:09:56,068 INFO applying index migration 0028 (0028_source_subscriptions.sql)
2026-09-09 08:09:56,071 INFO applying index migration 0030 (0030_media_depth.sql)
.2026-09-09 08:09:56,207 INFO applying index migration 0001 (0001_initial_schema.sql)
2026-09-09 08:09:56,212 INFO applying index migration 0002 (0002_entity_graph.sql)
2026-09-09 08:09:56,213 INFO applying index migration 0003 (0003_taxonomy_corrections.sql)
2026-09-09 08:09:56,215 INFO applying index migration 0004 (0004_memory_indexes.sql)
2026-09-09 08:09:56,218 INFO applying index migration 0005 (0005_pending_yoinks.sql)
2026-09-09 08:09:56,219 INFO applying index migration 0006 (0006_v2_schema.sql)
2026-09-09 08:09:56,222 INFO applying index migration 0007 (0007_p4_workspaces.sql)
2026-09-09 08:09:56,224 INFO applying index migration 0008 (0008_a2_claims.sql)
2026-09-09 08:09:56,226 INFO applying index migration 0009 (0009_p5_scripts.sql)
2026-09-09 08:09:56,228 INFO applying index migration 0010 (0010_podcast_feeds.sql)
2026-09-09 08:09:56,230 INFO applying index migration 0011 (0011_podcast_audio.sql)
2026-09-09 08:09:56,232 INFO applying index migration 0012 (0012_whisper_transcripts.sql)
2026-09-09 08:09:56,236 INFO applying index migration 0013 (0013_monitored_playlists.sql)
2026-09-09 08:09:56,238 INFO applying index migration 0014 (0014_writing_studio.sql)
2026-09-09 08:09:56,239 INFO applying index migration 0015 (0015_universal_site.sql)
2026-09-09 08:09:56,241 INFO applying index migration 0016 (0016_default_style_anchors.sql)
2026-09-09 08:09:56,244 INFO applying index migration 0017 (0017_pending_long_video_mode.sql)
2026-09-09 08:09:56,246 INFO applying index migration 0018 (0018_writing_drafts.sql)
2026-09-09 08:09:56,248 INFO applying index migration 0019 (0019_auto_uoink.sql)
2026-09-09 08:09:56,250 INFO applying index migration 0020 (0020_platform_author.sql)
2026-09-09 08:09:56,253 INFO applying index migration 0021 (0021_suite_engagement.sql)
2026-09-09 08:09:56,254 INFO applying index migration 0022 (0022_podcast_corpus.sql)
2026-09-09 08:09:56,257 INFO applying index migration 0023 (0023_podcast_watch.sql)
2026-09-09 08:09:56,259 INFO applying index migration 0024 (0024_clips.sql)
2026-09-09 08:09:56,262 INFO applying index migration 0025 (0025_source_type_backfill.sql)
2026-09-09 08:09:56,264 INFO applying index migration 0026 (0026_provenance_precedence.sql)
2026-09-09 08:09:56,265 INFO applying index migration 0027 (0027_library_substrate.sql)
2026-09-09 08:09:56,268 INFO applying index migration 0028 (0028_source_subscriptions.sql)
2026-09-09 08:09:56,271 INFO applying index migration 0030 (0030_media_depth.sql)
.2026-09-09 08:09:56,362 INFO applying index migration 0001 (0001_initial_schema.sql)
2026-09-09 08:09:56,367 INFO applying index migration 0002 (0002_entity_graph.sql)
2026-09-09 08:09:56,369 INFO applying index migration 0003 (0003_taxonomy_corrections.sql)
2026-09-09 08:09:56,370 INFO applying index migration 0004 (0004_memory_indexes.sql)
2026-09-09 08:09:56,372 INFO applying index migration 0005 (0005_pending_yoinks.sql)
2026-09-09 08:09:56,375 INFO applying index migration 0006 (0006_v2_schema.sql)
2026-09-09 08:09:56,377 INFO applying index migration 0007 (0007_p4_workspaces.sql)
2026-09-09 08:09:56,378 INFO applying index migration 0008 (0008_a2_claims.sql)
2026-09-09 08:09:56,380 INFO applying index migration 0009 (0009_p5_scripts.sql)
2026-09-09 08:09:56,382 INFO applying index migration 0010 (0010_podcast_feeds.sql)
2026-09-09 08:09:56,384 INFO applying index migration 0011 (0011_podcast_audio.sql)
2026-09-09 08:09:56,386 INFO applying index migration 0012 (0012_whisper_transcripts.sql)
2026-09-09 08:09:56,389 INFO applying index migration 0013 (0013_monitored_playlists.sql)
2026-09-09 08:09:56,391 INFO applying index migration 0014 (0014_writing_studio.sql)
2026-09-09 08:09:56,393 INFO applying index migration 0015 (0015_universal_site.sql)
2026-09-09 08:09:56,395 INFO applying index migration 0016 (0016_default_style_anchors.sql)
2026-09-09 08:09:56,397 INFO applying index migration 0017 (0017_pending_long_video_mode.sql)
2026-09-09 08:09:56,400 INFO applying index migration 0018 (0018_writing_drafts.sql)
2026-09-09 08:09:56,401 INFO applying index migration 0019 (0019_auto_uoink.sql)
2026-09-09 08:09:56,403 INFO applying index migration 0020 (0020_platform_author.sql)
2026-09-09 08:09:56,405 INFO applying index migration 0021 (0021_suite_engagement.sql)
2026-09-09 08:09:56,408 INFO applying index migration 0022 (0022_podcast_corpus.sql)
2026-09-09 08:09:56,411 INFO applying index migration 0023 (0023_podcast_watch.sql)
2026-09-09 08:09:56,413 INFO applying index migration 0024 (0024_clips.sql)
2026-09-09 08:09:56,415 INFO applying index migration 0025 (0025_source_type_backfill.sql)
2026-09-09 08:09:56,418 INFO applying index migration 0026 (0026_provenance_precedence.sql)
2026-09-09 08:09:56,420 INFO applying index migration 0027 (0027_library_substrate.sql)
2026-09-09 08:09:56,423 INFO applying index migration 0028 (0028_source_subscriptions.sql)
2026-09-09 08:09:56,425 INFO applying index migration 0030 (0030_media_depth.sql)
.2026-09-09 08:09:56,496 INFO applying index migration 0001 (0001_initial_schema.sql)
2026-09-09 08:09:56,500 INFO applying index migration 0002 (0002_entity_graph.sql)
2026-09-09 08:09:56,503 INFO applying index migration 0003 (0003_taxonomy_corrections.sql)
2026-09-09 08:09:56,505 INFO applying index migration 0004 (0004_memory_indexes.sql)
2026-09-09 08:09:56,506 INFO applying index migration 0005 (0005_pending_yoinks.sql)
2026-09-09 08:09:56,508 INFO applying index migration 0006 (0006_v2_schema.sql)
2026-09-09 08:09:56,511 INFO applying index migration 0007 (0007_p4_workspaces.sql)
2026-09-09 08:09:56,513 INFO applying index migration 0008 (0008_a2_claims.sql)
2026-09-09 08:09:56,514 INFO applying index migration 0009 (0009_p5_scripts.sql)
2026-09-09 08:09:56,516 INFO applying index migration 0010 (0010_podcast_feeds.sql)
2026-09-09 08:09:56,518 INFO applying index migration 0011 (0011_podcast_audio.sql)
2026-09-09 08:09:56,521 INFO applying index migration 0012 (0012_whisper_transcripts.sql)
2026-09-09 08:09:56,523 INFO applying index migration 0013 (0013_monitored_playlists.sql)
2026-09-09 08:09:56,525 INFO applying index migration 0014 (0014_writing_studio.sql)
2026-09-09 08:09:56,528 INFO applying index migration 0015 (0015_universal_site.sql)
2026-09-09 08:09:56,529 INFO applying index migration 0016 (0016_default_style_anchors.sql)
2026-09-09 08:09:56,531 INFO applying index migration 0017 (0017_pending_long_video_mode.sql)
2026-09-09 08:09:56,533 INFO applying index migration 0018 (0018_writing_drafts.sql)
2026-09-09 08:09:56,535 INFO applying index migration 0019 (0019_auto_uoink.sql)
2026-09-09 08:09:56,537 INFO applying index migration 0020 (0020_platform_author.sql)
2026-09-09 08:09:56,539 INFO applying index migration 0021 (0021_suite_engagement.sql)
2026-09-09 08:09:56,541 INFO applying index migration 0022 (0022_podcast_corpus.sql)
2026-09-09 08:09:56,545 INFO applying index migration 0023 (0023_podcast_watch.sql)
2026-09-09 08:09:56,547 INFO applying index migration 0024 (0024_clips.sql)
2026-09-09 08:09:56,549 INFO applying index migration 0025 (0025_source_type_backfill.sql)
2026-09-09 08:09:56,551 INFO applying index migration 0026 (0026_provenance_precedence.sql)
2026-09-09 08:09:56,553 INFO applying index migration 0027 (0027_library_substrate.sql)
2026-09-09 08:09:56,556 INFO applying index migration 0028 (0028_source_subscriptions.sql)
2026-09-09 08:09:56,558 INFO applying index migration 0030 (0030_media_depth.sql)
.2026-09-09 08:09:56,593 INFO applying index migration 0001 (0001_initial_schema.sql)
2026-09-09 08:09:56,598 INFO applying index migration 0002 (0002_entity_graph.sql)
2026-09-09 08:09:56,600 INFO applying index migration 0003 (0003_taxonomy_corrections.sql)
2026-09-09 08:09:56,602 INFO applying index migration 0004 (0004_memory_indexes.sql)
2026-09-09 08:09:56,605 INFO applying index migration 0005 (0005_pending_yoinks.sql)
2026-09-09 08:09:56,606 INFO applying index migration 0006 (0006_v2_schema.sql)
2026-09-09 08:09:56,608 INFO applying index migration 0007 (0007_p4_workspaces.sql)
2026-09-09 08:09:56,610 INFO applying index migration 0008 (0008_a2_claims.sql)
2026-09-09 08:09:56,612 INFO applying index migration 0009 (0009_p5_scripts.sql)
2026-09-09 08:09:56,614 INFO applying index migration 0010 (0010_podcast_feeds.sql)
2026-09-09 08:09:56,615 INFO applying index migration 0011 (0011_podcast_audio.sql)
2026-09-09 08:09:56,618 INFO applying index migration 0012 (0012_whisper_transcripts.sql)
2026-09-09 08:09:56,621 INFO applying index migration 0013 (0013_monitored_playlists.sql)
2026-09-09 08:09:56,623 INFO applying index migration 0014 (0014_writing_studio.sql)
2026-09-09 08:09:56,625 INFO applying index migration 0015 (0015_universal_site.sql)
2026-09-09 08:09:56,627 INFO applying index migration 0016 (0016_default_style_anchors.sql)
2026-09-09 08:09:56,629 INFO applying index migration 0017 (0017_pending_long_video_mode.sql)
2026-09-09 08:09:56,631 INFO applying index migration 0018 (0018_writing_drafts.sql)
2026-09-09 08:09:56,633 INFO applying index migration 0019 (0019_auto_uoink.sql)
2026-09-09 08:09:56,635 INFO applying index migration 0020 (0020_platform_author.sql)
2026-09-09 08:09:56,638 INFO applying index migration 0021 (0021_suite_engagement.sql)
2026-09-09 08:09:56,640 INFO applying index migration 0022 (0022_podcast_corpus.sql)
2026-09-09 08:09:56,643 INFO applying index migration 0023 (0023_podcast_watch.sql)
2026-09-09 08:09:56,645 INFO applying index migration 0024 (0024_clips.sql)
2026-09-09 08:09:56,648 INFO applying index migration 0025 (0025_source_type_backfill.sql)
2026-09-09 08:09:56,649 INFO applying index migration 0026 (0026_provenance_precedence.sql)
2026-09-09 08:09:56,651 INFO applying index migration 0027 (0027_library_substrate.sql)
2026-09-09 08:09:56,654 INFO applying index migration 0028 (0028_source_subscriptions.sql)
2026-09-09 08:09:56,658 INFO applying index migration 0030 (0030_media_depth.sql)
.2026-09-09 08:09:56,693 INFO applying index migration 0001 (0001_initial_schema.sql)
2026-09-09 08:09:56,697 INFO applying index migration 0002 (0002_entity_graph.sql)
2026-09-09 08:09:56,700 INFO applying index migration 0003 (0003_taxonomy_corrections.sql)
2026-09-09 08:09:56,701 INFO applying index migration 0004 (0004_memory_indexes.sql)
2026-09-09 08:09:56,703 INFO applying index migration 0005 (0005_pending_yoinks.sql)
2026-09-09 08:09:56,704 INFO applying index migration 0006 (0006_v2_schema.sql)
2026-09-09 08:09:56,708 INFO applying index migration 0007 (0007_p4_workspaces.sql)
2026-09-09 08:09:56,709 INFO applying index migration 0008 (0008_a2_claims.sql)
2026-09-09 08:09:56,711 INFO applying index migration 0009 (0009_p5_scripts.sql)
2026-09-09 08:09:56,713 INFO applying index migration 0010 (0010_podcast_feeds.sql)
2026-09-09 08:09:56,715 INFO applying index migration 0011 (0011_podcast_audio.sql)
2026-09-09 08:09:56,717 INFO applying index migration 0012 (0012_whisper_transcripts.sql)
2026-09-09 08:09:56,720 INFO applying index migration 0013 (0013_monitored_playlists.sql)
2026-09-09 08:09:56,722 INFO applying index migration 0014 (0014_writing_studio.sql)
2026-09-09 08:09:56,724 INFO applying index migration 0015 (0015_universal_site.sql)
2026-09-09 08:09:56,726 INFO applying index migration 0016 (0016_default_style_anchors.sql)
2026-09-09 08:09:56,728 INFO applying index migration 0017 (0017_pending_long_video_mode.sql)
2026-09-09 08:09:56,729 INFO applying index migration 0018 (0018_writing_drafts.sql)
2026-09-09 08:09:56,732 INFO applying index migration 0019 (0019_auto_uoink.sql)
2026-09-09 08:09:56,734 INFO applying index migration 0020 (0020_platform_author.sql)
2026-09-09 08:09:56,736 INFO applying index migration 0021 (0021_suite_engagement.sql)
2026-09-09 08:09:56,738 INFO applying index migration 0022 (0022_podcast_corpus.sql)
2026-09-09 08:09:56,741 INFO applying index migration 0023 (0023_podcast_watch.sql)
2026-09-09 08:09:56,743 INFO applying index migration 0024 (0024_clips.sql)
2026-09-09 08:09:56,745 INFO applying index migration 0025 (0025_source_type_backfill.sql)
2026-09-09 08:09:56,747 INFO applying index migration 0026 (0026_provenance_precedence.sql)
2026-09-09 08:09:56,750 INFO applying index migration 0027 (0027_library_substrate.sql)
2026-09-09 08:09:56,752 INFO applying index migration 0028 (0028_source_subscriptions.sql)
2026-09-09 08:09:56,755 INFO applying index migration 0030 (0030_media_depth.sql)
.2026-09-09 08:09:56,790 INFO applying index migration 0001 (0001_initial_schema.sql)
2026-09-09 08:09:56,795 INFO applying index migration 0002 (0002_entity_graph.sql)
2026-09-09 08:09:56,797 INFO applying index migration 0003 (0003_taxonomy_corrections.sql)
2026-09-09 08:09:56,798 INFO applying index migration 0004 (0004_memory_indexes.sql)
2026-09-09 08:09:56,801 INFO applying index migration 0005 (0005_pending_yoinks.sql)
2026-09-09 08:09:56,803 INFO applying index migration 0006 (0006_v2_schema.sql)
2026-09-09 08:09:56,805 INFO applying index migration 0007 (0007_p4_workspaces.sql)
2026-09-09 08:09:56,806 INFO applying index migration 0008 (0008_a2_claims.sql)
2026-09-09 08:09:56,809 INFO applying index migration 0009 (0009_p5_scripts.sql)
2026-09-09 08:09:56,810 INFO applying index migration 0010 (0010_podcast_feeds.sql)
2026-09-09 08:09:56,812 INFO applying index migration 0011 (0011_podcast_audio.sql)
2026-09-09 08:09:56,814 INFO applying index migration 0012 (0012_whisper_transcripts.sql)
2026-09-09 08:09:56,818 INFO applying index migration 0013 (0013_monitored_playlists.sql)
2026-09-09 08:09:56,819 INFO applying index migration 0014 (0014_writing_studio.sql)
2026-09-09 08:09:56,821 INFO applying index migration 0015 (0015_universal_site.sql)
2026-09-09 08:09:56,823 INFO applying index migration 0016 (0016_default_style_anchors.sql)
2026-09-09 08:09:56,825 INFO applying index migration 0017 (0017_pending_long_video_mode.sql)
2026-09-09 08:09:56,827 INFO applying index migration 0018 (0018_writing_drafts.sql)
2026-09-09 08:09:56,829 INFO applying index migration 0019 (0019_auto_uoink.sql)
2026-09-09 08:09:56,831 INFO applying index migration 0020 (0020_platform_author.sql)
2026-09-09 08:09:56,833 INFO applying index migration 0021 (0021_suite_engagement.sql)
2026-09-09 08:09:56,835 INFO applying index migration 0022 (0022_podcast_corpus.sql)
2026-09-09 08:09:56,838 INFO applying index migration 0023 (0023_podcast_watch.sql)
2026-09-09 08:09:56,840 INFO applying index migration 0024 (0024_clips.sql)
2026-09-09 08:09:56,843 INFO applying index migration 0025 (0025_source_type_backfill.sql)
2026-09-09 08:09:56,845 INFO applying index migration 0026 (0026_provenance_precedence.sql)
2026-09-09 08:09:56,846 INFO applying index migration 0027 (0027_library_substrate.sql)
2026-09-09 08:09:56,849 INFO applying index migration 0028 (0028_source_subscriptions.sql)
2026-09-09 08:09:56,853 INFO applying index migration 0030 (0030_media_depth.sql)
.2026-09-09 08:09:56,886 INFO applying index migration 0001 (0001_initial_schema.sql)
2026-09-09 08:09:56,890 INFO applying index migration 0002 (0002_entity_graph.sql)
2026-09-09 08:09:56,893 INFO applying index migration 0003 (0003_taxonomy_corrections.sql)
2026-09-09 08:09:56,895 INFO applying index migration 0004 (0004_memory_indexes.sql)
2026-09-09 08:09:56,896 INFO applying index migration 0005 (0005_pending_yoinks.sql)
2026-09-09 08:09:56,898 INFO applying index migration 0006 (0006_v2_schema.sql)
2026-09-09 08:09:56,901 INFO applying index migration 0007 (0007_p4_workspaces.sql)
2026-09-09 08:09:56,903 INFO applying index migration 0008 (0008_a2_claims.sql)
2026-09-09 08:09:56,904 INFO applying index migration 0009 (0009_p5_scripts.sql)
2026-09-09 08:09:56,906 INFO applying index migration 0010 (0010_podcast_feeds.sql)
2026-09-09 08:09:56,908 INFO applying index migration 0011 (0011_podcast_audio.sql)
2026-09-09 08:09:56,911 INFO applying index migration 0012 (0012_whisper_transcripts.sql)
2026-09-09 08:09:56,913 INFO applying index migration 0013 (0013_monitored_playlists.sql)
2026-09-09 08:09:56,915 INFO applying index migration 0014 (0014_writing_studio.sql)
2026-09-09 08:09:56,918 INFO applying index migration 0015 (0015_universal_site.sql)
2026-09-09 08:09:56,919 INFO applying index migration 0016 (0016_default_style_anchors.sql)
2026-09-09 08:09:56,921 INFO applying index migration 0017 (0017_pending_long_video_mode.sql)
2026-09-09 08:09:56,922 INFO applying index migration 0018 (0018_writing_drafts.sql)
2026-09-09 08:09:56,925 INFO applying index migration 0019 (0019_auto_uoink.sql)
2026-09-09 08:09:56,927 INFO applying index migration 0020 (0020_platform_author.sql)
2026-09-09 08:09:56,929 INFO applying index migration 0021 (0021_suite_engagement.sql)
2026-09-09 08:09:56,931 INFO applying index migration 0022 (0022_podcast_corpus.sql)
2026-09-09 08:09:56,934 INFO applying index migration 0023 (0023_podcast_watch.sql)
2026-09-09 08:09:56,937 INFO applying index migration 0024 (0024_clips.sql)
2026-09-09 08:09:56,939 INFO applying index migration 0025 (0025_source_type_backfill.sql)
2026-09-09 08:09:56,940 INFO applying index migration 0026 (0026_provenance_precedence.sql)
2026-09-09 08:09:56,943 INFO applying index migration 0027 (0027_library_substrate.sql)
2026-09-09 08:09:56,946 INFO applying index migration 0028 (0028_source_subscriptions.sql)
2026-09-09 08:09:56,948 INFO applying index migration 0030 (0030_media_depth.sql)
.2026-09-09 08:09:57,030 INFO applying index migration 0001 (0001_initial_schema.sql)
2026-09-09 08:09:57,035 INFO applying index migration 0002 (0002_entity_graph.sql)
2026-09-09 08:09:57,037 INFO applying index migration 0003 (0003_taxonomy_corrections.sql)
2026-09-09 08:09:57,039 INFO applying index migration 0004 (0004_memory_indexes.sql)
2026-09-09 08:09:57,040 INFO applying index migration 0005 (0005_pending_yoinks.sql)
2026-09-09 08:09:57,042 INFO applying index migration 0006 (0006_v2_schema.sql)
2026-09-09 08:09:57,045 INFO applying index migration 0007 (0007_p4_workspaces.sql)
2026-09-09 08:09:57,046 INFO applying index migration 0008 (0008_a2_claims.sql)
2026-09-09 08:09:57,048 INFO applying index migration 0009 (0009_p5_scripts.sql)
2026-09-09 08:09:57,049 INFO applying index migration 0010 (0010_podcast_feeds.sql)
2026-09-09 08:09:57,052 INFO applying index migration 0011 (0011_podcast_audio.sql)
2026-09-09 08:09:57,054 INFO applying index migration 0012 (0012_whisper_transcripts.sql)
2026-09-09 08:09:57,057 INFO applying index migration 0013 (0013_monitored_playlists.sql)
2026-09-09 08:09:57,058 INFO applying index migration 0014 (0014_writing_studio.sql)
2026-09-09 08:09:57,061 INFO applying index migration 0015 (0015_universal_site.sql)
2026-09-09 08:09:57,063 INFO applying index migration 0016 (0016_default_style_anchors.sql)
2026-09-09 08:09:57,065 INFO applying index migration 0017 (0017_pending_long_video_mode.sql)
2026-09-09 08:09:57,066 INFO applying index migration 0018 (0018_writing_drafts.sql)
2026-09-09 08:09:57,069 INFO applying index migration 0019 (0019_auto_uoink.sql)
2026-09-09 08:09:57,071 INFO applying index migration 0020 (0020_platform_author.sql)
2026-09-09 08:09:57,073 INFO applying index migration 0021 (0021_suite_engagement.sql)
2026-09-09 08:09:57,075 INFO applying index migration 0022 (0022_podcast_corpus.sql)
2026-09-09 08:09:57,078 INFO applying index migration 0023 (0023_podcast_watch.sql)
2026-09-09 08:09:57,081 INFO applying index migration 0024 (0024_clips.sql)
2026-09-09 08:09:57,082 INFO applying index migration 0025 (0025_source_type_backfill.sql)
2026-09-09 08:09:57,084 INFO applying index migration 0026 (0026_provenance_precedence.sql)
2026-09-09 08:09:57,087 INFO applying index migration 0027 (0027_library_substrate.sql)
2026-09-09 08:09:57,090 INFO applying index migration 0028 (0028_source_subscriptions.sql)
2026-09-09 08:09:57,092 INFO applying index migration 0030 (0030_media_depth.sql)
.2026-09-09 08:09:57,122 INFO applying index migration 0001 (0001_initial_schema.sql)
2026-09-09 08:09:57,127 INFO applying index migration 0002 (0002_entity_graph.sql)
2026-09-09 08:09:57,129 INFO applying index migration 0003 (0003_taxonomy_corrections.sql)
2026-09-09 08:09:57,130 INFO applying index migration 0004 (0004_memory_indexes.sql)
2026-09-09 08:09:57,133 INFO applying index migration 0005 (0005_pending_yoinks.sql)
2026-09-09 08:09:57,134 INFO applying index migration 0006 (0006_v2_schema.sql)
2026-09-09 08:09:57,136 INFO applying index migration 0007 (0007_p4_workspaces.sql)
2026-09-09 08:09:57,138 INFO applying index migration 0008 (0008_a2_claims.sql)
2026-09-09 08:09:57,141 INFO applying index migration 0009 (0009_p5_scripts.sql)
2026-09-09 08:09:57,142 INFO applying index migration 0010 (0010_podcast_feeds.sql)
2026-09-09 08:09:57,144 INFO applying index migration 0011 (0011_podcast_audio.sql)
2026-09-09 08:09:57,146 INFO applying index migration 0012 (0012_whisper_transcripts.sql)
2026-09-09 08:09:57,150 INFO applying index migration 0013 (0013_monitored_playlists.sql)
2026-09-09 08:09:57,151 INFO applying index migration 0014 (0014_writing_studio.sql)
2026-09-09 08:09:57,153 INFO applying index migration 0015 (0015_universal_site.sql)
2026-09-09 08:09:57,155 INFO applying index migration 0016 (0016_default_style_anchors.sql)
2026-09-09 08:09:57,157 INFO applying index migration 0017 (0017_pending_long_video_mode.sql)
2026-09-09 08:09:57,159 INFO applying index migration 0018 (0018_writing_drafts.sql)
2026-09-09 08:09:57,161 INFO applying index migration 0019 (0019_auto_uoink.sql)
2026-09-09 08:09:57,163 INFO applying index migration 0020 (0020_platform_author.sql)
2026-09-09 08:09:57,166 INFO applying index migration 0021 (0021_suite_engagement.sql)
2026-09-09 08:09:57,167 INFO applying index migration 0022 (0022_podcast_corpus.sql)
2026-09-09 08:09:57,170 INFO applying index migration 0023 (0023_podcast_watch.sql)
2026-09-09 08:09:57,172 INFO applying index migration 0024 (0024_clips.sql)
2026-09-09 08:09:57,175 INFO applying index migration 0025 (0025_source_type_backfill.sql)
2026-09-09 08:09:57,177 INFO applying index migration 0026 (0026_provenance_precedence.sql)
2026-09-09 08:09:57,178 INFO applying index migration 0027 (0027_library_substrate.sql)
2026-09-09 08:09:57,181 INFO applying index migration 0028 (0028_source_subscriptions.sql)
2026-09-09 08:09:57,184 INFO applying index migration 0030 (0030_media_depth.sql)
2026-09-09 08:09:57,239 INFO desktop notification queued: foreground fullscreen
2026-09-09 08:09:57,256 INFO desktop notification queued: foreground fullscreen
.2026-09-09 08:09:57,271 INFO applying index migration 0001 (0001_initial_schema.sql)
2026-09-09 08:09:57,276 INFO applying index migration 0002 (0002_entity_graph.sql)
2026-09-09 08:09:57,277 INFO applying index migration 0003 (0003_taxonomy_corrections.sql)
2026-09-09 08:09:57,279 INFO applying index migration 0004 (0004_memory_indexes.sql)
2026-09-09 08:09:57,281 INFO applying index migration 0005 (0005_pending_yoinks.sql)
2026-09-09 08:09:57,283 INFO applying index migration 0006 (0006_v2_schema.sql)
2026-09-09 08:09:57,285 INFO applying index migration 0007 (0007_p4_workspaces.sql)
2026-09-09 08:09:57,287 INFO applying index migration 0008 (0008_a2_claims.sql)
2026-09-09 08:09:57,288 INFO applying index migration 0009 (0009_p5_scripts.sql)
2026-09-09 08:09:57,291 INFO applying index migration 0010 (0010_podcast_feeds.sql)
2026-09-09 08:09:57,292 INFO applying index migration 0011 (0011_podcast_audio.sql)
2026-09-09 08:09:57,295 INFO applying index migration 0012 (0012_whisper_transcripts.sql)
2026-09-09 08:09:57,297 INFO applying index migration 0013 (0013_monitored_playlists.sql)
2026-09-09 08:09:57,300 INFO applying index migration 0014 (0014_writing_studio.sql)
2026-09-09 08:09:57,302 INFO applying index migration 0015 (0015_universal_site.sql)
2026-09-09 08:09:57,304 INFO applying index migration 0016 (0016_default_style_anchors.sql)
2026-09-09 08:09:57,306 INFO applying index migration 0017 (0017_pending_long_video_mode.sql)
2026-09-09 08:09:57,309 INFO applying index migration 0018 (0018_writing_drafts.sql)
2026-09-09 08:09:57,311 INFO applying index migration 0019 (0019_auto_uoink.sql)
2026-09-09 08:09:57,313 INFO applying index migration 0020 (0020_platform_author.sql)
2026-09-09 08:09:57,315 INFO applying index migration 0021 (0021_suite_engagement.sql)
2026-09-09 08:09:57,318 INFO applying index migration 0022 (0022_podcast_corpus.sql)
2026-09-09 08:09:57,321 INFO applying index migration 0023 (0023_podcast_watch.sql)
2026-09-09 08:09:57,323 INFO applying index migration 0024 (0024_clips.sql)
2026-09-09 08:09:57,325 INFO applying index migration 0025 (0025_source_type_backfill.sql)
2026-09-09 08:09:57,327 INFO applying index migration 0026 (0026_provenance_precedence.sql)
2026-09-09 08:09:57,329 INFO applying index migration 0027 (0027_library_substrate.sql)
2026-09-09 08:09:57,332 INFO applying index migration 0028 (0028_source_subscriptions.sql)
2026-09-09 08:09:57,334 INFO applying index migration 0030 (0030_media_depth.sql)
.2026-09-09 08:09:57,457 INFO applying index migration 0001 (0001_initial_schema.sql)
2026-09-09 08:09:57,463 INFO applying index migration 0002 (0002_entity_graph.sql)
2026-09-09 08:09:57,465 INFO applying index migration 0003 (0003_taxonomy_corrections.sql)
2026-09-09 08:09:57,467 INFO applying index migration 0004 (0004_memory_indexes.sql)
2026-09-09 08:09:57,469 INFO applying index migration 0005 (0005_pending_yoinks.sql)
2026-09-09 08:09:57,470 INFO applying index migration 0006 (0006_v2_schema.sql)
2026-09-09 08:09:57,472 INFO applying index migration 0007 (0007_p4_workspaces.sql)
2026-09-09 08:09:57,475 INFO applying index migration 0008 (0008_a2_claims.sql)
2026-09-09 08:09:57,477 INFO applying index migration 0009 (0009_p5_scripts.sql)
2026-09-09 08:09:57,478 INFO applying index migration 0010 (0010_podcast_feeds.sql)
2026-09-09 08:09:57,480 INFO applying index migration 0011 (0011_podcast_audio.sql)
2026-09-09 08:09:57,483 INFO applying index migration 0012 (0012_whisper_transcripts.sql)
2026-09-09 08:09:57,486 INFO applying index migration 0013 (0013_monitored_playlists.sql)
2026-09-09 08:09:57,488 INFO applying index migration 0014 (0014_writing_studio.sql)
2026-09-09 08:09:57,490 INFO applying index migration 0015 (0015_universal_site.sql)
2026-09-09 08:09:57,493 INFO applying index migration 0016 (0016_default_style_anchors.sql)
2026-09-09 08:09:57,494 INFO applying index migration 0017 (0017_pending_long_video_mode.sql)
2026-09-09 08:09:57,496 INFO applying index migration 0018 (0018_writing_drafts.sql)
2026-09-09 08:09:57,498 INFO applying index migration 0019 (0019_auto_uoink.sql)
2026-09-09 08:09:57,501 INFO applying index migration 0020 (0020_platform_author.sql)
2026-09-09 08:09:57,503 INFO applying index migration 0021 (0021_suite_engagement.sql)
2026-09-09 08:09:57,505 INFO applying index migration 0022 (0022_podcast_corpus.sql)
2026-09-09 08:09:57,507 INFO applying index migration 0023 (0023_podcast_watch.sql)
2026-09-09 08:09:57,510 INFO applying index migration 0024 (0024_clips.sql)
2026-09-09 08:09:57,512 INFO applying index migration 0025 (0025_source_type_backfill.sql)
2026-09-09 08:09:57,514 INFO applying index migration 0026 (0026_provenance_precedence.sql)
2026-09-09 08:09:57,515 INFO applying index migration 0027 (0027_library_substrate.sql)
2026-09-09 08:09:57,520 INFO applying index migration 0028 (0028_source_subscriptions.sql)
2026-09-09 08:09:57,522 INFO applying index migration 0030 (0030_media_depth.sql)
.2026-09-09 08:09:57,550 INFO applying index migration 0001 (0001_initial_schema.sql)
2026-09-09 08:09:57,555 INFO applying index migration 0002 (0002_entity_graph.sql)
2026-09-09 08:09:57,556 INFO applying index migration 0003 (0003_taxonomy_corrections.sql)
2026-09-09 08:09:57,558 INFO applying index migration 0004 (0004_memory_indexes.sql)
2026-09-09 08:09:57,559 INFO applying index migration 0005 (0005_pending_yoinks.sql)
2026-09-09 08:09:57,562 INFO applying index migration 0006 (0006_v2_schema.sql)
2026-09-09 08:09:57,564 INFO applying index migration 0007 (0007_p4_workspaces.sql)
2026-09-09 08:09:57,566 INFO applying index migration 0008 (0008_a2_claims.sql)
2026-09-09 08:09:57,567 INFO applying index migration 0009 (0009_p5_scripts.sql)
2026-09-09 08:09:57,570 INFO applying index migration 0010 (0010_podcast_feeds.sql)
2026-09-09 08:09:57,571 INFO applying index migration 0011 (0011_podcast_audio.sql)
2026-09-09 08:09:57,573 INFO applying index migration 0012 (0012_whisper_transcripts.sql)
2026-09-09 08:09:57,576 INFO applying index migration 0013 (0013_monitored_playlists.sql)
2026-09-09 08:09:57,579 INFO applying index migration 0014 (0014_writing_studio.sql)
2026-09-09 08:09:57,580 INFO applying index migration 0015 (0015_universal_site.sql)
2026-09-09 08:09:57,582 INFO applying index migration 0016 (0016_default_style_anchors.sql)
2026-09-09 08:09:57,584 INFO applying index migration 0017 (0017_pending_long_video_mode.sql)
2026-09-09 08:09:57,587 INFO applying index migration 0018 (0018_writing_drafts.sql)
2026-09-09 08:09:57,588 INFO applying index migration 0019 (0019_auto_uoink.sql)
2026-09-09 08:09:57,590 INFO applying index migration 0020 (0020_platform_author.sql)
2026-09-09 08:09:57,592 INFO applying index migration 0021 (0021_suite_engagement.sql)
2026-09-09 08:09:57,595 INFO applying index migration 0022 (0022_podcast_corpus.sql)
2026-09-09 08:09:57,598 INFO applying index migration 0023 (0023_podcast_watch.sql)
2026-09-09 08:09:57,600 INFO applying index migration 0024 (0024_clips.sql)
2026-09-09 08:09:57,602 INFO applying index migration 0025 (0025_source_type_backfill.sql)
2026-09-09 08:09:57,605 INFO applying index migration 0026 (0026_provenance_precedence.sql)
2026-09-09 08:09:57,606 INFO applying index migration 0027 (0027_library_substrate.sql)
2026-09-09 08:09:57,609 INFO applying index migration 0028 (0028_source_subscriptions.sql)
2026-09-09 08:09:57,612 INFO applying index migration 0030 (0030_media_depth.sql)
.2026-09-09 08:09:57,648 INFO applying index migration 0001 (0001_initial_schema.sql)
2026-09-09 08:09:57,653 INFO applying index migration 0002 (0002_entity_graph.sql)
2026-09-09 08:09:57,655 INFO applying index migration 0003 (0003_taxonomy_corrections.sql)
2026-09-09 08:09:57,658 INFO applying index migration 0004 (0004_memory_indexes.sql)
2026-09-09 08:09:57,659 INFO applying index migration 0005 (0005_pending_yoinks.sql)
2026-09-09 08:09:57,660 INFO applying index migration 0006 (0006_v2_schema.sql)
2026-09-09 08:09:57,663 INFO applying index migration 0007 (0007_p4_workspaces.sql)
2026-09-09 08:09:57,666 INFO applying index migration 0008 (0008_a2_claims.sql)
2026-09-09 08:09:57,667 INFO applying index migration 0009 (0009_p5_scripts.sql)
2026-09-09 08:09:57,669 INFO applying index migration 0010 (0010_podcast_feeds.sql)
2026-09-09 08:09:57,670 INFO applying index migration 0011 (0011_podcast_audio.sql)
2026-09-09 08:09:57,674 INFO applying index migration 0012 (0012_whisper_transcripts.sql)
2026-09-09 08:09:57,676 INFO applying index migration 0013 (0013_monitored_playlists.sql)
2026-09-09 08:09:57,678 INFO applying index migration 0014 (0014_writing_studio.sql)
2026-09-09 08:09:57,679 INFO applying index migration 0015 (0015_universal_site.sql)
2026-09-09 08:09:57,682 INFO applying index migration 0016 (0016_default_style_anchors.sql)
2026-09-09 08:09:57,684 INFO applying index migration 0017 (0017_pending_long_video_mode.sql)
2026-09-09 08:09:57,686 INFO applying index migration 0018 (0018_writing_drafts.sql)
2026-09-09 08:09:57,687 INFO applying index migration 0019 (0019_auto_uoink.sql)
2026-09-09 08:09:57,690 INFO applying index migration 0020 (0020_platform_author.sql)
2026-09-09 08:09:57,693 INFO applying index migration 0021 (0021_suite_engagement.sql)
2026-09-09 08:09:57,695 INFO applying index migration 0022 (0022_podcast_corpus.sql)
2026-09-09 08:09:57,698 INFO applying index migration 0023 (0023_podcast_watch.sql)
2026-09-09 08:09:57,701 INFO applying index migration 0024 (0024_clips.sql)
2026-09-09 08:09:57,703 INFO applying index migration 0025 (0025_source_type_backfill.sql)
2026-09-09 08:09:57,705 INFO applying index migration 0026 (0026_provenance_precedence.sql)
2026-09-09 08:09:57,707 INFO applying index migration 0027 (0027_library_substrate.sql)
2026-09-09 08:09:57,711 INFO applying index migration 0028 (0028_source_subscriptions.sql)
2026-09-09 08:09:57,714 INFO applying index migration 0030 (0030_media_depth.sql)
.........                                           [100%]
============================== warnings summary ===============================
tests/test_podcast_background_jobs.py: 16 warnings
tests/test_podcast_corpus_bridge.py: 38 warnings
tests/test_podcast_durability.py: 10 warnings
  E:\AI\projects\uoink\checkouts\Yoink-library\podcasts.py:76: DeprecationWarning: datetime.datetime.utcnow() is deprecated and scheduled for removal in a future version. Use timezone-aware objects to represent datetimes in UTC: datetime.datetime.now(datetime.UTC).
    return datetime.utcnow().replace(microsecond=0).isoformat() + "Z"

tests/test_podcast_background_jobs.py::test_transcription_queue_is_single_worker_and_progress_is_durable
tests/test_podcast_background_jobs.py::test_transcription_queue_is_single_worker_and_progress_is_durable
tests/test_podcast_background_jobs.py::test_restarted_job_reuses_a_completed_transcript
tests/test_podcast_background_jobs.py::test_auto_transcription_publishes_and_toasts_after_corpus_commit
tests/test_podcast_background_jobs.py::test_auto_publish_failure_preserves_completed_transcript_for_retry
tests/test_podcast_durability.py::test_all_podcast_state_transitions_survive_close_reopen
  E:\AI\projects\uoink\checkouts\Yoink-library\whisper_runner.py:84: DeprecationWarning: datetime.datetime.utcnow() is deprecated and scheduled for removal in a future version. Use timezone-aware objects to represent datetimes in UTC: datetime.datetime.now(datetime.UTC).
    return datetime.utcnow().replace(microsecond=0).isoformat() + "Z"

tests/test_podcast_corpus_bridge.py::test_episode_bridge_is_stable_searchable_and_source_aware[True]
tests/test_podcast_corpus_bridge.py::test_episode_bridge_is_stable_searchable_and_source_aware[True]
tests/test_podcast_corpus_bridge.py::test_episode_bridge_is_stable_searchable_and_source_aware[False]
tests/test_podcast_corpus_bridge.py::test_episode_bridge_is_stable_searchable_and_source_aware[False]
  E:\AI\projects\uoink\checkouts\Yoink-library\memory_layer.py:90: DeprecationWarning: datetime.datetime.utcnow() is deprecated and scheduled for removal in a future version. Use timezone-aware objects to represent datetimes in UTC: datetime.datetime.now(datetime.UTC).
    return datetime.utcnow().replace(microsecond=0).isoformat() + "Z"

-- Docs: https://docs.pytest.org/en/stable/how-to/capture-warnings.html
30 passed, 74 warnings in 2.75s
AS6_RESULT {"group": "podcast", "selectors": ["tests/test_podcast_background_jobs.py", "tests/test_podcast_corpus_bridge.py", "tests/test_podcast_durability.py", "tests/test_podcast_url_validation.py", "tests/test_podcast_workflow_truth.py"], "python": "3.14.6 (tags/v3.14.6:c63aec6, Jun 10 2026, 10:26:10) [MSC v.1944 64 bit (AMD64)]", "server_sha256": "a9248d669aec1543f94ea7ac0e571572c27fb4f4fd11bc898c4480aa5bdfdc52", "exit_code": 0, "blocked_attempts": [{"event": "import", "detail": "whisperx"}]}
