whisperx unavailable: ImportError: AS6 blocks model imports: whisperx
2026-09-09 08:09:50,873 INFO applying index migration 0001 (0001_initial_schema.sql)
2026-09-09 08:09:50,879 INFO applying index migration 0002 (0002_entity_graph.sql)
2026-09-09 08:09:50,881 INFO applying index migration 0003 (0003_taxonomy_corrections.sql)
2026-09-09 08:09:50,883 INFO applying index migration 0004 (0004_memory_indexes.sql)
2026-09-09 08:09:50,884 INFO applying index migration 0005 (0005_pending_yoinks.sql)
2026-09-09 08:09:50,887 INFO applying index migration 0006 (0006_v2_schema.sql)
2026-09-09 08:09:50,890 INFO applying index migration 0007 (0007_p4_workspaces.sql)
2026-09-09 08:09:50,891 INFO applying index migration 0008 (0008_a2_claims.sql)
2026-09-09 08:09:50,893 INFO applying index migration 0009 (0009_p5_scripts.sql)
2026-09-09 08:09:50,896 INFO applying index migration 0010 (0010_podcast_feeds.sql)
2026-09-09 08:09:50,897 INFO applying index migration 0011 (0011_podcast_audio.sql)
2026-09-09 08:09:50,899 INFO applying index migration 0012 (0012_whisper_transcripts.sql)
2026-09-09 08:09:50,902 INFO applying index migration 0013 (0013_monitored_playlists.sql)
2026-09-09 08:09:50,904 INFO applying index migration 0014 (0014_writing_studio.sql)
2026-09-09 08:09:50,906 INFO applying index migration 0015 (0015_universal_site.sql)
2026-09-09 08:09:50,908 INFO applying index migration 0016 (0016_default_style_anchors.sql)
2026-09-09 08:09:50,910 INFO applying index migration 0017 (0017_pending_long_video_mode.sql)
2026-09-09 08:09:50,912 INFO applying index migration 0018 (0018_writing_drafts.sql)
2026-09-09 08:09:50,914 INFO applying index migration 0019 (0019_auto_uoink.sql)
2026-09-09 08:09:50,916 INFO applying index migration 0020 (0020_platform_author.sql)
2026-09-09 08:09:50,918 INFO applying index migration 0021 (0021_suite_engagement.sql)
2026-09-09 08:09:50,921 INFO applying index migration 0022 (0022_podcast_corpus.sql)
2026-09-09 08:09:50,924 INFO applying index migration 0023 (0023_podcast_watch.sql)
2026-09-09 08:09:50,926 INFO applying index migration 0024 (0024_clips.sql)
2026-09-09 08:09:50,928 INFO applying index migration 0025 (0025_source_type_backfill.sql)
2026-09-09 08:09:50,931 INFO applying index migration 0026 (0026_provenance_precedence.sql)
2026-09-09 08:09:50,933 INFO applying index migration 0027 (0027_library_substrate.sql)
2026-09-09 08:09:50,936 INFO applying index migration 0028 (0028_source_subscriptions.sql)
2026-09-09 08:09:50,938 INFO applying index migration 0030 (0030_media_depth.sql)
.2026-09-09 08:09:50,973 INFO applying index migration 0001 (0001_initial_schema.sql)
2026-09-09 08:09:50,978 INFO applying index migration 0002 (0002_entity_graph.sql)
2026-09-09 08:09:50,980 INFO applying index migration 0003 (0003_taxonomy_corrections.sql)
2026-09-09 08:09:50,982 INFO applying index migration 0004 (0004_memory_indexes.sql)
2026-09-09 08:09:50,984 INFO applying index migration 0005 (0005_pending_yoinks.sql)
2026-09-09 08:09:50,986 INFO applying index migration 0006 (0006_v2_schema.sql)
2026-09-09 08:09:50,988 INFO applying index migration 0007 (0007_p4_workspaces.sql)
2026-09-09 08:09:50,990 INFO applying index migration 0008 (0008_a2_claims.sql)
2026-09-09 08:09:50,992 INFO applying index migration 0009 (0009_p5_scripts.sql)
2026-09-09 08:09:50,994 INFO applying index migration 0010 (0010_podcast_feeds.sql)
2026-09-09 08:09:50,995 INFO applying index migration 0011 (0011_podcast_audio.sql)
2026-09-09 08:09:50,999 INFO applying index migration 0012 (0012_whisper_transcripts.sql)
2026-09-09 08:09:51,002 INFO applying index migration 0013 (0013_monitored_playlists.sql)
2026-09-09 08:09:51,003 INFO applying index migration 0014 (0014_writing_studio.sql)
2026-09-09 08:09:51,005 INFO applying index migration 0015 (0015_universal_site.sql)
2026-09-09 08:09:51,008 INFO applying index migration 0016 (0016_default_style_anchors.sql)
2026-09-09 08:09:51,010 INFO applying index migration 0017 (0017_pending_long_video_mode.sql)
2026-09-09 08:09:51,011 INFO applying index migration 0018 (0018_writing_drafts.sql)
2026-09-09 08:09:51,013 INFO applying index migration 0019 (0019_auto_uoink.sql)
2026-09-09 08:09:51,016 INFO applying index migration 0020 (0020_platform_author.sql)
2026-09-09 08:09:51,018 INFO applying index migration 0021 (0021_suite_engagement.sql)
2026-09-09 08:09:51,020 INFO applying index migration 0022 (0022_podcast_corpus.sql)
2026-09-09 08:09:51,023 INFO applying index migration 0023 (0023_podcast_watch.sql)
2026-09-09 08:09:51,026 INFO applying index migration 0024 (0024_clips.sql)
2026-09-09 08:09:51,028 INFO applying index migration 0025 (0025_source_type_backfill.sql)
2026-09-09 08:09:51,030 INFO applying index migration 0026 (0026_provenance_precedence.sql)
2026-09-09 08:09:51,032 INFO applying index migration 0027 (0027_library_substrate.sql)
2026-09-09 08:09:51,036 INFO applying index migration 0028 (0028_source_subscriptions.sql)
2026-09-09 08:09:51,039 INFO applying index migration 0030 (0030_media_depth.sql)
.2026-09-09 08:09:51,081 INFO applying index migration 0001 (0001_initial_schema.sql)
2026-09-09 08:09:51,086 INFO applying index migration 0002 (0002_entity_graph.sql)
2026-09-09 08:09:51,088 INFO applying index migration 0003 (0003_taxonomy_corrections.sql)
2026-09-09 08:09:51,091 INFO applying index migration 0004 (0004_memory_indexes.sql)
2026-09-09 08:09:51,092 INFO applying index migration 0005 (0005_pending_yoinks.sql)
2026-09-09 08:09:51,094 INFO applying index migration 0006 (0006_v2_schema.sql)
2026-09-09 08:09:51,096 INFO applying index migration 0007 (0007_p4_workspaces.sql)
2026-09-09 08:09:51,099 INFO applying index migration 0008 (0008_a2_claims.sql)
2026-09-09 08:09:51,100 INFO applying index migration 0009 (0009_p5_scripts.sql)
2026-09-09 08:09:51,102 INFO applying index migration 0010 (0010_podcast_feeds.sql)
2026-09-09 08:09:51,104 INFO applying index migration 0011 (0011_podcast_audio.sql)
2026-09-09 08:09:51,107 INFO applying index migration 0012 (0012_whisper_transcripts.sql)
2026-09-09 08:09:51,110 INFO applying index migration 0013 (0013_monitored_playlists.sql)
2026-09-09 08:09:51,112 INFO applying index migration 0014 (0014_writing_studio.sql)
2026-09-09 08:09:51,113 INFO applying index migration 0015 (0015_universal_site.sql)
2026-09-09 08:09:51,116 INFO applying index migration 0016 (0016_default_style_anchors.sql)
2026-09-09 08:09:51,118 INFO applying index migration 0017 (0017_pending_long_video_mode.sql)
2026-09-09 08:09:51,120 INFO applying index migration 0018 (0018_writing_drafts.sql)
2026-09-09 08:09:51,122 INFO applying index migration 0019 (0019_auto_uoink.sql)
2026-09-09 08:09:51,125 INFO applying index migration 0020 (0020_platform_author.sql)
2026-09-09 08:09:51,127 INFO applying index migration 0021 (0021_suite_engagement.sql)
2026-09-09 08:09:51,129 INFO applying index migration 0022 (0022_podcast_corpus.sql)
2026-09-09 08:09:51,132 INFO applying index migration 0023 (0023_podcast_watch.sql)
2026-09-09 08:09:51,135 INFO applying index migration 0024 (0024_clips.sql)
2026-09-09 08:09:51,137 INFO applying index migration 0025 (0025_source_type_backfill.sql)
2026-09-09 08:09:51,139 INFO applying index migration 0026 (0026_provenance_precedence.sql)
2026-09-09 08:09:51,141 INFO applying index migration 0027 (0027_library_substrate.sql)
2026-09-09 08:09:51,144 INFO applying index migration 0028 (0028_source_subscriptions.sql)
2026-09-09 08:09:51,147 INFO applying index migration 0030 (0030_media_depth.sql)
.2026-09-09 08:09:51,195 INFO install migration: noop
2026-09-09 08:09:51,196 ERROR Failed to bind 127.0.0.1:5179 -- address already in use
.......2026-09-09 08:09:51,223 INFO applying index migration 0001 (0001_initial_schema.sql)
2026-09-09 08:09:51,228 INFO applying index migration 0002 (0002_entity_graph.sql)
2026-09-09 08:09:51,231 INFO applying index migration 0003 (0003_taxonomy_corrections.sql)
2026-09-09 08:09:51,232 INFO applying index migration 0004 (0004_memory_indexes.sql)
2026-09-09 08:09:51,234 INFO applying index migration 0005 (0005_pending_yoinks.sql)
2026-09-09 08:09:51,236 INFO applying index migration 0006 (0006_v2_schema.sql)
2026-09-09 08:09:51,239 INFO applying index migration 0007 (0007_p4_workspaces.sql)
2026-09-09 08:09:51,241 INFO applying index migration 0008 (0008_a2_claims.sql)
2026-09-09 08:09:51,242 INFO applying index migration 0009 (0009_p5_scripts.sql)
2026-09-09 08:09:51,244 INFO applying index migration 0010 (0010_podcast_feeds.sql)
2026-09-09 08:09:51,246 INFO applying index migration 0011 (0011_podcast_audio.sql)
2026-09-09 08:09:51,249 INFO applying index migration 0012 (0012_whisper_transcripts.sql)
2026-09-09 08:09:51,251 INFO applying index migration 0013 (0013_monitored_playlists.sql)
2026-09-09 08:09:51,253 INFO applying index migration 0014 (0014_writing_studio.sql)
2026-09-09 08:09:51,256 INFO applying index migration 0015 (0015_universal_site.sql)
2026-09-09 08:09:51,258 INFO applying index migration 0016 (0016_default_style_anchors.sql)
2026-09-09 08:09:51,259 INFO applying index migration 0017 (0017_pending_long_video_mode.sql)
2026-09-09 08:09:51,261 INFO applying index migration 0018 (0018_writing_drafts.sql)
2026-09-09 08:09:51,264 INFO applying index migration 0019 (0019_auto_uoink.sql)
2026-09-09 08:09:51,265 INFO applying index migration 0020 (0020_platform_author.sql)
2026-09-09 08:09:51,268 INFO applying index migration 0021 (0021_suite_engagement.sql)
2026-09-09 08:09:51,269 INFO applying index migration 0022 (0022_podcast_corpus.sql)
2026-09-09 08:09:51,273 INFO applying index migration 0023 (0023_podcast_watch.sql)
2026-09-09 08:09:51,275 INFO applying index migration 0024 (0024_clips.sql)
2026-09-09 08:09:51,277 INFO applying index migration 0025 (0025_source_type_backfill.sql)
2026-09-09 08:09:51,279 INFO applying index migration 0026 (0026_provenance_precedence.sql)
2026-09-09 08:09:51,281 INFO applying index migration 0027 (0027_library_substrate.sql)
2026-09-09 08:09:51,285 INFO applying index migration 0028 (0028_source_subscriptions.sql)
2026-09-09 08:09:51,287 INFO applying index migration 0030 (0030_media_depth.sql)
.2026-09-09 08:09:51,347 INFO applying index migration 0001 (0001_initial_schema.sql)
2026-09-09 08:09:51,353 INFO applying index migration 0002 (0002_entity_graph.sql)
2026-09-09 08:09:51,354 INFO applying index migration 0003 (0003_taxonomy_corrections.sql)
2026-09-09 08:09:51,356 INFO applying index migration 0004 (0004_memory_indexes.sql)
2026-09-09 08:09:51,359 INFO applying index migration 0005 (0005_pending_yoinks.sql)
2026-09-09 08:09:51,360 INFO applying index migration 0006 (0006_v2_schema.sql)
2026-09-09 08:09:51,363 INFO applying index migration 0007 (0007_p4_workspaces.sql)
2026-09-09 08:09:51,364 INFO applying index migration 0008 (0008_a2_claims.sql)
2026-09-09 08:09:51,367 INFO applying index migration 0009 (0009_p5_scripts.sql)
2026-09-09 08:09:51,368 INFO applying index migration 0010 (0010_podcast_feeds.sql)
2026-09-09 08:09:51,370 INFO applying index migration 0011 (0011_podcast_audio.sql)
2026-09-09 08:09:51,372 INFO applying index migration 0012 (0012_whisper_transcripts.sql)
2026-09-09 08:09:51,376 INFO applying index migration 0013 (0013_monitored_playlists.sql)
2026-09-09 08:09:51,377 INFO applying index migration 0014 (0014_writing_studio.sql)
2026-09-09 08:09:51,379 INFO applying index migration 0015 (0015_universal_site.sql)
2026-09-09 08:09:51,380 INFO applying index migration 0016 (0016_default_style_anchors.sql)
2026-09-09 08:09:51,383 INFO applying index migration 0017 (0017_pending_long_video_mode.sql)
2026-09-09 08:09:51,385 INFO applying index migration 0018 (0018_writing_drafts.sql)
2026-09-09 08:09:51,386 INFO applying index migration 0019 (0019_auto_uoink.sql)
2026-09-09 08:09:51,388 INFO applying index migration 0020 (0020_platform_author.sql)
2026-09-09 08:09:51,391 INFO applying index migration 0021 (0021_suite_engagement.sql)
2026-09-09 08:09:51,393 INFO applying index migration 0022 (0022_podcast_corpus.sql)
2026-09-09 08:09:51,396 INFO applying index migration 0023 (0023_podcast_watch.sql)
2026-09-09 08:09:51,398 INFO applying index migration 0024 (0024_clips.sql)
2026-09-09 08:09:51,400 INFO applying index migration 0025 (0025_source_type_backfill.sql)
2026-09-09 08:09:51,402 INFO applying index migration 0026 (0026_provenance_precedence.sql)
2026-09-09 08:09:51,404 INFO applying index migration 0027 (0027_library_substrate.sql)
2026-09-09 08:09:51,407 INFO applying index migration 0028 (0028_source_subscriptions.sql)
2026-09-09 08:09:51,410 INFO applying index migration 0030 (0030_media_depth.sql)
.2026-09-09 08:09:51,463 INFO applying index migration 0001 (0001_initial_schema.sql)
2026-09-09 08:09:51,468 INFO applying index migration 0002 (0002_entity_graph.sql)
2026-09-09 08:09:51,469 INFO applying index migration 0003 (0003_taxonomy_corrections.sql)
2026-09-09 08:09:51,471 INFO applying index migration 0004 (0004_memory_indexes.sql)
2026-09-09 08:09:51,473 INFO applying index migration 0005 (0005_pending_yoinks.sql)
2026-09-09 08:09:51,475 INFO applying index migration 0006 (0006_v2_schema.sql)
2026-09-09 08:09:51,477 INFO applying index migration 0007 (0007_p4_workspaces.sql)
2026-09-09 08:09:51,479 INFO applying index migration 0008 (0008_a2_claims.sql)
2026-09-09 08:09:51,480 INFO applying index migration 0009 (0009_p5_scripts.sql)
2026-09-09 08:09:51,483 INFO applying index migration 0010 (0010_podcast_feeds.sql)
2026-09-09 08:09:51,484 INFO applying index migration 0011 (0011_podcast_audio.sql)
2026-09-09 08:09:51,487 INFO applying index migration 0012 (0012_whisper_transcripts.sql)
2026-09-09 08:09:51,489 INFO applying index migration 0013 (0013_monitored_playlists.sql)
2026-09-09 08:09:51,492 INFO applying index migration 0014 (0014_writing_studio.sql)
2026-09-09 08:09:51,493 INFO applying index migration 0015 (0015_universal_site.sql)
2026-09-09 08:09:51,495 INFO applying index migration 0016 (0016_default_style_anchors.sql)
2026-09-09 08:09:51,497 INFO applying index migration 0017 (0017_pending_long_video_mode.sql)
2026-09-09 08:09:51,500 INFO applying index migration 0018 (0018_writing_drafts.sql)
2026-09-09 08:09:51,501 INFO applying index migration 0019 (0019_auto_uoink.sql)
2026-09-09 08:09:51,504 INFO applying index migration 0020 (0020_platform_author.sql)
2026-09-09 08:09:51,506 INFO applying index migration 0021 (0021_suite_engagement.sql)
2026-09-09 08:09:51,508 INFO applying index migration 0022 (0022_podcast_corpus.sql)
2026-09-09 08:09:51,511 INFO applying index migration 0023 (0023_podcast_watch.sql)
2026-09-09 08:09:51,513 INFO applying index migration 0024 (0024_clips.sql)
2026-09-09 08:09:51,515 INFO applying index migration 0025 (0025_source_type_backfill.sql)
2026-09-09 08:09:51,518 INFO applying index migration 0026 (0026_provenance_precedence.sql)
2026-09-09 08:09:51,519 INFO applying index migration 0027 (0027_library_substrate.sql)
2026-09-09 08:09:51,522 INFO applying index migration 0028 (0028_source_subscriptions.sql)
2026-09-09 08:09:51,525 INFO applying index migration 0030 (0030_media_depth.sql)
.2026-09-09 08:09:51,751 INFO applying index migration 0001 (0001_initial_schema.sql)
2026-09-09 08:09:51,755 INFO applying index migration 0002 (0002_entity_graph.sql)
2026-09-09 08:09:51,758 INFO applying index migration 0003 (0003_taxonomy_corrections.sql)
2026-09-09 08:09:51,759 INFO applying index migration 0004 (0004_memory_indexes.sql)
2026-09-09 08:09:51,761 INFO applying index migration 0005 (0005_pending_yoinks.sql)
2026-09-09 08:09:51,763 INFO applying index migration 0006 (0006_v2_schema.sql)
2026-09-09 08:09:51,766 INFO applying index migration 0007 (0007_p4_workspaces.sql)
2026-09-09 08:09:51,768 INFO applying index migration 0008 (0008_a2_claims.sql)
2026-09-09 08:09:51,769 INFO applying index migration 0009 (0009_p5_scripts.sql)
2026-09-09 08:09:51,771 INFO applying index migration 0010 (0010_podcast_feeds.sql)
2026-09-09 08:09:51,773 INFO applying index migration 0011 (0011_podcast_audio.sql)
2026-09-09 08:09:51,775 INFO applying index migration 0012 (0012_whisper_transcripts.sql)
2026-09-09 08:09:51,778 INFO applying index migration 0013 (0013_monitored_playlists.sql)
2026-09-09 08:09:51,780 INFO applying index migration 0014 (0014_writing_studio.sql)
2026-09-09 08:09:51,782 INFO applying index migration 0015 (0015_universal_site.sql)
2026-09-09 08:09:51,784 INFO applying index migration 0016 (0016_default_style_anchors.sql)
2026-09-09 08:09:51,786 INFO applying index migration 0017 (0017_pending_long_video_mode.sql)
2026-09-09 08:09:51,788 INFO applying index migration 0018 (0018_writing_drafts.sql)
2026-09-09 08:09:51,790 INFO applying index migration 0019 (0019_auto_uoink.sql)
2026-09-09 08:09:51,792 INFO applying index migration 0020 (0020_platform_author.sql)
2026-09-09 08:09:51,795 INFO applying index migration 0021 (0021_suite_engagement.sql)
2026-09-09 08:09:51,796 INFO applying index migration 0022 (0022_podcast_corpus.sql)
2026-09-09 08:09:51,800 INFO applying index migration 0023 (0023_podcast_watch.sql)
2026-09-09 08:09:51,802 INFO applying index migration 0024 (0024_clips.sql)
2026-09-09 08:09:51,804 INFO applying index migration 0025 (0025_source_type_backfill.sql)
2026-09-09 08:09:51,806 INFO applying index migration 0026 (0026_provenance_precedence.sql)
2026-09-09 08:09:51,808 INFO applying index migration 0027 (0027_library_substrate.sql)
2026-09-09 08:09:51,811 INFO applying index migration 0028 (0028_source_subscriptions.sql)
2026-09-09 08:09:51,813 INFO applying index migration 0030 (0030_media_depth.sql)
.2026-09-09 08:09:51,868 INFO applying index migration 0001 (0001_initial_schema.sql)
2026-09-09 08:09:51,873 INFO applying index migration 0002 (0002_entity_graph.sql)
2026-09-09 08:09:51,874 INFO applying index migration 0003 (0003_taxonomy_corrections.sql)
2026-09-09 08:09:51,876 INFO applying index migration 0004 (0004_memory_indexes.sql)
2026-09-09 08:09:51,877 INFO applying index migration 0005 (0005_pending_yoinks.sql)
2026-09-09 08:09:51,880 INFO applying index migration 0006 (0006_v2_schema.sql)
2026-09-09 08:09:51,883 INFO applying index migration 0007 (0007_p4_workspaces.sql)
2026-09-09 08:09:51,884 INFO applying index migration 0008 (0008_a2_claims.sql)
2026-09-09 08:09:51,886 INFO applying index migration 0009 (0009_p5_scripts.sql)
2026-09-09 08:09:51,888 INFO applying index migration 0010 (0010_podcast_feeds.sql)
2026-09-09 08:09:51,890 INFO applying index migration 0011 (0011_podcast_audio.sql)
2026-09-09 08:09:51,892 INFO applying index migration 0012 (0012_whisper_transcripts.sql)
2026-09-09 08:09:51,895 INFO applying index migration 0013 (0013_monitored_playlists.sql)
2026-09-09 08:09:51,898 INFO applying index migration 0014 (0014_writing_studio.sql)
2026-09-09 08:09:51,900 INFO applying index migration 0015 (0015_universal_site.sql)
2026-09-09 08:09:51,902 INFO applying index migration 0016 (0016_default_style_anchors.sql)
2026-09-09 08:09:51,903 INFO applying index migration 0017 (0017_pending_long_video_mode.sql)
2026-09-09 08:09:51,906 INFO applying index migration 0018 (0018_writing_drafts.sql)
2026-09-09 08:09:51,907 INFO applying index migration 0019 (0019_auto_uoink.sql)
2026-09-09 08:09:51,909 INFO applying index migration 0020 (0020_platform_author.sql)
2026-09-09 08:09:51,911 INFO applying index migration 0021 (0021_suite_engagement.sql)
2026-09-09 08:09:51,914 INFO applying index migration 0022 (0022_podcast_corpus.sql)
2026-09-09 08:09:51,917 INFO applying index migration 0023 (0023_podcast_watch.sql)
2026-09-09 08:09:51,919 INFO applying index migration 0024 (0024_clips.sql)
2026-09-09 08:09:51,921 INFO applying index migration 0025 (0025_source_type_backfill.sql)
2026-09-09 08:09:51,923 INFO applying index migration 0026 (0026_provenance_precedence.sql)
2026-09-09 08:09:51,925 INFO applying index migration 0027 (0027_library_substrate.sql)
2026-09-09 08:09:51,928 INFO applying index migration 0028 (0028_source_subscriptions.sql)
2026-09-09 08:09:51,930 INFO applying index migration 0030 (0030_media_depth.sql)
.2026-09-09 08:09:51,965 INFO applying index migration 0001 (0001_initial_schema.sql)
2026-09-09 08:09:51,971 INFO applying index migration 0002 (0002_entity_graph.sql)
2026-09-09 08:09:51,972 INFO applying index migration 0003 (0003_taxonomy_corrections.sql)
2026-09-09 08:09:51,975 INFO applying index migration 0004 (0004_memory_indexes.sql)
2026-09-09 08:09:51,977 INFO applying index migration 0005 (0005_pending_yoinks.sql)
2026-09-09 08:09:51,978 INFO applying index migration 0006 (0006_v2_schema.sql)
2026-09-09 08:09:51,980 INFO applying index migration 0007 (0007_p4_workspaces.sql)
2026-09-09 08:09:51,983 INFO applying index migration 0008 (0008_a2_claims.sql)
2026-09-09 08:09:51,985 INFO applying index migration 0009 (0009_p5_scripts.sql)
2026-09-09 08:09:51,986 INFO applying index migration 0010 (0010_podcast_feeds.sql)
2026-09-09 08:09:51,988 INFO applying index migration 0011 (0011_podcast_audio.sql)
2026-09-09 08:09:51,991 INFO applying index migration 0012 (0012_whisper_transcripts.sql)
2026-09-09 08:09:51,994 INFO applying index migration 0013 (0013_monitored_playlists.sql)
2026-09-09 08:09:51,996 INFO applying index migration 0014 (0014_writing_studio.sql)
2026-09-09 08:09:51,998 INFO applying index migration 0015 (0015_universal_site.sql)
2026-09-09 08:09:52,000 INFO applying index migration 0016 (0016_default_style_anchors.sql)
2026-09-09 08:09:52,002 INFO applying index migration 0017 (0017_pending_long_video_mode.sql)
2026-09-09 08:09:52,004 INFO applying index migration 0018 (0018_writing_drafts.sql)
2026-09-09 08:09:52,005 INFO applying index migration 0019 (0019_auto_uoink.sql)
2026-09-09 08:09:52,008 INFO applying index migration 0020 (0020_platform_author.sql)
2026-09-09 08:09:52,010 INFO applying index migration 0021 (0021_suite_engagement.sql)
2026-09-09 08:09:52,012 INFO applying index migration 0022 (0022_podcast_corpus.sql)
2026-09-09 08:09:52,015 INFO applying index migration 0023 (0023_podcast_watch.sql)
2026-09-09 08:09:52,018 INFO applying index migration 0024 (0024_clips.sql)
2026-09-09 08:09:52,020 INFO applying index migration 0025 (0025_source_type_backfill.sql)
2026-09-09 08:09:52,021 INFO applying index migration 0026 (0026_provenance_precedence.sql)
2026-09-09 08:09:52,023 INFO applying index migration 0027 (0027_library_substrate.sql)
2026-09-09 08:09:52,027 INFO applying index migration 0028 (0028_source_subscriptions.sql)
2026-09-09 08:09:52,030 INFO applying index migration 0030 (0030_media_depth.sql)
.2026-09-09 08:09:52,062 INFO applying index migration 0001 (0001_initial_schema.sql)
2026-09-09 08:09:52,068 INFO applying index migration 0002 (0002_entity_graph.sql)
2026-09-09 08:09:52,069 INFO applying index migration 0003 (0003_taxonomy_corrections.sql)
2026-09-09 08:09:52,072 INFO applying index migration 0004 (0004_memory_indexes.sql)
2026-09-09 08:09:52,073 INFO applying index migration 0005 (0005_pending_yoinks.sql)
2026-09-09 08:09:52,075 INFO applying index migration 0006 (0006_v2_schema.sql)
2026-09-09 08:09:52,077 INFO applying index migration 0007 (0007_p4_workspaces.sql)
2026-09-09 08:09:52,079 INFO applying index migration 0008 (0008_a2_claims.sql)
2026-09-09 08:09:52,081 INFO applying index migration 0009 (0009_p5_scripts.sql)
2026-09-09 08:09:52,082 INFO applying index migration 0010 (0010_podcast_feeds.sql)
2026-09-09 08:09:52,084 INFO applying index migration 0011 (0011_podcast_audio.sql)
2026-09-09 08:09:52,087 INFO applying index migration 0012 (0012_whisper_transcripts.sql)
2026-09-09 08:09:52,090 INFO applying index migration 0013 (0013_monitored_playlists.sql)
2026-09-09 08:09:52,092 INFO applying index migration 0014 (0014_writing_studio.sql)
2026-09-09 08:09:52,093 INFO applying index migration 0015 (0015_universal_site.sql)
2026-09-09 08:09:52,096 INFO applying index migration 0016 (0016_default_style_anchors.sql)
2026-09-09 08:09:52,098 INFO applying index migration 0017 (0017_pending_long_video_mode.sql)
2026-09-09 08:09:52,099 INFO applying index migration 0018 (0018_writing_drafts.sql)
2026-09-09 08:09:52,101 INFO applying index migration 0019 (0019_auto_uoink.sql)
2026-09-09 08:09:52,104 INFO applying index migration 0020 (0020_platform_author.sql)
2026-09-09 08:09:52,106 INFO applying index migration 0021 (0021_suite_engagement.sql)
2026-09-09 08:09:52,107 INFO applying index migration 0022 (0022_podcast_corpus.sql)
2026-09-09 08:09:52,111 INFO applying index migration 0023 (0023_podcast_watch.sql)
2026-09-09 08:09:52,113 INFO applying index migration 0024 (0024_clips.sql)
2026-09-09 08:09:52,115 INFO applying index migration 0025 (0025_source_type_backfill.sql)
2026-09-09 08:09:52,117 INFO applying index migration 0026 (0026_provenance_precedence.sql)
2026-09-09 08:09:52,119 INFO applying index migration 0027 (0027_library_substrate.sql)
2026-09-09 08:09:52,122 INFO applying index migration 0028 (0028_source_subscriptions.sql)
2026-09-09 08:09:52,125 INFO applying index migration 0030 (0030_media_depth.sql)
2026-09-09 08:09:52,140 WARNING standing capture st_watch: execution claim not held here; not run
.2026-09-09 08:09:52,159 INFO applying index migration 0001 (0001_initial_schema.sql)
2026-09-09 08:09:52,165 INFO applying index migration 0002 (0002_entity_graph.sql)
2026-09-09 08:09:52,166 INFO applying index migration 0003 (0003_taxonomy_corrections.sql)
2026-09-09 08:09:52,169 INFO applying index migration 0004 (0004_memory_indexes.sql)
2026-09-09 08:09:52,171 INFO applying index migration 0005 (0005_pending_yoinks.sql)
2026-09-09 08:09:52,172 INFO applying index migration 0006 (0006_v2_schema.sql)
2026-09-09 08:09:52,175 INFO applying index migration 0007 (0007_p4_workspaces.sql)
2026-09-09 08:09:52,177 INFO applying index migration 0008 (0008_a2_claims.sql)
2026-09-09 08:09:52,179 INFO applying index migration 0009 (0009_p5_scripts.sql)
2026-09-09 08:09:52,180 INFO applying index migration 0010 (0010_podcast_feeds.sql)
2026-09-09 08:09:52,182 INFO applying index migration 0011 (0011_podcast_audio.sql)
2026-09-09 08:09:52,186 INFO applying index migration 0012 (0012_whisper_transcripts.sql)
2026-09-09 08:09:52,188 INFO applying index migration 0013 (0013_monitored_playlists.sql)
2026-09-09 08:09:52,190 INFO applying index migration 0014 (0014_writing_studio.sql)
2026-09-09 08:09:52,191 INFO applying index migration 0015 (0015_universal_site.sql)
2026-09-09 08:09:52,194 INFO applying index migration 0016 (0016_default_style_anchors.sql)
2026-09-09 08:09:52,196 INFO applying index migration 0017 (0017_pending_long_video_mode.sql)
2026-09-09 08:09:52,198 INFO applying index migration 0018 (0018_writing_drafts.sql)
2026-09-09 08:09:52,199 INFO applying index migration 0019 (0019_auto_uoink.sql)
2026-09-09 08:09:52,202 INFO applying index migration 0020 (0020_platform_author.sql)
2026-09-09 08:09:52,205 INFO applying index migration 0021 (0021_suite_engagement.sql)
2026-09-09 08:09:52,206 INFO applying index migration 0022 (0022_podcast_corpus.sql)
2026-09-09 08:09:52,209 INFO applying index migration 0023 (0023_podcast_watch.sql)
2026-09-09 08:09:52,212 INFO applying index migration 0024 (0024_clips.sql)
2026-09-09 08:09:52,214 INFO applying index migration 0025 (0025_source_type_backfill.sql)
2026-09-09 08:09:52,216 INFO applying index migration 0026 (0026_provenance_precedence.sql)
2026-09-09 08:09:52,218 INFO applying index migration 0027 (0027_library_substrate.sql)
2026-09-09 08:09:52,222 INFO applying index migration 0028 (0028_source_subscriptions.sql)
2026-09-09 08:09:52,224 INFO applying index migration 0030 (0030_media_depth.sql)
...2026-09-09 08:09:52,272 INFO desktop notification queued: notifications disabled
.2026-09-09 08:09:52,272 INFO desktop notification queued: foreground fullscreen
.....2026-09-09 08:09:52,285 INFO applying index migration 0001 (0001_initial_schema.sql)
2026-09-09 08:09:52,290 INFO applying index migration 0002 (0002_entity_graph.sql)
2026-09-09 08:09:52,292 INFO applying index migration 0003 (0003_taxonomy_corrections.sql)
2026-09-09 08:09:52,293 INFO applying index migration 0004 (0004_memory_indexes.sql)
2026-09-09 08:09:52,296 INFO applying index migration 0005 (0005_pending_yoinks.sql)
2026-09-09 08:09:52,297 INFO applying index migration 0006 (0006_v2_schema.sql)
2026-09-09 08:09:52,300 INFO applying index migration 0007 (0007_p4_workspaces.sql)
2026-09-09 08:09:52,302 INFO applying index migration 0008 (0008_a2_claims.sql)
2026-09-09 08:09:52,305 INFO applying index migration 0009 (0009_p5_scripts.sql)
2026-09-09 08:09:52,306 INFO applying index migration 0010 (0010_podcast_feeds.sql)
2026-09-09 08:09:52,308 INFO applying index migration 0011 (0011_podcast_audio.sql)
2026-09-09 08:09:52,310 INFO applying index migration 0012 (0012_whisper_transcripts.sql)
2026-09-09 08:09:52,313 INFO applying index migration 0013 (0013_monitored_playlists.sql)
2026-09-09 08:09:52,315 INFO applying index migration 0014 (0014_writing_studio.sql)
2026-09-09 08:09:52,317 INFO applying index migration 0015 (0015_universal_site.sql)
2026-09-09 08:09:52,318 INFO applying index migration 0016 (0016_default_style_anchors.sql)
2026-09-09 08:09:52,321 INFO applying index migration 0017 (0017_pending_long_video_mode.sql)
2026-09-09 08:09:52,323 INFO applying index migration 0018 (0018_writing_drafts.sql)
2026-09-09 08:09:52,324 INFO applying index migration 0019 (0019_auto_uoink.sql)
2026-09-09 08:09:52,326 INFO applying index migration 0020 (0020_platform_author.sql)
2026-09-09 08:09:52,330 INFO applying index migration 0021 (0021_suite_engagement.sql)
2026-09-09 08:09:52,331 INFO applying index migration 0022 (0022_podcast_corpus.sql)
2026-09-09 08:09:52,334 INFO applying index migration 0023 (0023_podcast_watch.sql)
2026-09-09 08:09:52,336 INFO applying index migration 0024 (0024_clips.sql)
2026-09-09 08:09:52,339 INFO applying index migration 0025 (0025_source_type_backfill.sql)
2026-09-09 08:09:52,341 INFO applying index migration 0026 (0026_provenance_precedence.sql)
2026-09-09 08:09:52,342 INFO applying index migration 0027 (0027_library_substrate.sql)
2026-09-09 08:09:52,345 INFO applying index migration 0028 (0028_source_subscriptions.sql)
2026-09-09 08:09:52,348 INFO applying index migration 0030 (0030_media_depth.sql)
2026-09-09 08:09:52,365 INFO desktop notification queued: notifications disabled
.                                              [100%]
============================== warnings summary ===============================
tests/test_auto_uoink_poll.py::test_auto_uoink_poll
tests/test_auto_uoink_poll.py::test_taste_signal_cannot_override_consent_only_the_ledger_captures
  E:\AI\projects\uoink\checkouts\Yoink-library\memory_layer.py:90: DeprecationWarning: datetime.datetime.utcnow() is deprecated and scheduled for removal in a future version. Use timezone-aware objects to represent datetimes in UTC: datetime.datetime.now(datetime.UTC).
    return datetime.utcnow().replace(microsecond=0).isoformat() + "Z"

tests/test_auto_uoink_poll.py::test_auto_uoink_poll
tests/test_auto_uoink_poll.py::test_auto_uoink_does_not_burn_backlog_or_starve_plain_poll
tests/test_auto_uoink_poll.py::test_taste_signal_cannot_override_consent_only_the_ledger_captures
  E:\AI\projects\uoink\checkouts\Yoink-library\mobile_playlists.py:46: DeprecationWarning: datetime.datetime.utcnow() is deprecated and scheduled for removal in a future version. Use timezone-aware objects to represent datetimes in UTC: datetime.datetime.now(datetime.UTC).
    return datetime.utcnow().replace(microsecond=0).isoformat() + "Z"

tests/test_phase0_podcast_repair.py: 4 warnings
tests/test_podcast_watch.py: 9 warnings
tests/test_quiet_notifications.py: 1 warning
  E:\AI\projects\uoink\checkouts\Yoink-library\podcasts.py:76: DeprecationWarning: datetime.datetime.utcnow() is deprecated and scheduled for removal in a future version. Use timezone-aware objects to represent datetimes in UTC: datetime.datetime.now(datetime.UTC).
    return datetime.utcnow().replace(microsecond=0).isoformat() + "Z"

-- Docs: https://docs.pytest.org/en/stable/how-to/capture-warnings.html
27 passed, 19 warnings in 1.72s
AS6_RESULT {"group": "legacy", "selectors": ["tests/test_auto_uoink_poll.py", "tests/test_phase0_liveness.py", "tests/test_phase0_podcast_repair.py", "tests/test_podcast_watch.py", "tests/test_quiet_notifications.py"], "python": "3.14.6 (tags/v3.14.6:c63aec6, Jun 10 2026, 10:26:10) [MSC v.1944 64 bit (AMD64)]", "server_sha256": "a9248d669aec1543f94ea7ac0e571572c27fb4f4fd11bc898c4480aa5bdfdc52", "exit_code": 0, "blocked_attempts": [{"event": "import", "detail": "whisperx"}]}
