whisperx unavailable: ImportError: AS6 blocks model imports: whisperx
........2026-09-09 08:10:00,808 INFO applying index migration 0001 (0001_initial_schema.sql)
2026-09-09 08:10:00,814 INFO applying index migration 0002 (0002_entity_graph.sql)
2026-09-09 08:10:00,815 INFO applying index migration 0003 (0003_taxonomy_corrections.sql)
2026-09-09 08:10:00,817 INFO applying index migration 0004 (0004_memory_indexes.sql)
2026-09-09 08:10:00,818 INFO applying index migration 0005 (0005_pending_yoinks.sql)
2026-09-09 08:10:00,821 INFO applying index migration 0006 (0006_v2_schema.sql)
2026-09-09 08:10:00,823 INFO applying index migration 0007 (0007_p4_workspaces.sql)
2026-09-09 08:10:00,824 INFO applying index migration 0008 (0008_a2_claims.sql)
2026-09-09 08:10:00,826 INFO applying index migration 0009 (0009_p5_scripts.sql)
2026-09-09 08:10:00,829 INFO applying index migration 0010 (0010_podcast_feeds.sql)
2026-09-09 08:10:00,830 INFO applying index migration 0011 (0011_podcast_audio.sql)
2026-09-09 08:10:00,832 INFO applying index migration 0012 (0012_whisper_transcripts.sql)
2026-09-09 08:10:00,835 INFO applying index migration 0013 (0013_monitored_playlists.sql)
2026-09-09 08:10:00,838 INFO applying index migration 0014 (0014_writing_studio.sql)
2026-09-09 08:10:00,839 INFO applying index migration 0015 (0015_universal_site.sql)
2026-09-09 08:10:00,842 INFO applying index migration 0016 (0016_default_style_anchors.sql)
2026-09-09 08:10:00,844 INFO applying index migration 0017 (0017_pending_long_video_mode.sql)
2026-09-09 08:10:00,846 INFO applying index migration 0018 (0018_writing_drafts.sql)
2026-09-09 08:10:00,848 INFO applying index migration 0019 (0019_auto_uoink.sql)
2026-09-09 08:10:00,850 INFO applying index migration 0020 (0020_platform_author.sql)
2026-09-09 08:10:00,852 INFO applying index migration 0021 (0021_suite_engagement.sql)
2026-09-09 08:10:00,855 INFO applying index migration 0022 (0022_podcast_corpus.sql)
2026-09-09 08:10:00,858 INFO applying index migration 0023 (0023_podcast_watch.sql)
2026-09-09 08:10:00,860 INFO applying index migration 0024 (0024_clips.sql)
2026-09-09 08:10:00,861 INFO applying index migration 0025 (0025_source_type_backfill.sql)
2026-09-09 08:10:00,864 INFO applying index migration 0026 (0026_provenance_precedence.sql)
2026-09-09 08:10:00,867 INFO applying index migration 0027 (0027_library_substrate.sql)
2026-09-09 08:10:00,870 INFO applying index migration 0028 (0028_source_subscriptions.sql)
2026-09-09 08:10:00,874 INFO applying index migration 0030 (0030_media_depth.sql)
.2026-09-09 08:10:00,905 INFO applying index migration 0001 (0001_initial_schema.sql)
2026-09-09 08:10:00,910 INFO applying index migration 0002 (0002_entity_graph.sql)
2026-09-09 08:10:00,912 INFO applying index migration 0003 (0003_taxonomy_corrections.sql)
2026-09-09 08:10:00,915 INFO applying index migration 0004 (0004_memory_indexes.sql)
2026-09-09 08:10:00,917 INFO applying index migration 0005 (0005_pending_yoinks.sql)
2026-09-09 08:10:00,919 INFO applying index migration 0006 (0006_v2_schema.sql)
2026-09-09 08:10:00,921 INFO applying index migration 0007 (0007_p4_workspaces.sql)
2026-09-09 08:10:00,924 INFO applying index migration 0008 (0008_a2_claims.sql)
2026-09-09 08:10:00,926 INFO applying index migration 0009 (0009_p5_scripts.sql)
2026-09-09 08:10:00,928 INFO applying index migration 0010 (0010_podcast_feeds.sql)
2026-09-09 08:10:00,929 INFO applying index migration 0011 (0011_podcast_audio.sql)
2026-09-09 08:10:00,933 INFO applying index migration 0012 (0012_whisper_transcripts.sql)
2026-09-09 08:10:00,936 INFO applying index migration 0013 (0013_monitored_playlists.sql)
2026-09-09 08:10:00,938 INFO applying index migration 0014 (0014_writing_studio.sql)
2026-09-09 08:10:00,940 INFO applying index migration 0015 (0015_universal_site.sql)
2026-09-09 08:10:00,944 INFO applying index migration 0016 (0016_default_style_anchors.sql)
2026-09-09 08:10:00,946 INFO applying index migration 0017 (0017_pending_long_video_mode.sql)
2026-09-09 08:10:00,949 INFO applying index migration 0018 (0018_writing_drafts.sql)
2026-09-09 08:10:00,950 INFO applying index migration 0019 (0019_auto_uoink.sql)
2026-09-09 08:10:00,953 INFO applying index migration 0020 (0020_platform_author.sql)
2026-09-09 08:10:00,955 INFO applying index migration 0021 (0021_suite_engagement.sql)
2026-09-09 08:10:00,957 INFO applying index migration 0022 (0022_podcast_corpus.sql)
2026-09-09 08:10:00,961 INFO applying index migration 0023 (0023_podcast_watch.sql)
2026-09-09 08:10:00,964 INFO applying index migration 0024 (0024_clips.sql)
2026-09-09 08:10:00,966 INFO applying index migration 0025 (0025_source_type_backfill.sql)
2026-09-09 08:10:00,967 INFO applying index migration 0026 (0026_provenance_precedence.sql)
2026-09-09 08:10:00,969 INFO applying index migration 0027 (0027_library_substrate.sql)
2026-09-09 08:10:00,973 INFO applying index migration 0028 (0028_source_subscriptions.sql)
2026-09-09 08:10:00,976 INFO applying index migration 0030 (0030_media_depth.sql)
2026-09-09 08:10:01,000 INFO applying index migration 0025 (0025_source_type_backfill.sql)
2026-09-09 08:10:01,005 INFO applying index migration 0026 (0026_provenance_precedence.sql)
2026-09-09 08:10:01,007 INFO applying index migration 0027 (0027_library_substrate.sql)
2026-09-09 08:10:01,008 INFO applying index migration 0028 (0028_source_subscriptions.sql)
2026-09-09 08:10:01,011 INFO applying index migration 0030 (0030_media_depth.sql)
.2026-09-09 08:10:01,036 INFO applying index migration 0001 (0001_initial_schema.sql)
2026-09-09 08:10:01,041 INFO applying index migration 0002 (0002_entity_graph.sql)
2026-09-09 08:10:01,044 INFO applying index migration 0003 (0003_taxonomy_corrections.sql)
2026-09-09 08:10:01,046 INFO applying index migration 0004 (0004_memory_indexes.sql)
2026-09-09 08:10:01,048 INFO applying index migration 0005 (0005_pending_yoinks.sql)
2026-09-09 08:10:01,050 INFO applying index migration 0006 (0006_v2_schema.sql)
2026-09-09 08:10:01,054 INFO applying index migration 0007 (0007_p4_workspaces.sql)
2026-09-09 08:10:01,056 INFO applying index migration 0008 (0008_a2_claims.sql)
2026-09-09 08:10:01,058 INFO applying index migration 0009 (0009_p5_scripts.sql)
2026-09-09 08:10:01,060 INFO applying index migration 0010 (0010_podcast_feeds.sql)
2026-09-09 08:10:01,063 INFO applying index migration 0011 (0011_podcast_audio.sql)
2026-09-09 08:10:01,066 INFO applying index migration 0012 (0012_whisper_transcripts.sql)
2026-09-09 08:10:01,069 INFO applying index migration 0013 (0013_monitored_playlists.sql)
2026-09-09 08:10:01,071 INFO applying index migration 0014 (0014_writing_studio.sql)
2026-09-09 08:10:01,074 INFO applying index migration 0015 (0015_universal_site.sql)
2026-09-09 08:10:01,077 INFO applying index migration 0016 (0016_default_style_anchors.sql)
2026-09-09 08:10:01,079 INFO applying index migration 0017 (0017_pending_long_video_mode.sql)
2026-09-09 08:10:01,081 INFO applying index migration 0018 (0018_writing_drafts.sql)
2026-09-09 08:10:01,084 INFO applying index migration 0019 (0019_auto_uoink.sql)
2026-09-09 08:10:01,086 INFO applying index migration 0020 (0020_platform_author.sql)
2026-09-09 08:10:01,089 INFO applying index migration 0021 (0021_suite_engagement.sql)
2026-09-09 08:10:01,091 INFO applying index migration 0022 (0022_podcast_corpus.sql)
2026-09-09 08:10:01,095 INFO applying index migration 0023 (0023_podcast_watch.sql)
2026-09-09 08:10:01,098 INFO applying index migration 0024 (0024_clips.sql)
2026-09-09 08:10:01,100 INFO applying index migration 0025 (0025_source_type_backfill.sql)
2026-09-09 08:10:01,110 INFO applying index migration 0026 (0026_provenance_precedence.sql)
2026-09-09 08:10:01,115 INFO applying index migration 0027 (0027_library_substrate.sql)
2026-09-09 08:10:01,117 INFO applying index migration 0028 (0028_source_subscriptions.sql)
2026-09-09 08:10:01,120 INFO applying index migration 0030 (0030_media_depth.sql)
.2026-09-09 08:10:01,152 INFO applying index migration 0001 (0001_initial_schema.sql)
2026-09-09 08:10:01,158 INFO applying index migration 0002 (0002_entity_graph.sql)
2026-09-09 08:10:01,160 INFO applying index migration 0003 (0003_taxonomy_corrections.sql)
2026-09-09 08:10:01,162 INFO applying index migration 0004 (0004_memory_indexes.sql)
2026-09-09 08:10:01,165 INFO applying index migration 0005 (0005_pending_yoinks.sql)
2026-09-09 08:10:01,167 INFO applying index migration 0006 (0006_v2_schema.sql)
2026-09-09 08:10:01,170 INFO applying index migration 0007 (0007_p4_workspaces.sql)
2026-09-09 08:10:01,172 INFO applying index migration 0008 (0008_a2_claims.sql)
2026-09-09 08:10:01,175 INFO applying index migration 0009 (0009_p5_scripts.sql)
2026-09-09 08:10:01,177 INFO applying index migration 0010 (0010_podcast_feeds.sql)
2026-09-09 08:10:01,179 INFO applying index migration 0011 (0011_podcast_audio.sql)
2026-09-09 08:10:01,182 INFO applying index migration 0012 (0012_whisper_transcripts.sql)
2026-09-09 08:10:01,186 INFO applying index migration 0013 (0013_monitored_playlists.sql)
2026-09-09 08:10:01,188 INFO applying index migration 0014 (0014_writing_studio.sql)
2026-09-09 08:10:01,190 INFO applying index migration 0015 (0015_universal_site.sql)
2026-09-09 08:10:01,193 INFO applying index migration 0016 (0016_default_style_anchors.sql)
2026-09-09 08:10:01,196 INFO applying index migration 0017 (0017_pending_long_video_mode.sql)
2026-09-09 08:10:01,198 INFO applying index migration 0018 (0018_writing_drafts.sql)
2026-09-09 08:10:01,200 INFO applying index migration 0019 (0019_auto_uoink.sql)
2026-09-09 08:10:01,203 INFO applying index migration 0020 (0020_platform_author.sql)
2026-09-09 08:10:01,206 INFO applying index migration 0021 (0021_suite_engagement.sql)
2026-09-09 08:10:01,209 INFO applying index migration 0022 (0022_podcast_corpus.sql)
2026-09-09 08:10:01,212 INFO applying index migration 0023 (0023_podcast_watch.sql)
2026-09-09 08:10:01,214 INFO applying index migration 0024 (0024_clips.sql)
2026-09-09 08:10:01,217 INFO applying index migration 0025 (0025_source_type_backfill.sql)
2026-09-09 08:10:01,227 INFO applying index migration 0026 (0026_provenance_precedence.sql)
2026-09-09 08:10:01,232 INFO applying index migration 0027 (0027_library_substrate.sql)
2026-09-09 08:10:01,235 INFO applying index migration 0028 (0028_source_subscriptions.sql)
2026-09-09 08:10:01,238 INFO applying index migration 0030 (0030_media_depth.sql)
.2026-09-09 08:10:01,271 INFO applying index migration 0001 (0001_initial_schema.sql)
2026-09-09 08:10:01,276 INFO applying index migration 0002 (0002_entity_graph.sql)
2026-09-09 08:10:01,279 INFO applying index migration 0003 (0003_taxonomy_corrections.sql)
2026-09-09 08:10:01,281 INFO applying index migration 0004 (0004_memory_indexes.sql)
2026-09-09 08:10:01,283 INFO applying index migration 0005 (0005_pending_yoinks.sql)
2026-09-09 08:10:01,285 INFO applying index migration 0006 (0006_v2_schema.sql)
2026-09-09 08:10:01,289 INFO applying index migration 0007 (0007_p4_workspaces.sql)
2026-09-09 08:10:01,291 INFO applying index migration 0008 (0008_a2_claims.sql)
2026-09-09 08:10:01,294 INFO applying index migration 0009 (0009_p5_scripts.sql)
2026-09-09 08:10:01,296 INFO applying index migration 0010 (0010_podcast_feeds.sql)
2026-09-09 08:10:01,298 INFO applying index migration 0011 (0011_podcast_audio.sql)
2026-09-09 08:10:01,301 INFO applying index migration 0012 (0012_whisper_transcripts.sql)
2026-09-09 08:10:01,304 INFO applying index migration 0013 (0013_monitored_playlists.sql)
2026-09-09 08:10:01,306 INFO applying index migration 0014 (0014_writing_studio.sql)
2026-09-09 08:10:01,309 INFO applying index migration 0015 (0015_universal_site.sql)
2026-09-09 08:10:01,312 INFO applying index migration 0016 (0016_default_style_anchors.sql)
2026-09-09 08:10:01,314 INFO applying index migration 0017 (0017_pending_long_video_mode.sql)
2026-09-09 08:10:01,316 INFO applying index migration 0018 (0018_writing_drafts.sql)
2026-09-09 08:10:01,319 INFO applying index migration 0019 (0019_auto_uoink.sql)
2026-09-09 08:10:01,322 INFO applying index migration 0020 (0020_platform_author.sql)
2026-09-09 08:10:01,325 INFO applying index migration 0021 (0021_suite_engagement.sql)
2026-09-09 08:10:01,327 INFO applying index migration 0022 (0022_podcast_corpus.sql)
2026-09-09 08:10:01,331 INFO applying index migration 0023 (0023_podcast_watch.sql)
2026-09-09 08:10:01,334 INFO applying index migration 0024 (0024_clips.sql)
2026-09-09 08:10:01,336 INFO applying index migration 0025 (0025_source_type_backfill.sql)
2026-09-09 08:10:01,346 INFO applying index migration 0026 (0026_provenance_precedence.sql)
2026-09-09 08:10:01,352 INFO applying index migration 0027 (0027_library_substrate.sql)
2026-09-09 08:10:01,354 INFO applying index migration 0028 (0028_source_subscriptions.sql)
2026-09-09 08:10:01,356 INFO applying index migration 0030 (0030_media_depth.sql)
.2026-09-09 08:10:01,389 INFO applying index migration 0001 (0001_initial_schema.sql)
2026-09-09 08:10:01,395 INFO applying index migration 0002 (0002_entity_graph.sql)
2026-09-09 08:10:01,397 INFO applying index migration 0003 (0003_taxonomy_corrections.sql)
2026-09-09 08:10:01,399 INFO applying index migration 0004 (0004_memory_indexes.sql)
2026-09-09 08:10:01,402 INFO applying index migration 0005 (0005_pending_yoinks.sql)
2026-09-09 08:10:01,404 INFO applying index migration 0006 (0006_v2_schema.sql)
2026-09-09 08:10:01,407 INFO applying index migration 0007 (0007_p4_workspaces.sql)
2026-09-09 08:10:01,409 INFO applying index migration 0008 (0008_a2_claims.sql)
2026-09-09 08:10:01,412 INFO applying index migration 0009 (0009_p5_scripts.sql)
2026-09-09 08:10:01,414 INFO applying index migration 0010 (0010_podcast_feeds.sql)
2026-09-09 08:10:01,416 INFO applying index migration 0011 (0011_podcast_audio.sql)
2026-09-09 08:10:01,419 INFO applying index migration 0012 (0012_whisper_transcripts.sql)
2026-09-09 08:10:01,423 INFO applying index migration 0013 (0013_monitored_playlists.sql)
2026-09-09 08:10:01,425 INFO applying index migration 0014 (0014_writing_studio.sql)
2026-09-09 08:10:01,427 INFO applying index migration 0015 (0015_universal_site.sql)
2026-09-09 08:10:01,430 INFO applying index migration 0016 (0016_default_style_anchors.sql)
2026-09-09 08:10:01,433 INFO applying index migration 0017 (0017_pending_long_video_mode.sql)
2026-09-09 08:10:01,435 INFO applying index migration 0018 (0018_writing_drafts.sql)
2026-09-09 08:10:01,437 INFO applying index migration 0019 (0019_auto_uoink.sql)
2026-09-09 08:10:01,440 INFO applying index migration 0020 (0020_platform_author.sql)
2026-09-09 08:10:01,443 INFO applying index migration 0021 (0021_suite_engagement.sql)
2026-09-09 08:10:01,445 INFO applying index migration 0022 (0022_podcast_corpus.sql)
2026-09-09 08:10:01,449 INFO applying index migration 0023 (0023_podcast_watch.sql)
2026-09-09 08:10:01,451 INFO applying index migration 0024 (0024_clips.sql)
2026-09-09 08:10:01,454 INFO applying index migration 0025 (0025_source_type_backfill.sql)
2026-09-09 08:10:01,465 INFO applying index migration 0026 (0026_provenance_precedence.sql)
2026-09-09 08:10:01,469 INFO applying index migration 0027 (0027_library_substrate.sql)
2026-09-09 08:10:01,473 INFO applying index migration 0028 (0028_source_subscriptions.sql)
2026-09-09 08:10:01,476 INFO applying index migration 0030 (0030_media_depth.sql)
.2026-09-09 08:10:01,508 INFO applying index migration 0001 (0001_initial_schema.sql)
2026-09-09 08:10:01,513 INFO applying index migration 0002 (0002_entity_graph.sql)
2026-09-09 08:10:01,516 INFO applying index migration 0003 (0003_taxonomy_corrections.sql)
2026-09-09 08:10:01,518 INFO applying index migration 0004 (0004_memory_indexes.sql)
2026-09-09 08:10:01,520 INFO applying index migration 0005 (0005_pending_yoinks.sql)
2026-09-09 08:10:01,522 INFO applying index migration 0006 (0006_v2_schema.sql)
2026-09-09 08:10:01,526 INFO applying index migration 0007 (0007_p4_workspaces.sql)
2026-09-09 08:10:01,528 INFO applying index migration 0008 (0008_a2_claims.sql)
2026-09-09 08:10:01,530 INFO applying index migration 0009 (0009_p5_scripts.sql)
2026-09-09 08:10:01,532 INFO applying index migration 0010 (0010_podcast_feeds.sql)
2026-09-09 08:10:01,535 INFO applying index migration 0011 (0011_podcast_audio.sql)
2026-09-09 08:10:01,538 INFO applying index migration 0012 (0012_whisper_transcripts.sql)
2026-09-09 08:10:01,542 INFO applying index migration 0013 (0013_monitored_playlists.sql)
2026-09-09 08:10:01,544 INFO applying index migration 0014 (0014_writing_studio.sql)
2026-09-09 08:10:01,547 INFO applying index migration 0015 (0015_universal_site.sql)
2026-09-09 08:10:01,549 INFO applying index migration 0016 (0016_default_style_anchors.sql)
2026-09-09 08:10:01,551 INFO applying index migration 0017 (0017_pending_long_video_mode.sql)
2026-09-09 08:10:01,553 INFO applying index migration 0018 (0018_writing_drafts.sql)
2026-09-09 08:10:01,557 INFO applying index migration 0019 (0019_auto_uoink.sql)
2026-09-09 08:10:01,559 INFO applying index migration 0020 (0020_platform_author.sql)
2026-09-09 08:10:01,562 INFO applying index migration 0021 (0021_suite_engagement.sql)
2026-09-09 08:10:01,564 INFO applying index migration 0022 (0022_podcast_corpus.sql)
2026-09-09 08:10:01,568 INFO applying index migration 0023 (0023_podcast_watch.sql)
2026-09-09 08:10:01,571 INFO applying index migration 0024 (0024_clips.sql)
2026-09-09 08:10:01,573 INFO applying index migration 0025 (0025_source_type_backfill.sql)
2026-09-09 08:10:01,584 INFO applying index migration 0026 (0026_provenance_precedence.sql)
2026-09-09 08:10:01,589 INFO applying index migration 0027 (0027_library_substrate.sql)
2026-09-09 08:10:01,592 INFO applying index migration 0028 (0028_source_subscriptions.sql)
2026-09-09 08:10:01,594 INFO applying index migration 0030 (0030_media_depth.sql)
.2026-09-09 08:10:01,629 INFO applying index migration 0001 (0001_initial_schema.sql)
2026-09-09 08:10:01,635 INFO applying index migration 0002 (0002_entity_graph.sql)
2026-09-09 08:10:01,637 INFO applying index migration 0003 (0003_taxonomy_corrections.sql)
2026-09-09 08:10:01,639 INFO applying index migration 0004 (0004_memory_indexes.sql)
2026-09-09 08:10:01,642 INFO applying index migration 0005 (0005_pending_yoinks.sql)
2026-09-09 08:10:01,644 INFO applying index migration 0006 (0006_v2_schema.sql)
2026-09-09 08:10:01,647 INFO applying index migration 0007 (0007_p4_workspaces.sql)
2026-09-09 08:10:01,649 INFO applying index migration 0008 (0008_a2_claims.sql)
2026-09-09 08:10:01,652 INFO applying index migration 0009 (0009_p5_scripts.sql)
2026-09-09 08:10:01,654 INFO applying index migration 0010 (0010_podcast_feeds.sql)
2026-09-09 08:10:01,656 INFO applying index migration 0011 (0011_podcast_audio.sql)
2026-09-09 08:10:01,659 INFO applying index migration 0012 (0012_whisper_transcripts.sql)
2026-09-09 08:10:01,663 INFO applying index migration 0013 (0013_monitored_playlists.sql)
2026-09-09 08:10:01,665 INFO applying index migration 0014 (0014_writing_studio.sql)
2026-09-09 08:10:01,668 INFO applying index migration 0015 (0015_universal_site.sql)
2026-09-09 08:10:01,670 INFO applying index migration 0016 (0016_default_style_anchors.sql)
2026-09-09 08:10:01,674 INFO applying index migration 0017 (0017_pending_long_video_mode.sql)
2026-09-09 08:10:01,676 INFO applying index migration 0018 (0018_writing_drafts.sql)
2026-09-09 08:10:01,678 INFO applying index migration 0019 (0019_auto_uoink.sql)
2026-09-09 08:10:01,681 INFO applying index migration 0020 (0020_platform_author.sql)
2026-09-09 08:10:01,684 INFO applying index migration 0021 (0021_suite_engagement.sql)
2026-09-09 08:10:01,686 INFO applying index migration 0022 (0022_podcast_corpus.sql)
2026-09-09 08:10:01,689 INFO applying index migration 0023 (0023_podcast_watch.sql)
2026-09-09 08:10:01,692 INFO applying index migration 0024 (0024_clips.sql)
2026-09-09 08:10:01,696 INFO applying index migration 0025 (0025_source_type_backfill.sql)
2026-09-09 08:10:01,706 INFO applying index migration 0026 (0026_provenance_precedence.sql)
2026-09-09 08:10:01,710 INFO applying index migration 0027 (0027_library_substrate.sql)
2026-09-09 08:10:01,714 INFO applying index migration 0028 (0028_source_subscriptions.sql)
2026-09-09 08:10:01,717 INFO applying index migration 0030 (0030_media_depth.sql)
.2026-09-09 08:10:01,751 INFO applying index migration 0001 (0001_initial_schema.sql)
2026-09-09 08:10:01,755 INFO applying index migration 0002 (0002_entity_graph.sql)
2026-09-09 08:10:01,758 INFO applying index migration 0003 (0003_taxonomy_corrections.sql)
2026-09-09 08:10:01,761 INFO applying index migration 0004 (0004_memory_indexes.sql)
2026-09-09 08:10:01,763 INFO applying index migration 0005 (0005_pending_yoinks.sql)
2026-09-09 08:10:01,765 INFO applying index migration 0006 (0006_v2_schema.sql)
2026-09-09 08:10:01,769 INFO applying index migration 0007 (0007_p4_workspaces.sql)
2026-09-09 08:10:01,771 INFO applying index migration 0008 (0008_a2_claims.sql)
2026-09-09 08:10:01,773 INFO applying index migration 0009 (0009_p5_scripts.sql)
2026-09-09 08:10:01,775 INFO applying index migration 0010 (0010_podcast_feeds.sql)
2026-09-09 08:10:01,777 INFO applying index migration 0011 (0011_podcast_audio.sql)
2026-09-09 08:10:01,781 INFO applying index migration 0012 (0012_whisper_transcripts.sql)
2026-09-09 08:10:01,783 INFO applying index migration 0013 (0013_monitored_playlists.sql)
2026-09-09 08:10:01,786 INFO applying index migration 0014 (0014_writing_studio.sql)
2026-09-09 08:10:01,789 INFO applying index migration 0015 (0015_universal_site.sql)
2026-09-09 08:10:01,791 INFO applying index migration 0016 (0016_default_style_anchors.sql)
2026-09-09 08:10:01,793 INFO applying index migration 0017 (0017_pending_long_video_mode.sql)
2026-09-09 08:10:01,796 INFO applying index migration 0018 (0018_writing_drafts.sql)
2026-09-09 08:10:01,799 INFO applying index migration 0019 (0019_auto_uoink.sql)
2026-09-09 08:10:01,802 INFO applying index migration 0020 (0020_platform_author.sql)
2026-09-09 08:10:01,804 INFO applying index migration 0021 (0021_suite_engagement.sql)
2026-09-09 08:10:01,806 INFO applying index migration 0022 (0022_podcast_corpus.sql)
2026-09-09 08:10:01,811 INFO applying index migration 0023 (0023_podcast_watch.sql)
2026-09-09 08:10:01,813 INFO applying index migration 0024 (0024_clips.sql)
2026-09-09 08:10:01,815 INFO applying index migration 0025 (0025_source_type_backfill.sql)
2026-09-09 08:10:01,826 INFO applying index migration 0026 (0026_provenance_precedence.sql)
2026-09-09 08:10:01,831 INFO applying index migration 0027 (0027_library_substrate.sql)
2026-09-09 08:10:01,834 INFO applying index migration 0028 (0028_source_subscriptions.sql)
2026-09-09 08:10:01,836 INFO applying index migration 0030 (0030_media_depth.sql)
.2026-09-09 08:10:01,870 INFO applying index migration 0001 (0001_initial_schema.sql)
2026-09-09 08:10:01,875 INFO applying index migration 0002 (0002_entity_graph.sql)
2026-09-09 08:10:01,878 INFO applying index migration 0003 (0003_taxonomy_corrections.sql)
2026-09-09 08:10:01,880 INFO applying index migration 0004 (0004_memory_indexes.sql)
2026-09-09 08:10:01,883 INFO applying index migration 0005 (0005_pending_yoinks.sql)
2026-09-09 08:10:01,885 INFO applying index migration 0006 (0006_v2_schema.sql)
2026-09-09 08:10:01,888 INFO applying index migration 0007 (0007_p4_workspaces.sql)
2026-09-09 08:10:01,890 INFO applying index migration 0008 (0008_a2_claims.sql)
2026-09-09 08:10:01,893 INFO applying index migration 0009 (0009_p5_scripts.sql)
2026-09-09 08:10:01,895 INFO applying index migration 0010 (0010_podcast_feeds.sql)
2026-09-09 08:10:01,898 INFO applying index migration 0011 (0011_podcast_audio.sql)
2026-09-09 08:10:01,900 INFO applying index migration 0012 (0012_whisper_transcripts.sql)
2026-09-09 08:10:01,905 INFO applying index migration 0013 (0013_monitored_playlists.sql)
2026-09-09 08:10:01,907 INFO applying index migration 0014 (0014_writing_studio.sql)
2026-09-09 08:10:01,909 INFO applying index migration 0015 (0015_universal_site.sql)
2026-09-09 08:10:01,911 INFO applying index migration 0016 (0016_default_style_anchors.sql)
2026-09-09 08:10:01,914 INFO applying index migration 0017 (0017_pending_long_video_mode.sql)
2026-09-09 08:10:01,917 INFO applying index migration 0018 (0018_writing_drafts.sql)
2026-09-09 08:10:01,919 INFO applying index migration 0019 (0019_auto_uoink.sql)
2026-09-09 08:10:01,921 INFO applying index migration 0020 (0020_platform_author.sql)
2026-09-09 08:10:01,925 INFO applying index migration 0021 (0021_suite_engagement.sql)
2026-09-09 08:10:01,927 INFO applying index migration 0022 (0022_podcast_corpus.sql)
2026-09-09 08:10:01,930 INFO applying index migration 0023 (0023_podcast_watch.sql)
2026-09-09 08:10:01,933 INFO applying index migration 0024 (0024_clips.sql)
2026-09-09 08:10:01,936 INFO applying index migration 0025 (0025_source_type_backfill.sql)
2026-09-09 08:10:01,947 INFO applying index migration 0026 (0026_provenance_precedence.sql)
2026-09-09 08:10:01,952 INFO applying index migration 0027 (0027_library_substrate.sql)
2026-09-09 08:10:01,955 INFO applying index migration 0028 (0028_source_subscriptions.sql)
2026-09-09 08:10:01,958 INFO applying index migration 0030 (0030_media_depth.sql)
.2026-09-09 08:10:01,991 INFO applying index migration 0001 (0001_initial_schema.sql)
2026-09-09 08:10:01,996 INFO applying index migration 0002 (0002_entity_graph.sql)
2026-09-09 08:10:01,999 INFO applying index migration 0003 (0003_taxonomy_corrections.sql)
2026-09-09 08:10:02,001 INFO applying index migration 0004 (0004_memory_indexes.sql)
2026-09-09 08:10:02,003 INFO applying index migration 0005 (0005_pending_yoinks.sql)
2026-09-09 08:10:02,005 INFO applying index migration 0006 (0006_v2_schema.sql)
2026-09-09 08:10:02,009 INFO applying index migration 0007 (0007_p4_workspaces.sql)
2026-09-09 08:10:02,011 INFO applying index migration 0008 (0008_a2_claims.sql)
2026-09-09 08:10:02,013 INFO applying index migration 0009 (0009_p5_scripts.sql)
2026-09-09 08:10:02,015 INFO applying index migration 0010 (0010_podcast_feeds.sql)
2026-09-09 08:10:02,018 INFO applying index migration 0011 (0011_podcast_audio.sql)
2026-09-09 08:10:02,021 INFO applying index migration 0012 (0012_whisper_transcripts.sql)
2026-09-09 08:10:02,024 INFO applying index migration 0013 (0013_monitored_playlists.sql)
2026-09-09 08:10:02,026 INFO applying index migration 0014 (0014_writing_studio.sql)
2026-09-09 08:10:02,030 INFO applying index migration 0015 (0015_universal_site.sql)
2026-09-09 08:10:02,032 INFO applying index migration 0016 (0016_default_style_anchors.sql)
2026-09-09 08:10:02,034 INFO applying index migration 0017 (0017_pending_long_video_mode.sql)
2026-09-09 08:10:02,037 INFO applying index migration 0018 (0018_writing_drafts.sql)
2026-09-09 08:10:02,039 INFO applying index migration 0019 (0019_auto_uoink.sql)
2026-09-09 08:10:02,042 INFO applying index migration 0020 (0020_platform_author.sql)
2026-09-09 08:10:02,045 INFO applying index migration 0021 (0021_suite_engagement.sql)
2026-09-09 08:10:02,047 INFO applying index migration 0022 (0022_podcast_corpus.sql)
2026-09-09 08:10:02,053 INFO applying index migration 0023 (0023_podcast_watch.sql)
2026-09-09 08:10:02,055 INFO applying index migration 0024 (0024_clips.sql)
2026-09-09 08:10:02,058 INFO applying index migration 0025 (0025_source_type_backfill.sql)
2026-09-09 08:10:02,068 INFO applying index migration 0026 (0026_provenance_precedence.sql)
2026-09-09 08:10:02,073 INFO applying index migration 0027 (0027_library_substrate.sql)
2026-09-09 08:10:02,076 INFO applying index migration 0028 (0028_source_subscriptions.sql)
2026-09-09 08:10:02,078 INFO applying index migration 0030 (0030_media_depth.sql)
.2026-09-09 08:10:02,111 INFO applying index migration 0001 (0001_initial_schema.sql)
2026-09-09 08:10:02,117 INFO applying index migration 0002 (0002_entity_graph.sql)
2026-09-09 08:10:02,119 INFO applying index migration 0003 (0003_taxonomy_corrections.sql)
2026-09-09 08:10:02,122 INFO applying index migration 0004 (0004_memory_indexes.sql)
2026-09-09 08:10:02,125 INFO applying index migration 0005 (0005_pending_yoinks.sql)
2026-09-09 08:10:02,127 INFO applying index migration 0006 (0006_v2_schema.sql)
2026-09-09 08:10:02,130 INFO applying index migration 0007 (0007_p4_workspaces.sql)
2026-09-09 08:10:02,132 INFO applying index migration 0008 (0008_a2_claims.sql)
2026-09-09 08:10:02,135 INFO applying index migration 0009 (0009_p5_scripts.sql)
2026-09-09 08:10:02,137 INFO applying index migration 0010 (0010_podcast_feeds.sql)
2026-09-09 08:10:02,139 INFO applying index migration 0011 (0011_podcast_audio.sql)
2026-09-09 08:10:02,143 INFO applying index migration 0012 (0012_whisper_transcripts.sql)
2026-09-09 08:10:02,147 INFO applying index migration 0013 (0013_monitored_playlists.sql)
2026-09-09 08:10:02,149 INFO applying index migration 0014 (0014_writing_studio.sql)
2026-09-09 08:10:02,151 INFO applying index migration 0015 (0015_universal_site.sql)
2026-09-09 08:10:02,153 INFO applying index migration 0016 (0016_default_style_anchors.sql)
2026-09-09 08:10:02,157 INFO applying index migration 0017 (0017_pending_long_video_mode.sql)
2026-09-09 08:10:02,159 INFO applying index migration 0018 (0018_writing_drafts.sql)
2026-09-09 08:10:02,161 INFO applying index migration 0019 (0019_auto_uoink.sql)
2026-09-09 08:10:02,164 INFO applying index migration 0020 (0020_platform_author.sql)
2026-09-09 08:10:02,167 INFO applying index migration 0021 (0021_suite_engagement.sql)
2026-09-09 08:10:02,169 INFO applying index migration 0022 (0022_podcast_corpus.sql)
2026-09-09 08:10:02,173 INFO applying index migration 0023 (0023_podcast_watch.sql)
2026-09-09 08:10:02,175 INFO applying index migration 0024 (0024_clips.sql)
2026-09-09 08:10:02,178 INFO applying index migration 0025 (0025_source_type_backfill.sql)
2026-09-09 08:10:02,189 INFO applying index migration 0026 (0026_provenance_precedence.sql)
2026-09-09 08:10:02,193 INFO applying index migration 0027 (0027_library_substrate.sql)
2026-09-09 08:10:02,197 INFO applying index migration 0028 (0028_source_subscriptions.sql)
2026-09-09 08:10:02,199 INFO applying index migration 0030 (0030_media_depth.sql)
.2026-09-09 08:10:02,233 INFO applying index migration 0001 (0001_initial_schema.sql)
2026-09-09 08:10:02,238 INFO applying index migration 0002 (0002_entity_graph.sql)
2026-09-09 08:10:02,242 INFO applying index migration 0003 (0003_taxonomy_corrections.sql)
2026-09-09 08:10:02,244 INFO applying index migration 0004 (0004_memory_indexes.sql)
2026-09-09 08:10:02,246 INFO applying index migration 0005 (0005_pending_yoinks.sql)
2026-09-09 08:10:02,248 INFO applying index migration 0006 (0006_v2_schema.sql)
2026-09-09 08:10:02,252 INFO applying index migration 0007 (0007_p4_workspaces.sql)
2026-09-09 08:10:02,254 INFO applying index migration 0008 (0008_a2_claims.sql)
2026-09-09 08:10:02,256 INFO applying index migration 0009 (0009_p5_scripts.sql)
2026-09-09 08:10:02,258 INFO applying index migration 0010 (0010_podcast_feeds.sql)
2026-09-09 08:10:02,262 INFO applying index migration 0011 (0011_podcast_audio.sql)
2026-09-09 08:10:02,264 INFO applying index migration 0012 (0012_whisper_transcripts.sql)
2026-09-09 08:10:02,268 INFO applying index migration 0013 (0013_monitored_playlists.sql)
2026-09-09 08:10:02,270 INFO applying index migration 0014 (0014_writing_studio.sql)
2026-09-09 08:10:02,273 INFO applying index migration 0015 (0015_universal_site.sql)
2026-09-09 08:10:02,276 INFO applying index migration 0016 (0016_default_style_anchors.sql)
2026-09-09 08:10:02,278 INFO applying index migration 0017 (0017_pending_long_video_mode.sql)
2026-09-09 08:10:02,280 INFO applying index migration 0018 (0018_writing_drafts.sql)
2026-09-09 08:10:02,283 INFO applying index migration 0019 (0019_auto_uoink.sql)
2026-09-09 08:10:02,286 INFO applying index migration 0020 (0020_platform_author.sql)
2026-09-09 08:10:02,288 INFO applying index migration 0021 (0021_suite_engagement.sql)
2026-09-09 08:10:02,291 INFO applying index migration 0022 (0022_podcast_corpus.sql)
2026-09-09 08:10:02,295 INFO applying index migration 0023 (0023_podcast_watch.sql)
2026-09-09 08:10:02,297 INFO applying index migration 0024 (0024_clips.sql)
2026-09-09 08:10:02,300 INFO applying index migration 0025 (0025_source_type_backfill.sql)
2026-09-09 08:10:02,310 INFO applying index migration 0026 (0026_provenance_precedence.sql)
2026-09-09 08:10:02,315 INFO applying index migration 0027 (0027_library_substrate.sql)
2026-09-09 08:10:02,318 INFO applying index migration 0028 (0028_source_subscriptions.sql)
2026-09-09 08:10:02,321 INFO applying index migration 0030 (0030_media_depth.sql)
.2026-09-09 08:10:02,354 INFO applying index migration 0001 (0001_initial_schema.sql)
2026-09-09 08:10:02,359 INFO applying index migration 0002 (0002_entity_graph.sql)
2026-09-09 08:10:02,362 INFO applying index migration 0003 (0003_taxonomy_corrections.sql)
2026-09-09 08:10:02,364 INFO applying index migration 0004 (0004_memory_indexes.sql)
2026-09-09 08:10:02,367 INFO applying index migration 0005 (0005_pending_yoinks.sql)
2026-09-09 08:10:02,369 INFO applying index migration 0006 (0006_v2_schema.sql)
2026-09-09 08:10:02,372 INFO applying index migration 0007 (0007_p4_workspaces.sql)
2026-09-09 08:10:02,374 INFO applying index migration 0008 (0008_a2_claims.sql)
2026-09-09 08:10:02,377 INFO applying index migration 0009 (0009_p5_scripts.sql)
2026-09-09 08:10:02,379 INFO applying index migration 0010 (0010_podcast_feeds.sql)
2026-09-09 08:10:02,381 INFO applying index migration 0011 (0011_podcast_audio.sql)
2026-09-09 08:10:02,384 INFO applying index migration 0012 (0012_whisper_transcripts.sql)
2026-09-09 08:10:02,388 INFO applying index migration 0013 (0013_monitored_playlists.sql)
2026-09-09 08:10:02,391 INFO applying index migration 0014 (0014_writing_studio.sql)
2026-09-09 08:10:02,393 INFO applying index migration 0015 (0015_universal_site.sql)
2026-09-09 08:10:02,395 INFO applying index migration 0016 (0016_default_style_anchors.sql)
2026-09-09 08:10:02,398 INFO applying index migration 0017 (0017_pending_long_video_mode.sql)
2026-09-09 08:10:02,400 INFO applying index migration 0018 (0018_writing_drafts.sql)
2026-09-09 08:10:02,402 INFO applying index migration 0019 (0019_auto_uoink.sql)
2026-09-09 08:10:02,405 INFO applying index migration 0020 (0020_platform_author.sql)
2026-09-09 08:10:02,408 INFO applying index migration 0021 (0021_suite_engagement.sql)
2026-09-09 08:10:02,411 INFO applying index migration 0022 (0022_podcast_corpus.sql)
2026-09-09 08:10:02,414 INFO applying index migration 0023 (0023_podcast_watch.sql)
2026-09-09 08:10:02,417 INFO applying index migration 0024 (0024_clips.sql)
2026-09-09 08:10:02,420 INFO applying index migration 0025 (0025_source_type_backfill.sql)
2026-09-09 08:10:02,430 INFO applying index migration 0026 (0026_provenance_precedence.sql)
2026-09-09 08:10:02,434 INFO applying index migration 0027 (0027_library_substrate.sql)
2026-09-09 08:10:02,437 INFO applying index migration 0028 (0028_source_subscriptions.sql)
2026-09-09 08:10:02,440 INFO applying index migration 0030 (0030_media_depth.sql)
.2026-09-09 08:10:02,473 INFO applying index migration 0001 (0001_initial_schema.sql)
2026-09-09 08:10:02,478 INFO applying index migration 0002 (0002_entity_graph.sql)
2026-09-09 08:10:02,481 INFO applying index migration 0003 (0003_taxonomy_corrections.sql)
2026-09-09 08:10:02,483 INFO applying index migration 0004 (0004_memory_indexes.sql)
2026-09-09 08:10:02,486 INFO applying index migration 0005 (0005_pending_yoinks.sql)
2026-09-09 08:10:02,487 INFO applying index migration 0006 (0006_v2_schema.sql)
2026-09-09 08:10:02,491 INFO applying index migration 0007 (0007_p4_workspaces.sql)
2026-09-09 08:10:02,493 INFO applying index migration 0008 (0008_a2_claims.sql)
2026-09-09 08:10:02,496 INFO applying index migration 0009 (0009_p5_scripts.sql)
2026-09-09 08:10:02,497 INFO applying index migration 0010 (0010_podcast_feeds.sql)
2026-09-09 08:10:02,501 INFO applying index migration 0011 (0011_podcast_audio.sql)
2026-09-09 08:10:02,503 INFO applying index migration 0012 (0012_whisper_transcripts.sql)
2026-09-09 08:10:02,506 INFO applying index migration 0013 (0013_monitored_playlists.sql)
2026-09-09 08:10:02,509 INFO applying index migration 0014 (0014_writing_studio.sql)
2026-09-09 08:10:02,512 INFO applying index migration 0015 (0015_universal_site.sql)
2026-09-09 08:10:02,514 INFO applying index migration 0016 (0016_default_style_anchors.sql)
2026-09-09 08:10:02,516 INFO applying index migration 0017 (0017_pending_long_video_mode.sql)
2026-09-09 08:10:02,519 INFO applying index migration 0018 (0018_writing_drafts.sql)
2026-09-09 08:10:02,521 INFO applying index migration 0019 (0019_auto_uoink.sql)
2026-09-09 08:10:02,524 INFO applying index migration 0020 (0020_platform_author.sql)
2026-09-09 08:10:02,526 INFO applying index migration 0021 (0021_suite_engagement.sql)
2026-09-09 08:10:02,528 INFO applying index migration 0022 (0022_podcast_corpus.sql)
2026-09-09 08:10:02,533 INFO applying index migration 0023 (0023_podcast_watch.sql)
2026-09-09 08:10:02,535 INFO applying index migration 0024 (0024_clips.sql)
2026-09-09 08:10:02,538 INFO applying index migration 0025 (0025_source_type_backfill.sql)
2026-09-09 08:10:02,548 INFO applying index migration 0026 (0026_provenance_precedence.sql)
2026-09-09 08:10:02,553 INFO applying index migration 0027 (0027_library_substrate.sql)
2026-09-09 08:10:02,555 INFO applying index migration 0028 (0028_source_subscriptions.sql)
2026-09-09 08:10:02,558 INFO applying index migration 0030 (0030_media_depth.sql)
.2026-09-09 08:10:02,593 INFO applying index migration 0001 (0001_initial_schema.sql)
2026-09-09 08:10:02,599 INFO applying index migration 0002 (0002_entity_graph.sql)
2026-09-09 08:10:02,601 INFO applying index migration 0003 (0003_taxonomy_corrections.sql)
2026-09-09 08:10:02,603 INFO applying index migration 0004 (0004_memory_indexes.sql)
2026-09-09 08:10:02,606 INFO applying index migration 0005 (0005_pending_yoinks.sql)
2026-09-09 08:10:02,608 INFO applying index migration 0006 (0006_v2_schema.sql)
2026-09-09 08:10:02,611 INFO applying index migration 0007 (0007_p4_workspaces.sql)
2026-09-09 08:10:02,613 INFO applying index migration 0008 (0008_a2_claims.sql)
2026-09-09 08:10:02,616 INFO applying index migration 0009 (0009_p5_scripts.sql)
2026-09-09 08:10:02,618 INFO applying index migration 0010 (0010_podcast_feeds.sql)
2026-09-09 08:10:02,620 INFO applying index migration 0011 (0011_podcast_audio.sql)
2026-09-09 08:10:02,623 INFO applying index migration 0012 (0012_whisper_transcripts.sql)
2026-09-09 08:10:02,627 INFO applying index migration 0013 (0013_monitored_playlists.sql)
2026-09-09 08:10:02,629 INFO applying index migration 0014 (0014_writing_studio.sql)
2026-09-09 08:10:02,632 INFO applying index migration 0015 (0015_universal_site.sql)
2026-09-09 08:10:02,634 INFO applying index migration 0016 (0016_default_style_anchors.sql)
2026-09-09 08:10:02,637 INFO applying index migration 0017 (0017_pending_long_video_mode.sql)
2026-09-09 08:10:02,639 INFO applying index migration 0018 (0018_writing_drafts.sql)
2026-09-09 08:10:02,641 INFO applying index migration 0019 (0019_auto_uoink.sql)
2026-09-09 08:10:02,644 INFO applying index migration 0020 (0020_platform_author.sql)
2026-09-09 08:10:02,647 INFO applying index migration 0021 (0021_suite_engagement.sql)
2026-09-09 08:10:02,649 INFO applying index migration 0022 (0022_podcast_corpus.sql)
2026-09-09 08:10:02,653 INFO applying index migration 0023 (0023_podcast_watch.sql)
2026-09-09 08:10:02,655 INFO applying index migration 0024 (0024_clips.sql)
2026-09-09 08:10:02,659 INFO applying index migration 0025 (0025_source_type_backfill.sql)
2026-09-09 08:10:02,669 INFO applying index migration 0026 (0026_provenance_precedence.sql)
2026-09-09 08:10:02,673 INFO applying index migration 0027 (0027_library_substrate.sql)
2026-09-09 08:10:02,677 INFO applying index migration 0028 (0028_source_subscriptions.sql)
2026-09-09 08:10:02,679 INFO applying index migration 0030 (0030_media_depth.sql)
.2026-09-09 08:10:02,712 INFO applying index migration 0001 (0001_initial_schema.sql)
2026-09-09 08:10:02,717 INFO applying index migration 0002 (0002_entity_graph.sql)
2026-09-09 08:10:02,721 INFO applying index migration 0003 (0003_taxonomy_corrections.sql)
2026-09-09 08:10:02,723 INFO applying index migration 0004 (0004_memory_indexes.sql)
2026-09-09 08:10:02,725 INFO applying index migration 0005 (0005_pending_yoinks.sql)
2026-09-09 08:10:02,727 INFO applying index migration 0006 (0006_v2_schema.sql)
2026-09-09 08:10:02,731 INFO applying index migration 0007 (0007_p4_workspaces.sql)
2026-09-09 08:10:02,733 INFO applying index migration 0008 (0008_a2_claims.sql)
2026-09-09 08:10:02,735 INFO applying index migration 0009 (0009_p5_scripts.sql)
2026-09-09 08:10:02,737 INFO applying index migration 0010 (0010_podcast_feeds.sql)
2026-09-09 08:10:02,740 INFO applying index migration 0011 (0011_podcast_audio.sql)
2026-09-09 08:10:02,743 INFO applying index migration 0012 (0012_whisper_transcripts.sql)
2026-09-09 08:10:02,746 INFO applying index migration 0013 (0013_monitored_playlists.sql)
2026-09-09 08:10:02,748 INFO applying index migration 0014 (0014_writing_studio.sql)
2026-09-09 08:10:02,751 INFO applying index migration 0015 (0015_universal_site.sql)
2026-09-09 08:10:02,753 INFO applying index migration 0016 (0016_default_style_anchors.sql)
2026-09-09 08:10:02,756 INFO applying index migration 0017 (0017_pending_long_video_mode.sql)
2026-09-09 08:10:02,758 INFO applying index migration 0018 (0018_writing_drafts.sql)
2026-09-09 08:10:02,761 INFO applying index migration 0019 (0019_auto_uoink.sql)
2026-09-09 08:10:02,763 INFO applying index migration 0020 (0020_platform_author.sql)
2026-09-09 08:10:02,766 INFO applying index migration 0021 (0021_suite_engagement.sql)
2026-09-09 08:10:02,768 INFO applying index migration 0022 (0022_podcast_corpus.sql)
2026-09-09 08:10:02,772 INFO applying index migration 0023 (0023_podcast_watch.sql)
2026-09-09 08:10:02,775 INFO applying index migration 0024 (0024_clips.sql)
2026-09-09 08:10:02,777 INFO applying index migration 0025 (0025_source_type_backfill.sql)
2026-09-09 08:10:02,787 INFO applying index migration 0026 (0026_provenance_precedence.sql)
2026-09-09 08:10:02,792 INFO applying index migration 0027 (0027_library_substrate.sql)
2026-09-09 08:10:02,795 INFO applying index migration 0028 (0028_source_subscriptions.sql)
2026-09-09 08:10:02,797 INFO applying index migration 0030 (0030_media_depth.sql)
.2026-09-09 08:10:02,832 INFO applying index migration 0001 (0001_initial_schema.sql)
2026-09-09 08:10:02,838 INFO applying index migration 0002 (0002_entity_graph.sql)
2026-09-09 08:10:02,841 INFO applying index migration 0003 (0003_taxonomy_corrections.sql)
2026-09-09 08:10:02,844 INFO applying index migration 0004 (0004_memory_indexes.sql)
2026-09-09 08:10:02,847 INFO applying index migration 0005 (0005_pending_yoinks.sql)
2026-09-09 08:10:02,850 INFO applying index migration 0006 (0006_v2_schema.sql)
2026-09-09 08:10:02,854 INFO applying index migration 0007 (0007_p4_workspaces.sql)
2026-09-09 08:10:02,856 INFO applying index migration 0008 (0008_a2_claims.sql)
2026-09-09 08:10:02,860 INFO applying index migration 0009 (0009_p5_scripts.sql)
2026-09-09 08:10:02,862 INFO applying index migration 0010 (0010_podcast_feeds.sql)
2026-09-09 08:10:02,866 INFO applying index migration 0011 (0011_podcast_audio.sql)
2026-09-09 08:10:02,869 INFO applying index migration 0012 (0012_whisper_transcripts.sql)
2026-09-09 08:10:02,875 INFO applying index migration 0013 (0013_monitored_playlists.sql)
2026-09-09 08:10:02,877 INFO applying index migration 0014 (0014_writing_studio.sql)
2026-09-09 08:10:02,880 INFO applying index migration 0015 (0015_universal_site.sql)
2026-09-09 08:10:02,883 INFO applying index migration 0016 (0016_default_style_anchors.sql)
2026-09-09 08:10:02,887 INFO applying index migration 0017 (0017_pending_long_video_mode.sql)
2026-09-09 08:10:02,889 INFO applying index migration 0018 (0018_writing_drafts.sql)
2026-09-09 08:10:02,891 INFO applying index migration 0019 (0019_auto_uoink.sql)
2026-09-09 08:10:02,894 INFO applying index migration 0020 (0020_platform_author.sql)
2026-09-09 08:10:02,897 INFO applying index migration 0021 (0021_suite_engagement.sql)
2026-09-09 08:10:02,900 INFO applying index migration 0022 (0022_podcast_corpus.sql)
2026-09-09 08:10:02,904 INFO applying index migration 0023 (0023_podcast_watch.sql)
2026-09-09 08:10:02,907 INFO applying index migration 0024 (0024_clips.sql)
2026-09-09 08:10:02,911 INFO applying index migration 0025 (0025_source_type_backfill.sql)
2026-09-09 08:10:02,922 INFO applying index migration 0026 (0026_provenance_precedence.sql)
2026-09-09 08:10:02,926 INFO applying index migration 0027 (0027_library_substrate.sql)
2026-09-09 08:10:02,931 INFO applying index migration 0028 (0028_source_subscriptions.sql)
2026-09-09 08:10:02,933 INFO applying index migration 0030 (0030_media_depth.sql)
.2026-09-09 08:10:02,971 INFO applying index migration 0001 (0001_initial_schema.sql)
2026-09-09 08:10:02,976 INFO applying index migration 0002 (0002_entity_graph.sql)
2026-09-09 08:10:02,979 INFO applying index migration 0003 (0003_taxonomy_corrections.sql)
2026-09-09 08:10:02,982 INFO applying index migration 0004 (0004_memory_indexes.sql)
2026-09-09 08:10:02,985 INFO applying index migration 0005 (0005_pending_yoinks.sql)
2026-09-09 08:10:02,987 INFO applying index migration 0006 (0006_v2_schema.sql)
2026-09-09 08:10:02,992 INFO applying index migration 0007 (0007_p4_workspaces.sql)
2026-09-09 08:10:02,994 INFO applying index migration 0008 (0008_a2_claims.sql)
2026-09-09 08:10:02,996 INFO applying index migration 0009 (0009_p5_scripts.sql)
2026-09-09 08:10:02,998 INFO applying index migration 0010 (0010_podcast_feeds.sql)
2026-09-09 08:10:03,002 INFO applying index migration 0011 (0011_podcast_audio.sql)
2026-09-09 08:10:03,005 INFO applying index migration 0012 (0012_whisper_transcripts.sql)
2026-09-09 08:10:03,008 INFO applying index migration 0013 (0013_monitored_playlists.sql)
2026-09-09 08:10:03,011 INFO applying index migration 0014 (0014_writing_studio.sql)
2026-09-09 08:10:03,014 INFO applying index migration 0015 (0015_universal_site.sql)
2026-09-09 08:10:03,016 INFO applying index migration 0016 (0016_default_style_anchors.sql)
2026-09-09 08:10:03,019 INFO applying index migration 0017 (0017_pending_long_video_mode.sql)
2026-09-09 08:10:03,022 INFO applying index migration 0018 (0018_writing_drafts.sql)
2026-09-09 08:10:03,025 INFO applying index migration 0019 (0019_auto_uoink.sql)
2026-09-09 08:10:03,027 INFO applying index migration 0020 (0020_platform_author.sql)
2026-09-09 08:10:03,030 INFO applying index migration 0021 (0021_suite_engagement.sql)
2026-09-09 08:10:03,032 INFO applying index migration 0022 (0022_podcast_corpus.sql)
2026-09-09 08:10:03,037 INFO applying index migration 0023 (0023_podcast_watch.sql)
2026-09-09 08:10:03,040 INFO applying index migration 0024 (0024_clips.sql)
2026-09-09 08:10:03,042 INFO applying index migration 0025 (0025_source_type_backfill.sql)
2026-09-09 08:10:03,053 INFO applying index migration 0026 (0026_provenance_precedence.sql)
2026-09-09 08:10:03,058 INFO applying index migration 0027 (0027_library_substrate.sql)
2026-09-09 08:10:03,060 INFO applying index migration 0028 (0028_source_subscriptions.sql)
2026-09-09 08:10:03,063 INFO applying index migration 0030 (0030_media_depth.sql)
.2026-09-09 08:10:03,099 INFO applying index migration 0001 (0001_initial_schema.sql)
2026-09-09 08:10:03,105 INFO applying index migration 0002 (0002_entity_graph.sql)
2026-09-09 08:10:03,107 INFO applying index migration 0003 (0003_taxonomy_corrections.sql)
2026-09-09 08:10:03,110 INFO applying index migration 0004 (0004_memory_indexes.sql)
2026-09-09 08:10:03,113 INFO applying index migration 0005 (0005_pending_yoinks.sql)
2026-09-09 08:10:03,115 INFO applying index migration 0006 (0006_v2_schema.sql)
2026-09-09 08:10:03,118 INFO applying index migration 0007 (0007_p4_workspaces.sql)
2026-09-09 08:10:03,120 INFO applying index migration 0008 (0008_a2_claims.sql)
2026-09-09 08:10:03,123 INFO applying index migration 0009 (0009_p5_scripts.sql)
2026-09-09 08:10:03,125 INFO applying index migration 0010 (0010_podcast_feeds.sql)
2026-09-09 08:10:03,127 INFO applying index migration 0011 (0011_podcast_audio.sql)
2026-09-09 08:10:03,130 INFO applying index migration 0012 (0012_whisper_transcripts.sql)
2026-09-09 08:10:03,134 INFO applying index migration 0013 (0013_monitored_playlists.sql)
2026-09-09 08:10:03,136 INFO applying index migration 0014 (0014_writing_studio.sql)
2026-09-09 08:10:03,139 INFO applying index migration 0015 (0015_universal_site.sql)
2026-09-09 08:10:03,141 INFO applying index migration 0016 (0016_default_style_anchors.sql)
2026-09-09 08:10:03,144 INFO applying index migration 0017 (0017_pending_long_video_mode.sql)
2026-09-09 08:10:03,146 INFO applying index migration 0018 (0018_writing_drafts.sql)
2026-09-09 08:10:03,148 INFO applying index migration 0019 (0019_auto_uoink.sql)
2026-09-09 08:10:03,151 INFO applying index migration 0020 (0020_platform_author.sql)
2026-09-09 08:10:03,155 INFO applying index migration 0021 (0021_suite_engagement.sql)
2026-09-09 08:10:03,157 INFO applying index migration 0022 (0022_podcast_corpus.sql)
2026-09-09 08:10:03,160 INFO applying index migration 0023 (0023_podcast_watch.sql)
2026-09-09 08:10:03,163 INFO applying index migration 0024 (0024_clips.sql)
2026-09-09 08:10:03,167 INFO applying index migration 0025 (0025_source_type_backfill.sql)
2026-09-09 08:10:03,177 INFO applying index migration 0026 (0026_provenance_precedence.sql)
2026-09-09 08:10:03,181 INFO applying index migration 0027 (0027_library_substrate.sql)
2026-09-09 08:10:03,185 INFO applying index migration 0028 (0028_source_subscriptions.sql)
2026-09-09 08:10:03,188 INFO applying index migration 0030 (0030_media_depth.sql)
.2026-09-09 08:10:03,226 INFO applying index migration 0001 (0001_initial_schema.sql)
2026-09-09 08:10:03,231 INFO applying index migration 0002 (0002_entity_graph.sql)
2026-09-09 08:10:03,234 INFO applying index migration 0003 (0003_taxonomy_corrections.sql)
2026-09-09 08:10:03,237 INFO applying index migration 0004 (0004_memory_indexes.sql)
2026-09-09 08:10:03,239 INFO applying index migration 0005 (0005_pending_yoinks.sql)
2026-09-09 08:10:03,241 INFO applying index migration 0006 (0006_v2_schema.sql)
2026-09-09 08:10:03,245 INFO applying index migration 0007 (0007_p4_workspaces.sql)
2026-09-09 08:10:03,247 INFO applying index migration 0008 (0008_a2_claims.sql)
2026-09-09 08:10:03,249 INFO applying index migration 0009 (0009_p5_scripts.sql)
2026-09-09 08:10:03,252 INFO applying index migration 0010 (0010_podcast_feeds.sql)
2026-09-09 08:10:03,254 INFO applying index migration 0011 (0011_podcast_audio.sql)
2026-09-09 08:10:03,257 INFO applying index migration 0012 (0012_whisper_transcripts.sql)
2026-09-09 08:10:03,260 INFO applying index migration 0013 (0013_monitored_playlists.sql)
2026-09-09 08:10:03,262 INFO applying index migration 0014 (0014_writing_studio.sql)
2026-09-09 08:10:03,266 INFO applying index migration 0015 (0015_universal_site.sql)
2026-09-09 08:10:03,268 INFO applying index migration 0016 (0016_default_style_anchors.sql)
2026-09-09 08:10:03,270 INFO applying index migration 0017 (0017_pending_long_video_mode.sql)
2026-09-09 08:10:03,272 INFO applying index migration 0018 (0018_writing_drafts.sql)
2026-09-09 08:10:03,275 INFO applying index migration 0019 (0019_auto_uoink.sql)
2026-09-09 08:10:03,278 INFO applying index migration 0020 (0020_platform_author.sql)
2026-09-09 08:10:03,280 INFO applying index migration 0021 (0021_suite_engagement.sql)
2026-09-09 08:10:03,283 INFO applying index migration 0022 (0022_podcast_corpus.sql)
2026-09-09 08:10:03,287 INFO applying index migration 0023 (0023_podcast_watch.sql)
2026-09-09 08:10:03,290 INFO applying index migration 0024 (0024_clips.sql)
2026-09-09 08:10:03,292 INFO applying index migration 0025 (0025_source_type_backfill.sql)
2026-09-09 08:10:03,302 INFO applying index migration 0026 (0026_provenance_precedence.sql)
2026-09-09 08:10:03,307 INFO applying index migration 0027 (0027_library_substrate.sql)
2026-09-09 08:10:03,311 INFO applying index migration 0028 (0028_source_subscriptions.sql)
2026-09-09 08:10:03,314 INFO applying index migration 0030 (0030_media_depth.sql)
.2026-09-09 08:10:03,348 INFO applying index migration 0001 (0001_initial_schema.sql)
2026-09-09 08:10:03,353 INFO applying index migration 0002 (0002_entity_graph.sql)
2026-09-09 08:10:03,356 INFO applying index migration 0003 (0003_taxonomy_corrections.sql)
2026-09-09 08:10:03,358 INFO applying index migration 0004 (0004_memory_indexes.sql)
2026-09-09 08:10:03,361 INFO applying index migration 0005 (0005_pending_yoinks.sql)
2026-09-09 08:10:03,363 INFO applying index migration 0006 (0006_v2_schema.sql)
2026-09-09 08:10:03,365 INFO applying index migration 0007 (0007_p4_workspaces.sql)
2026-09-09 08:10:03,367 INFO applying index migration 0008 (0008_a2_claims.sql)
2026-09-09 08:10:03,371 INFO applying index migration 0009 (0009_p5_scripts.sql)
2026-09-09 08:10:03,373 INFO applying index migration 0010 (0010_podcast_feeds.sql)
2026-09-09 08:10:03,375 INFO applying index migration 0011 (0011_podcast_audio.sql)
2026-09-09 08:10:03,378 INFO applying index migration 0012 (0012_whisper_transcripts.sql)
2026-09-09 08:10:03,383 INFO applying index migration 0013 (0013_monitored_playlists.sql)
2026-09-09 08:10:03,385 INFO applying index migration 0014 (0014_writing_studio.sql)
2026-09-09 08:10:03,387 INFO applying index migration 0015 (0015_universal_site.sql)
2026-09-09 08:10:03,390 INFO applying index migration 0016 (0016_default_style_anchors.sql)
2026-09-09 08:10:03,393 INFO applying index migration 0017 (0017_pending_long_video_mode.sql)
2026-09-09 08:10:03,395 INFO applying index migration 0018 (0018_writing_drafts.sql)
2026-09-09 08:10:03,397 INFO applying index migration 0019 (0019_auto_uoink.sql)
2026-09-09 08:10:03,399 INFO applying index migration 0020 (0020_platform_author.sql)
2026-09-09 08:10:03,403 INFO applying index migration 0021 (0021_suite_engagement.sql)
2026-09-09 08:10:03,405 INFO applying index migration 0022 (0022_podcast_corpus.sql)
2026-09-09 08:10:03,409 INFO applying index migration 0023 (0023_podcast_watch.sql)
2026-09-09 08:10:03,411 INFO applying index migration 0024 (0024_clips.sql)
2026-09-09 08:10:03,414 INFO applying index migration 0025 (0025_source_type_backfill.sql)
2026-09-09 08:10:03,424 INFO applying index migration 0026 (0026_provenance_precedence.sql)
2026-09-09 08:10:03,429 INFO applying index migration 0027 (0027_library_substrate.sql)
2026-09-09 08:10:03,432 INFO applying index migration 0028 (0028_source_subscriptions.sql)
2026-09-09 08:10:03,435 INFO applying index migration 0030 (0030_media_depth.sql)
.2026-09-09 08:10:03,467 INFO applying index migration 0001 (0001_initial_schema.sql)
2026-09-09 08:10:03,473 INFO applying index migration 0002 (0002_entity_graph.sql)
2026-09-09 08:10:03,475 INFO applying index migration 0003 (0003_taxonomy_corrections.sql)
2026-09-09 08:10:03,478 INFO applying index migration 0004 (0004_memory_indexes.sql)
2026-09-09 08:10:03,480 INFO applying index migration 0005 (0005_pending_yoinks.sql)
2026-09-09 08:10:03,483 INFO applying index migration 0006 (0006_v2_schema.sql)
2026-09-09 08:10:03,486 INFO applying index migration 0007 (0007_p4_workspaces.sql)
2026-09-09 08:10:03,488 INFO applying index migration 0008 (0008_a2_claims.sql)
2026-09-09 08:10:03,490 INFO applying index migration 0009 (0009_p5_scripts.sql)
2026-09-09 08:10:03,493 INFO applying index migration 0010 (0010_podcast_feeds.sql)
2026-09-09 08:10:03,495 INFO applying index migration 0011 (0011_podcast_audio.sql)
2026-09-09 08:10:03,498 INFO applying index migration 0012 (0012_whisper_transcripts.sql)
2026-09-09 08:10:03,501 INFO applying index migration 0013 (0013_monitored_playlists.sql)
2026-09-09 08:10:03,504 INFO applying index migration 0014 (0014_writing_studio.sql)
2026-09-09 08:10:03,507 INFO applying index migration 0015 (0015_universal_site.sql)
2026-09-09 08:10:03,509 INFO applying index migration 0016 (0016_default_style_anchors.sql)
2026-09-09 08:10:03,511 INFO applying index migration 0017 (0017_pending_long_video_mode.sql)
2026-09-09 08:10:03,515 INFO applying index migration 0018 (0018_writing_drafts.sql)
2026-09-09 08:10:03,517 INFO applying index migration 0019 (0019_auto_uoink.sql)
2026-09-09 08:10:03,519 INFO applying index migration 0020 (0020_platform_author.sql)
2026-09-09 08:10:03,522 INFO applying index migration 0021 (0021_suite_engagement.sql)
2026-09-09 08:10:03,526 INFO applying index migration 0022 (0022_podcast_corpus.sql)
2026-09-09 08:10:03,530 INFO applying index migration 0023 (0023_podcast_watch.sql)
2026-09-09 08:10:03,532 INFO applying index migration 0024 (0024_clips.sql)
2026-09-09 08:10:03,535 INFO applying index migration 0025 (0025_source_type_backfill.sql)
2026-09-09 08:10:03,546 INFO applying index migration 0026 (0026_provenance_precedence.sql)
2026-09-09 08:10:03,551 INFO applying index migration 0027 (0027_library_substrate.sql)
2026-09-09 08:10:03,554 INFO applying index migration 0028 (0028_source_subscriptions.sql)
2026-09-09 08:10:03,558 INFO applying index migration 0030 (0030_media_depth.sql)
.2026-09-09 08:10:03,592 INFO applying index migration 0001 (0001_initial_schema.sql)
2026-09-09 08:10:03,598 INFO applying index migration 0002 (0002_entity_graph.sql)
2026-09-09 08:10:03,601 INFO applying index migration 0003 (0003_taxonomy_corrections.sql)
2026-09-09 08:10:03,604 INFO applying index migration 0004 (0004_memory_indexes.sql)
2026-09-09 08:10:03,606 INFO applying index migration 0005 (0005_pending_yoinks.sql)
2026-09-09 08:10:03,608 INFO applying index migration 0006 (0006_v2_schema.sql)
2026-09-09 08:10:03,611 INFO applying index migration 0007 (0007_p4_workspaces.sql)
2026-09-09 08:10:03,615 INFO applying index migration 0008 (0008_a2_claims.sql)
2026-09-09 08:10:03,617 INFO applying index migration 0009 (0009_p5_scripts.sql)
2026-09-09 08:10:03,619 INFO applying index migration 0010 (0010_podcast_feeds.sql)
2026-09-09 08:10:03,621 INFO applying index migration 0011 (0011_podcast_audio.sql)
2026-09-09 08:10:03,625 INFO applying index migration 0012 (0012_whisper_transcripts.sql)
2026-09-09 08:10:03,628 INFO applying index migration 0013 (0013_monitored_playlists.sql)
2026-09-09 08:10:03,630 INFO applying index migration 0014 (0014_writing_studio.sql)
2026-09-09 08:10:03,633 INFO applying index migration 0015 (0015_universal_site.sql)
2026-09-09 08:10:03,636 INFO applying index migration 0016 (0016_default_style_anchors.sql)
2026-09-09 08:10:03,638 INFO applying index migration 0017 (0017_pending_long_video_mode.sql)
2026-09-09 08:10:03,640 INFO applying index migration 0018 (0018_writing_drafts.sql)
2026-09-09 08:10:03,642 INFO applying index migration 0019 (0019_auto_uoink.sql)
2026-09-09 08:10:03,646 INFO applying index migration 0020 (0020_platform_author.sql)
2026-09-09 08:10:03,649 INFO applying index migration 0021 (0021_suite_engagement.sql)
2026-09-09 08:10:03,651 INFO applying index migration 0022 (0022_podcast_corpus.sql)
2026-09-09 08:10:03,655 INFO applying index migration 0023 (0023_podcast_watch.sql)
2026-09-09 08:10:03,659 INFO applying index migration 0024 (0024_clips.sql)
2026-09-09 08:10:03,662 INFO applying index migration 0025 (0025_source_type_backfill.sql)
2026-09-09 08:10:03,672 INFO applying index migration 0026 (0026_provenance_precedence.sql)
2026-09-09 08:10:03,677 INFO applying index migration 0027 (0027_library_substrate.sql)
2026-09-09 08:10:03,680 INFO applying index migration 0028 (0028_source_subscriptions.sql)
2026-09-09 08:10:03,683 INFO applying index migration 0030 (0030_media_depth.sql)
.2026-09-09 08:10:03,718 INFO applying index migration 0001 (0001_initial_schema.sql)
2026-09-09 08:10:03,724 INFO applying index migration 0002 (0002_entity_graph.sql)
2026-09-09 08:10:03,726 INFO applying index migration 0003 (0003_taxonomy_corrections.sql)
2026-09-09 08:10:03,728 INFO applying index migration 0004 (0004_memory_indexes.sql)
2026-09-09 08:10:03,730 INFO applying index migration 0005 (0005_pending_yoinks.sql)
2026-09-09 08:10:03,733 INFO applying index migration 0006 (0006_v2_schema.sql)
2026-09-09 08:10:03,736 INFO applying index migration 0007 (0007_p4_workspaces.sql)
2026-09-09 08:10:03,739 INFO applying index migration 0008 (0008_a2_claims.sql)
2026-09-09 08:10:03,741 INFO applying index migration 0009 (0009_p5_scripts.sql)
2026-09-09 08:10:03,744 INFO applying index migration 0010 (0010_podcast_feeds.sql)
2026-09-09 08:10:03,746 INFO applying index migration 0011 (0011_podcast_audio.sql)
2026-09-09 08:10:03,749 INFO applying index migration 0012 (0012_whisper_transcripts.sql)
2026-09-09 08:10:03,753 INFO applying index migration 0013 (0013_monitored_playlists.sql)
2026-09-09 08:10:03,757 INFO applying index migration 0014 (0014_writing_studio.sql)
2026-09-09 08:10:03,759 INFO applying index migration 0015 (0015_universal_site.sql)
2026-09-09 08:10:03,761 INFO applying index migration 0016 (0016_default_style_anchors.sql)
2026-09-09 08:10:03,764 INFO applying index migration 0017 (0017_pending_long_video_mode.sql)
2026-09-09 08:10:03,795 INFO applying index migration 0018 (0018_writing_drafts.sql)
2026-09-09 08:10:03,807 INFO applying index migration 0019 (0019_auto_uoink.sql)
2026-09-09 08:10:03,810 INFO applying index migration 0020 (0020_platform_author.sql)
2026-09-09 08:10:03,813 INFO applying index migration 0021 (0021_suite_engagement.sql)
2026-09-09 08:10:03,816 INFO applying index migration 0022 (0022_podcast_corpus.sql)
2026-09-09 08:10:03,820 INFO applying index migration 0023 (0023_podcast_watch.sql)
2026-09-09 08:10:03,823 INFO applying index migration 0024 (0024_clips.sql)
2026-09-09 08:10:03,825 INFO applying index migration 0025 (0025_source_type_backfill.sql)
2026-09-09 08:10:03,836 INFO applying index migration 0026 (0026_provenance_precedence.sql)
2026-09-09 08:10:03,841 INFO applying index migration 0027 (0027_library_substrate.sql)
2026-09-09 08:10:03,844 INFO applying index migration 0028 (0028_source_subscriptions.sql)
2026-09-09 08:10:03,848 INFO applying index migration 0030 (0030_media_depth.sql)
.2026-09-09 08:10:03,883 INFO applying index migration 0001 (0001_initial_schema.sql)
2026-09-09 08:10:03,889 INFO applying index migration 0002 (0002_entity_graph.sql)
2026-09-09 08:10:03,891 INFO applying index migration 0003 (0003_taxonomy_corrections.sql)
2026-09-09 08:10:03,895 INFO applying index migration 0004 (0004_memory_indexes.sql)
2026-09-09 08:10:03,897 INFO applying index migration 0005 (0005_pending_yoinks.sql)
2026-09-09 08:10:03,899 INFO applying index migration 0006 (0006_v2_schema.sql)
2026-09-09 08:10:03,902 INFO applying index migration 0007 (0007_p4_workspaces.sql)
2026-09-09 08:10:03,905 INFO applying index migration 0008 (0008_a2_claims.sql)
2026-09-09 08:10:03,908 INFO applying index migration 0009 (0009_p5_scripts.sql)
2026-09-09 08:10:03,910 INFO applying index migration 0010 (0010_podcast_feeds.sql)
2026-09-09 08:10:03,912 INFO applying index migration 0011 (0011_podcast_audio.sql)
2026-09-09 08:10:03,916 INFO applying index migration 0012 (0012_whisper_transcripts.sql)
2026-09-09 08:10:03,919 INFO applying index migration 0013 (0013_monitored_playlists.sql)
2026-09-09 08:10:03,921 INFO applying index migration 0014 (0014_writing_studio.sql)
2026-09-09 08:10:03,923 INFO applying index migration 0015 (0015_universal_site.sql)
2026-09-09 08:10:03,927 INFO applying index migration 0016 (0016_default_style_anchors.sql)
2026-09-09 08:10:03,929 INFO applying index migration 0017 (0017_pending_long_video_mode.sql)
2026-09-09 08:10:03,931 INFO applying index migration 0018 (0018_writing_drafts.sql)
2026-09-09 08:10:03,933 INFO applying index migration 0019 (0019_auto_uoink.sql)
2026-09-09 08:10:03,937 INFO applying index migration 0020 (0020_platform_author.sql)
2026-09-09 08:10:03,940 INFO applying index migration 0021 (0021_suite_engagement.sql)
2026-09-09 08:10:03,942 INFO applying index migration 0022 (0022_podcast_corpus.sql)
2026-09-09 08:10:03,945 INFO applying index migration 0023 (0023_podcast_watch.sql)
2026-09-09 08:10:03,949 INFO applying index migration 0024 (0024_clips.sql)
2026-09-09 08:10:03,951 INFO applying index migration 0025 (0025_source_type_backfill.sql)
2026-09-09 08:10:03,961 INFO applying index migration 0026 (0026_provenance_precedence.sql)
2026-09-09 08:10:03,966 INFO applying index migration 0027 (0027_library_substrate.sql)
2026-09-09 08:10:03,969 INFO applying index migration 0028 (0028_source_subscriptions.sql)
2026-09-09 08:10:03,971 INFO applying index migration 0030 (0030_media_depth.sql)
.2026-09-09 08:10:04,006 INFO applying index migration 0001 (0001_initial_schema.sql)
2026-09-09 08:10:04,012 INFO applying index migration 0002 (0002_entity_graph.sql)
2026-09-09 08:10:04,014 INFO applying index migration 0003 (0003_taxonomy_corrections.sql)
2026-09-09 08:10:04,016 INFO applying index migration 0004 (0004_memory_indexes.sql)
2026-09-09 08:10:04,018 INFO applying index migration 0005 (0005_pending_yoinks.sql)
2026-09-09 08:10:04,021 INFO applying index migration 0006 (0006_v2_schema.sql)
2026-09-09 08:10:04,024 INFO applying index migration 0007 (0007_p4_workspaces.sql)
2026-09-09 08:10:04,026 INFO applying index migration 0008 (0008_a2_claims.sql)
2026-09-09 08:10:04,029 INFO applying index migration 0009 (0009_p5_scripts.sql)
2026-09-09 08:10:04,032 INFO applying index migration 0010 (0010_podcast_feeds.sql)
2026-09-09 08:10:04,034 INFO applying index migration 0011 (0011_podcast_audio.sql)
2026-09-09 08:10:04,037 INFO applying index migration 0012 (0012_whisper_transcripts.sql)
2026-09-09 08:10:04,040 INFO applying index migration 0013 (0013_monitored_playlists.sql)
2026-09-09 08:10:04,043 INFO applying index migration 0014 (0014_writing_studio.sql)
2026-09-09 08:10:04,046 INFO applying index migration 0015 (0015_universal_site.sql)
2026-09-09 08:10:04,048 INFO applying index migration 0016 (0016_default_style_anchors.sql)
2026-09-09 08:10:04,050 INFO applying index migration 0017 (0017_pending_long_video_mode.sql)
2026-09-09 08:10:04,053 INFO applying index migration 0018 (0018_writing_drafts.sql)
2026-09-09 08:10:04,055 INFO applying index migration 0019 (0019_auto_uoink.sql)
2026-09-09 08:10:04,058 INFO applying index migration 0020 (0020_platform_author.sql)
2026-09-09 08:10:04,060 INFO applying index migration 0021 (0021_suite_engagement.sql)
2026-09-09 08:10:04,063 INFO applying index migration 0022 (0022_podcast_corpus.sql)
2026-09-09 08:10:04,067 INFO applying index migration 0023 (0023_podcast_watch.sql)
2026-09-09 08:10:04,069 INFO applying index migration 0024 (0024_clips.sql)
2026-09-09 08:10:04,072 INFO applying index migration 0025 (0025_source_type_backfill.sql)
2026-09-09 08:10:04,082 INFO applying index migration 0026 (0026_provenance_precedence.sql)
2026-09-09 08:10:04,088 INFO applying index migration 0027 (0027_library_substrate.sql)
2026-09-09 08:10:04,090 INFO applying index migration 0028 (0028_source_subscriptions.sql)
2026-09-09 08:10:04,094 INFO applying index migration 0030 (0030_media_depth.sql)
.2026-09-09 08:10:04,127 INFO applying index migration 0001 (0001_initial_schema.sql)
2026-09-09 08:10:04,133 INFO applying index migration 0002 (0002_entity_graph.sql)
2026-09-09 08:10:04,135 INFO applying index migration 0003 (0003_taxonomy_corrections.sql)
2026-09-09 08:10:04,138 INFO applying index migration 0004 (0004_memory_indexes.sql)
2026-09-09 08:10:04,140 INFO applying index migration 0005 (0005_pending_yoinks.sql)
2026-09-09 08:10:04,142 INFO applying index migration 0006 (0006_v2_schema.sql)
2026-09-09 08:10:04,145 INFO applying index migration 0007 (0007_p4_workspaces.sql)
2026-09-09 08:10:04,148 INFO applying index migration 0008 (0008_a2_claims.sql)
2026-09-09 08:10:04,150 INFO applying index migration 0009 (0009_p5_scripts.sql)
2026-09-09 08:10:04,152 INFO applying index migration 0010 (0010_podcast_feeds.sql)
2026-09-09 08:10:04,154 INFO applying index migration 0011 (0011_podcast_audio.sql)
2026-09-09 08:10:04,158 INFO applying index migration 0012 (0012_whisper_transcripts.sql)
2026-09-09 08:10:04,161 INFO applying index migration 0013 (0013_monitored_playlists.sql)
2026-09-09 08:10:04,163 INFO applying index migration 0014 (0014_writing_studio.sql)
2026-09-09 08:10:04,165 INFO applying index migration 0015 (0015_universal_site.sql)
2026-09-09 08:10:04,169 INFO applying index migration 0016 (0016_default_style_anchors.sql)
2026-09-09 08:10:04,171 INFO applying index migration 0017 (0017_pending_long_video_mode.sql)
2026-09-09 08:10:04,174 INFO applying index migration 0018 (0018_writing_drafts.sql)
2026-09-09 08:10:04,176 INFO applying index migration 0019 (0019_auto_uoink.sql)
2026-09-09 08:10:04,179 INFO applying index migration 0020 (0020_platform_author.sql)
2026-09-09 08:10:04,182 INFO applying index migration 0021 (0021_suite_engagement.sql)
2026-09-09 08:10:04,185 INFO applying index migration 0022 (0022_podcast_corpus.sql)
2026-09-09 08:10:04,188 INFO applying index migration 0023 (0023_podcast_watch.sql)
2026-09-09 08:10:04,192 INFO applying index migration 0024 (0024_clips.sql)
2026-09-09 08:10:04,194 INFO applying index migration 0025 (0025_source_type_backfill.sql)
2026-09-09 08:10:04,205 INFO applying index migration 0026 (0026_provenance_precedence.sql)
2026-09-09 08:10:04,211 INFO applying index migration 0027 (0027_library_substrate.sql)
2026-09-09 08:10:04,214 INFO applying index migration 0028 (0028_source_subscriptions.sql)
2026-09-09 08:10:04,217 INFO applying index migration 0030 (0030_media_depth.sql)
.2026-09-09 08:10:04,251 INFO applying index migration 0001 (0001_initial_schema.sql)
2026-09-09 08:10:04,257 INFO applying index migration 0002 (0002_entity_graph.sql)
2026-09-09 08:10:04,259 INFO applying index migration 0003 (0003_taxonomy_corrections.sql)
2026-09-09 08:10:04,261 INFO applying index migration 0004 (0004_memory_indexes.sql)
2026-09-09 08:10:04,263 INFO applying index migration 0005 (0005_pending_yoinks.sql)
2026-09-09 08:10:04,266 INFO applying index migration 0006 (0006_v2_schema.sql)
2026-09-09 08:10:04,270 INFO applying index migration 0007 (0007_p4_workspaces.sql)
2026-09-09 08:10:04,272 INFO applying index migration 0008 (0008_a2_claims.sql)
2026-09-09 08:10:04,274 INFO applying index migration 0009 (0009_p5_scripts.sql)
2026-09-09 08:10:04,277 INFO applying index migration 0010 (0010_podcast_feeds.sql)
2026-09-09 08:10:04,279 INFO applying index migration 0011 (0011_podcast_audio.sql)
2026-09-09 08:10:04,281 INFO applying index migration 0012 (0012_whisper_transcripts.sql)
2026-09-09 08:10:04,284 INFO applying index migration 0013 (0013_monitored_playlists.sql)
2026-09-09 08:10:04,287 INFO applying index migration 0014 (0014_writing_studio.sql)
2026-09-09 08:10:04,290 INFO applying index migration 0015 (0015_universal_site.sql)
2026-09-09 08:10:04,292 INFO applying index migration 0016 (0016_default_style_anchors.sql)
2026-09-09 08:10:04,294 INFO applying index migration 0017 (0017_pending_long_video_mode.sql)
2026-09-09 08:10:04,297 INFO applying index migration 0018 (0018_writing_drafts.sql)
2026-09-09 08:10:04,299 INFO applying index migration 0019 (0019_auto_uoink.sql)
2026-09-09 08:10:04,302 INFO applying index migration 0020 (0020_platform_author.sql)
2026-09-09 08:10:04,305 INFO applying index migration 0021 (0021_suite_engagement.sql)
2026-09-09 08:10:04,308 INFO applying index migration 0022 (0022_podcast_corpus.sql)
2026-09-09 08:10:04,311 INFO applying index migration 0023 (0023_podcast_watch.sql)
2026-09-09 08:10:04,314 INFO applying index migration 0024 (0024_clips.sql)
2026-09-09 08:10:04,317 INFO applying index migration 0025 (0025_source_type_backfill.sql)
2026-09-09 08:10:04,327 INFO applying index migration 0026 (0026_provenance_precedence.sql)
2026-09-09 08:10:04,332 INFO applying index migration 0027 (0027_library_substrate.sql)
2026-09-09 08:10:04,335 INFO applying index migration 0028 (0028_source_subscriptions.sql)
2026-09-09 08:10:04,339 INFO applying index migration 0030 (0030_media_depth.sql)
.2026-09-09 08:10:04,372 INFO applying index migration 0001 (0001_initial_schema.sql)
2026-09-09 08:10:04,378 INFO applying index migration 0002 (0002_entity_graph.sql)
2026-09-09 08:10:04,380 INFO applying index migration 0003 (0003_taxonomy_corrections.sql)
2026-09-09 08:10:04,383 INFO applying index migration 0004 (0004_memory_indexes.sql)
2026-09-09 08:10:04,385 INFO applying index migration 0005 (0005_pending_yoinks.sql)
2026-09-09 08:10:04,387 INFO applying index migration 0006 (0006_v2_schema.sql)
2026-09-09 08:10:04,391 INFO applying index migration 0007 (0007_p4_workspaces.sql)
2026-09-09 08:10:04,394 INFO applying index migration 0008 (0008_a2_claims.sql)
2026-09-09 08:10:04,396 INFO applying index migration 0009 (0009_p5_scripts.sql)
2026-09-09 08:10:04,398 INFO applying index migration 0010 (0010_podcast_feeds.sql)
2026-09-09 08:10:04,400 INFO applying index migration 0011 (0011_podcast_audio.sql)
2026-09-09 08:10:04,403 INFO applying index migration 0012 (0012_whisper_transcripts.sql)
2026-09-09 08:10:04,407 INFO applying index migration 0013 (0013_monitored_playlists.sql)
2026-09-09 08:10:04,409 INFO applying index migration 0014 (0014_writing_studio.sql)
2026-09-09 08:10:04,411 INFO applying index migration 0015 (0015_universal_site.sql)
2026-09-09 08:10:04,414 INFO applying index migration 0016 (0016_default_style_anchors.sql)
2026-09-09 08:10:04,417 INFO applying index migration 0017 (0017_pending_long_video_mode.sql)
2026-09-09 08:10:04,419 INFO applying index migration 0018 (0018_writing_drafts.sql)
2026-09-09 08:10:04,421 INFO applying index migration 0019 (0019_auto_uoink.sql)
2026-09-09 08:10:04,424 INFO applying index migration 0020 (0020_platform_author.sql)
2026-09-09 08:10:04,427 INFO applying index migration 0021 (0021_suite_engagement.sql)
2026-09-09 08:10:04,429 INFO applying index migration 0022 (0022_podcast_corpus.sql)
2026-09-09 08:10:04,433 INFO applying index migration 0023 (0023_podcast_watch.sql)
2026-09-09 08:10:04,436 INFO applying index migration 0024 (0024_clips.sql)
2026-09-09 08:10:04,438 INFO applying index migration 0025 (0025_source_type_backfill.sql)
2026-09-09 08:10:04,449 INFO applying index migration 0026 (0026_provenance_precedence.sql)
2026-09-09 08:10:04,454 INFO applying index migration 0027 (0027_library_substrate.sql)
2026-09-09 08:10:04,457 INFO applying index migration 0028 (0028_source_subscriptions.sql)
2026-09-09 08:10:04,459 INFO applying index migration 0030 (0030_media_depth.sql)
.2026-09-09 08:10:04,494 INFO applying index migration 0001 (0001_initial_schema.sql)
2026-09-09 08:10:04,500 INFO applying index migration 0002 (0002_entity_graph.sql)
2026-09-09 08:10:04,502 INFO applying index migration 0003 (0003_taxonomy_corrections.sql)
2026-09-09 08:10:04,504 INFO applying index migration 0004 (0004_memory_indexes.sql)
2026-09-09 08:10:04,507 INFO applying index migration 0005 (0005_pending_yoinks.sql)
2026-09-09 08:10:04,510 INFO applying index migration 0006 (0006_v2_schema.sql)
2026-09-09 08:10:04,513 INFO applying index migration 0007 (0007_p4_workspaces.sql)
2026-09-09 08:10:04,515 INFO applying index migration 0008 (0008_a2_claims.sql)
2026-09-09 08:10:04,518 INFO applying index migration 0009 (0009_p5_scripts.sql)
2026-09-09 08:10:04,521 INFO applying index migration 0010 (0010_podcast_feeds.sql)
2026-09-09 08:10:04,523 INFO applying index migration 0011 (0011_podcast_audio.sql)
2026-09-09 08:10:04,526 INFO applying index migration 0012 (0012_whisper_transcripts.sql)
2026-09-09 08:10:04,529 INFO applying index migration 0013 (0013_monitored_playlists.sql)
2026-09-09 08:10:04,533 INFO applying index migration 0014 (0014_writing_studio.sql)
2026-09-09 08:10:04,535 INFO applying index migration 0015 (0015_universal_site.sql)
2026-09-09 08:10:04,537 INFO applying index migration 0016 (0016_default_style_anchors.sql)
2026-09-09 08:10:04,540 INFO applying index migration 0017 (0017_pending_long_video_mode.sql)
2026-09-09 08:10:04,543 INFO applying index migration 0018 (0018_writing_drafts.sql)
2026-09-09 08:10:04,545 INFO applying index migration 0019 (0019_auto_uoink.sql)
2026-09-09 08:10:04,548 INFO applying index migration 0020 (0020_platform_author.sql)
2026-09-09 08:10:04,551 INFO applying index migration 0021 (0021_suite_engagement.sql)
2026-09-09 08:10:04,554 INFO applying index migration 0022 (0022_podcast_corpus.sql)
2026-09-09 08:10:04,558 INFO applying index migration 0023 (0023_podcast_watch.sql)
2026-09-09 08:10:04,561 INFO applying index migration 0024 (0024_clips.sql)
2026-09-09 08:10:04,564 INFO applying index migration 0025 (0025_source_type_backfill.sql)
2026-09-09 08:10:04,574 INFO applying index migration 0026 (0026_provenance_precedence.sql)
2026-09-09 08:10:04,579 INFO applying index migration 0027 (0027_library_substrate.sql)
2026-09-09 08:10:04,582 INFO applying index migration 0028 (0028_source_subscriptions.sql)
2026-09-09 08:10:04,585 INFO applying index migration 0030 (0030_media_depth.sql)
.2026-09-09 08:10:04,618 INFO applying index migration 0001 (0001_initial_schema.sql)
2026-09-09 08:10:04,624 INFO applying index migration 0002 (0002_entity_graph.sql)
2026-09-09 08:10:04,626 INFO applying index migration 0003 (0003_taxonomy_corrections.sql)
2026-09-09 08:10:04,629 INFO applying index migration 0004 (0004_memory_indexes.sql)
2026-09-09 08:10:04,631 INFO applying index migration 0005 (0005_pending_yoinks.sql)
2026-09-09 08:10:04,633 INFO applying index migration 0006 (0006_v2_schema.sql)
2026-09-09 08:10:04,636 INFO applying index migration 0007 (0007_p4_workspaces.sql)
2026-09-09 08:10:04,639 INFO applying index migration 0008 (0008_a2_claims.sql)
2026-09-09 08:10:04,641 INFO applying index migration 0009 (0009_p5_scripts.sql)
2026-09-09 08:10:04,643 INFO applying index migration 0010 (0010_podcast_feeds.sql)
2026-09-09 08:10:04,646 INFO applying index migration 0011 (0011_podcast_audio.sql)
2026-09-09 08:10:04,649 INFO applying index migration 0012 (0012_whisper_transcripts.sql)
2026-09-09 08:10:04,653 INFO applying index migration 0013 (0013_monitored_playlists.sql)
2026-09-09 08:10:04,655 INFO applying index migration 0014 (0014_writing_studio.sql)
2026-09-09 08:10:04,657 INFO applying index migration 0015 (0015_universal_site.sql)
2026-09-09 08:10:04,661 INFO applying index migration 0016 (0016_default_style_anchors.sql)
2026-09-09 08:10:04,663 INFO applying index migration 0017 (0017_pending_long_video_mode.sql)
2026-09-09 08:10:04,665 INFO applying index migration 0018 (0018_writing_drafts.sql)
2026-09-09 08:10:04,668 INFO applying index migration 0019 (0019_auto_uoink.sql)
2026-09-09 08:10:04,671 INFO applying index migration 0020 (0020_platform_author.sql)
2026-09-09 08:10:04,674 INFO applying index migration 0021 (0021_suite_engagement.sql)
2026-09-09 08:10:04,676 INFO applying index migration 0022 (0022_podcast_corpus.sql)
2026-09-09 08:10:04,679 INFO applying index migration 0023 (0023_podcast_watch.sql)
2026-09-09 08:10:04,683 INFO applying index migration 0024 (0024_clips.sql)
2026-09-09 08:10:04,685 INFO applying index migration 0025 (0025_source_type_backfill.sql)
2026-09-09 08:10:04,696 INFO applying index migration 0026 (0026_provenance_precedence.sql)
2026-09-09 08:10:04,701 INFO applying index migration 0027 (0027_library_substrate.sql)
2026-09-09 08:10:04,704 INFO applying index migration 0028 (0028_source_subscriptions.sql)
2026-09-09 08:10:04,707 INFO applying index migration 0030 (0030_media_depth.sql)
.2026-09-09 08:10:04,741 INFO applying index migration 0001 (0001_initial_schema.sql)
2026-09-09 08:10:04,746 INFO applying index migration 0002 (0002_entity_graph.sql)
2026-09-09 08:10:04,749 INFO applying index migration 0003 (0003_taxonomy_corrections.sql)
2026-09-09 08:10:04,751 INFO applying index migration 0004 (0004_memory_indexes.sql)
2026-09-09 08:10:04,753 INFO applying index migration 0005 (0005_pending_yoinks.sql)
2026-09-09 08:10:04,756 INFO applying index migration 0006 (0006_v2_schema.sql)
2026-09-09 08:10:04,759 INFO applying index migration 0007 (0007_p4_workspaces.sql)
2026-09-09 08:10:04,761 INFO applying index migration 0008 (0008_a2_claims.sql)
2026-09-09 08:10:04,763 INFO applying index migration 0009 (0009_p5_scripts.sql)
2026-09-09 08:10:04,766 INFO applying index migration 0010 (0010_podcast_feeds.sql)
2026-09-09 08:10:04,769 INFO applying index migration 0011 (0011_podcast_audio.sql)
2026-09-09 08:10:04,771 INFO applying index migration 0012 (0012_whisper_transcripts.sql)
2026-09-09 08:10:04,775 INFO applying index migration 0013 (0013_monitored_playlists.sql)
2026-09-09 08:10:04,778 INFO applying index migration 0014 (0014_writing_studio.sql)
2026-09-09 08:10:04,780 INFO applying index migration 0015 (0015_universal_site.sql)
2026-09-09 08:10:04,782 INFO applying index migration 0016 (0016_default_style_anchors.sql)
2026-09-09 08:10:04,785 INFO applying index migration 0017 (0017_pending_long_video_mode.sql)
2026-09-09 08:10:04,788 INFO applying index migration 0018 (0018_writing_drafts.sql)
2026-09-09 08:10:04,790 INFO applying index migration 0019 (0019_auto_uoink.sql)
2026-09-09 08:10:04,792 INFO applying index migration 0020 (0020_platform_author.sql)
2026-09-09 08:10:04,795 INFO applying index migration 0021 (0021_suite_engagement.sql)
2026-09-09 08:10:04,798 INFO applying index migration 0022 (0022_podcast_corpus.sql)
2026-09-09 08:10:04,802 INFO applying index migration 0023 (0023_podcast_watch.sql)
2026-09-09 08:10:04,804 INFO applying index migration 0024 (0024_clips.sql)
2026-09-09 08:10:04,807 INFO applying index migration 0025 (0025_source_type_backfill.sql)
2026-09-09 08:10:04,818 INFO applying index migration 0026 (0026_provenance_precedence.sql)
2026-09-09 08:10:04,823 INFO applying index migration 0027 (0027_library_substrate.sql)
2026-09-09 08:10:04,826 INFO applying index migration 0028 (0028_source_subscriptions.sql)
2026-09-09 08:10:04,829 INFO applying index migration 0030 (0030_media_depth.sql)
.2026-09-09 08:10:04,863 INFO applying index migration 0001 (0001_initial_schema.sql)
2026-09-09 08:10:04,869 INFO applying index migration 0002 (0002_entity_graph.sql)
2026-09-09 08:10:04,871 INFO applying index migration 0003 (0003_taxonomy_corrections.sql)
2026-09-09 08:10:04,873 INFO applying index migration 0004 (0004_memory_indexes.sql)
2026-09-09 08:10:04,876 INFO applying index migration 0005 (0005_pending_yoinks.sql)
2026-09-09 08:10:04,879 INFO applying index migration 0006 (0006_v2_schema.sql)
2026-09-09 08:10:04,881 INFO applying index migration 0007 (0007_p4_workspaces.sql)
2026-09-09 08:10:04,884 INFO applying index migration 0008 (0008_a2_claims.sql)
2026-09-09 08:10:04,886 INFO applying index migration 0009 (0009_p5_scripts.sql)
2026-09-09 08:10:04,889 INFO applying index migration 0010 (0010_podcast_feeds.sql)
2026-09-09 08:10:04,891 INFO applying index migration 0011 (0011_podcast_audio.sql)
2026-09-09 08:10:04,894 INFO applying index migration 0012 (0012_whisper_transcripts.sql)
2026-09-09 08:10:04,898 INFO applying index migration 0013 (0013_monitored_playlists.sql)
2026-09-09 08:10:04,901 INFO applying index migration 0014 (0014_writing_studio.sql)
2026-09-09 08:10:04,903 INFO applying index migration 0015 (0015_universal_site.sql)
2026-09-09 08:10:04,906 INFO applying index migration 0016 (0016_default_style_anchors.sql)
2026-09-09 08:10:04,908 INFO applying index migration 0017 (0017_pending_long_video_mode.sql)
2026-09-09 08:10:04,911 INFO applying index migration 0018 (0018_writing_drafts.sql)
2026-09-09 08:10:04,913 INFO applying index migration 0019 (0019_auto_uoink.sql)
2026-09-09 08:10:04,915 INFO applying index migration 0020 (0020_platform_author.sql)
2026-09-09 08:10:04,918 INFO applying index migration 0021 (0021_suite_engagement.sql)
2026-09-09 08:10:04,921 INFO applying index migration 0022 (0022_podcast_corpus.sql)
2026-09-09 08:10:04,925 INFO applying index migration 0023 (0023_podcast_watch.sql)
2026-09-09 08:10:04,927 INFO applying index migration 0024 (0024_clips.sql)
2026-09-09 08:10:04,930 INFO applying index migration 0025 (0025_source_type_backfill.sql)
2026-09-09 08:10:04,940 INFO applying index migration 0026 (0026_provenance_precedence.sql)
2026-09-09 08:10:04,945 INFO applying index migration 0027 (0027_library_substrate.sql)
2026-09-09 08:10:04,948 INFO applying index migration 0028 (0028_source_subscriptions.sql)
2026-09-09 08:10:04,951 INFO applying index migration 0030 (0030_media_depth.sql)
.2026-09-09 08:10:04,984 INFO applying index migration 0001 (0001_initial_schema.sql)
2026-09-09 08:10:04,990 INFO applying index migration 0002 (0002_entity_graph.sql)
2026-09-09 08:10:04,992 INFO applying index migration 0003 (0003_taxonomy_corrections.sql)
2026-09-09 08:10:04,995 INFO applying index migration 0004 (0004_memory_indexes.sql)
2026-09-09 08:10:04,997 INFO applying index migration 0005 (0005_pending_yoinks.sql)
2026-09-09 08:10:04,999 INFO applying index migration 0006 (0006_v2_schema.sql)
2026-09-09 08:10:05,002 INFO applying index migration 0007 (0007_p4_workspaces.sql)
2026-09-09 08:10:05,005 INFO applying index migration 0008 (0008_a2_claims.sql)
2026-09-09 08:10:05,007 INFO applying index migration 0009 (0009_p5_scripts.sql)
2026-09-09 08:10:05,009 INFO applying index migration 0010 (0010_podcast_feeds.sql)
2026-09-09 08:10:05,011 INFO applying index migration 0011 (0011_podcast_audio.sql)
2026-09-09 08:10:05,015 INFO applying index migration 0012 (0012_whisper_transcripts.sql)
2026-09-09 08:10:05,019 INFO applying index migration 0013 (0013_monitored_playlists.sql)
2026-09-09 08:10:05,021 INFO applying index migration 0014 (0014_writing_studio.sql)
2026-09-09 08:10:05,023 INFO applying index migration 0015 (0015_universal_site.sql)
2026-09-09 08:10:05,027 INFO applying index migration 0016 (0016_default_style_anchors.sql)
2026-09-09 08:10:05,029 INFO applying index migration 0017 (0017_pending_long_video_mode.sql)
2026-09-09 08:10:05,031 INFO applying index migration 0018 (0018_writing_drafts.sql)
2026-09-09 08:10:05,033 INFO applying index migration 0019 (0019_auto_uoink.sql)
2026-09-09 08:10:05,037 INFO applying index migration 0020 (0020_platform_author.sql)
2026-09-09 08:10:05,039 INFO applying index migration 0021 (0021_suite_engagement.sql)
2026-09-09 08:10:05,041 INFO applying index migration 0022 (0022_podcast_corpus.sql)
2026-09-09 08:10:05,045 INFO applying index migration 0023 (0023_podcast_watch.sql)
2026-09-09 08:10:05,048 INFO applying index migration 0024 (0024_clips.sql)
2026-09-09 08:10:05,051 INFO applying index migration 0025 (0025_source_type_backfill.sql)
2026-09-09 08:10:05,061 INFO applying index migration 0026 (0026_provenance_precedence.sql)
2026-09-09 08:10:05,066 INFO applying index migration 0027 (0027_library_substrate.sql)
2026-09-09 08:10:05,069 INFO applying index migration 0028 (0028_source_subscriptions.sql)
2026-09-09 08:10:05,071 INFO applying index migration 0030 (0030_media_depth.sql)
.2026-09-09 08:10:05,105 INFO applying index migration 0001 (0001_initial_schema.sql)
2026-09-09 08:10:05,111 INFO applying index migration 0002 (0002_entity_graph.sql)
2026-09-09 08:10:05,113 INFO applying index migration 0003 (0003_taxonomy_corrections.sql)
2026-09-09 08:10:05,115 INFO applying index migration 0004 (0004_memory_indexes.sql)
2026-09-09 08:10:05,117 INFO applying index migration 0005 (0005_pending_yoinks.sql)
2026-09-09 08:10:05,120 INFO applying index migration 0006 (0006_v2_schema.sql)
2026-09-09 08:10:05,123 INFO applying index migration 0007 (0007_p4_workspaces.sql)
2026-09-09 08:10:05,125 INFO applying index migration 0008 (0008_a2_claims.sql)
2026-09-09 08:10:05,127 INFO applying index migration 0009 (0009_p5_scripts.sql)
2026-09-09 08:10:05,130 INFO applying index migration 0010 (0010_podcast_feeds.sql)
2026-09-09 08:10:05,132 INFO applying index migration 0011 (0011_podcast_audio.sql)
2026-09-09 08:10:05,135 INFO applying index migration 0012 (0012_whisper_transcripts.sql)
2026-09-09 08:10:05,139 INFO applying index migration 0013 (0013_monitored_playlists.sql)
2026-09-09 08:10:05,142 INFO applying index migration 0014 (0014_writing_studio.sql)
2026-09-09 08:10:05,144 INFO applying index migration 0015 (0015_universal_site.sql)
2026-09-09 08:10:05,147 INFO applying index migration 0016 (0016_default_style_anchors.sql)
2026-09-09 08:10:05,149 INFO applying index migration 0017 (0017_pending_long_video_mode.sql)
2026-09-09 08:10:05,152 INFO applying index migration 0018 (0018_writing_drafts.sql)
2026-09-09 08:10:05,154 INFO applying index migration 0019 (0019_auto_uoink.sql)
2026-09-09 08:10:05,157 INFO applying index migration 0020 (0020_platform_author.sql)
2026-09-09 08:10:05,160 INFO applying index migration 0021 (0021_suite_engagement.sql)
2026-09-09 08:10:05,163 INFO applying index migration 0022 (0022_podcast_corpus.sql)
2026-09-09 08:10:05,166 INFO applying index migration 0023 (0023_podcast_watch.sql)
2026-09-09 08:10:05,169 INFO applying index migration 0024 (0024_clips.sql)
2026-09-09 08:10:05,172 INFO applying index migration 0025 (0025_source_type_backfill.sql)
2026-09-09 08:10:05,182 INFO applying index migration 0026 (0026_provenance_precedence.sql)
2026-09-09 08:10:05,187 INFO applying index migration 0027 (0027_library_substrate.sql)
2026-09-09 08:10:05,190 INFO applying index migration 0028 (0028_source_subscriptions.sql)
2026-09-09 08:10:05,195 INFO applying index migration 0030 (0030_media_depth.sql)
.2026-09-09 08:10:05,230 INFO applying index migration 0001 (0001_initial_schema.sql)
2026-09-09 08:10:05,236 INFO applying index migration 0002 (0002_entity_graph.sql)
2026-09-09 08:10:05,238 INFO applying index migration 0003 (0003_taxonomy_corrections.sql)
2026-09-09 08:10:05,242 INFO applying index migration 0004 (0004_memory_indexes.sql)
2026-09-09 08:10:05,244 INFO applying index migration 0005 (0005_pending_yoinks.sql)
2026-09-09 08:10:05,247 INFO applying index migration 0006 (0006_v2_schema.sql)
2026-09-09 08:10:05,250 INFO applying index migration 0007 (0007_p4_workspaces.sql)
2026-09-09 08:10:05,253 INFO applying index migration 0008 (0008_a2_claims.sql)
2026-09-09 08:10:05,255 INFO applying index migration 0009 (0009_p5_scripts.sql)
2026-09-09 08:10:05,257 INFO applying index migration 0010 (0010_podcast_feeds.sql)
2026-09-09 08:10:05,259 INFO applying index migration 0011 (0011_podcast_audio.sql)
2026-09-09 08:10:05,263 INFO applying index migration 0012 (0012_whisper_transcripts.sql)
2026-09-09 08:10:05,267 INFO applying index migration 0013 (0013_monitored_playlists.sql)
2026-09-09 08:10:05,269 INFO applying index migration 0014 (0014_writing_studio.sql)
2026-09-09 08:10:05,271 INFO applying index migration 0015 (0015_universal_site.sql)
2026-09-09 08:10:05,275 INFO applying index migration 0016 (0016_default_style_anchors.sql)
2026-09-09 08:10:05,277 INFO applying index migration 0017 (0017_pending_long_video_mode.sql)
2026-09-09 08:10:05,279 INFO applying index migration 0018 (0018_writing_drafts.sql)
2026-09-09 08:10:05,281 INFO applying index migration 0019 (0019_auto_uoink.sql)
2026-09-09 08:10:05,285 INFO applying index migration 0020 (0020_platform_author.sql)
2026-09-09 08:10:05,288 INFO applying index migration 0021 (0021_suite_engagement.sql)
2026-09-09 08:10:05,290 INFO applying index migration 0022 (0022_podcast_corpus.sql)
2026-09-09 08:10:05,294 INFO applying index migration 0023 (0023_podcast_watch.sql)
2026-09-09 08:10:05,297 INFO applying index migration 0024 (0024_clips.sql)
2026-09-09 08:10:05,300 INFO applying index migration 0025 (0025_source_type_backfill.sql)
2026-09-09 08:10:05,311 INFO applying index migration 0026 (0026_provenance_precedence.sql)
2026-09-09 08:10:05,316 INFO applying index migration 0027 (0027_library_substrate.sql)
2026-09-09 08:10:05,319 INFO applying index migration 0028 (0028_source_subscriptions.sql)
2026-09-09 08:10:05,321 INFO applying index migration 0030 (0030_media_depth.sql)
.2026-09-09 08:10:05,356 INFO applying index migration 0001 (0001_initial_schema.sql)
2026-09-09 08:10:05,361 INFO applying index migration 0002 (0002_entity_graph.sql)
2026-09-09 08:10:05,364 INFO applying index migration 0003 (0003_taxonomy_corrections.sql)
2026-09-09 08:10:05,366 INFO applying index migration 0004 (0004_memory_indexes.sql)
2026-09-09 08:10:05,368 INFO applying index migration 0005 (0005_pending_yoinks.sql)
2026-09-09 08:10:05,371 INFO applying index migration 0006 (0006_v2_schema.sql)
2026-09-09 08:10:05,374 INFO applying index migration 0007 (0007_p4_workspaces.sql)
2026-09-09 08:10:05,376 INFO applying index migration 0008 (0008_a2_claims.sql)
2026-09-09 08:10:05,378 INFO applying index migration 0009 (0009_p5_scripts.sql)
2026-09-09 08:10:05,381 INFO applying index migration 0010 (0010_podcast_feeds.sql)
2026-09-09 08:10:05,383 INFO applying index migration 0011 (0011_podcast_audio.sql)
2026-09-09 08:10:05,386 INFO applying index migration 0012 (0012_whisper_transcripts.sql)
2026-09-09 08:10:05,389 INFO applying index migration 0013 (0013_monitored_playlists.sql)
2026-09-09 08:10:05,392 INFO applying index migration 0014 (0014_writing_studio.sql)
2026-09-09 08:10:05,395 INFO applying index migration 0015 (0015_universal_site.sql)
2026-09-09 08:10:05,397 INFO applying index migration 0016 (0016_default_style_anchors.sql)
2026-09-09 08:10:05,400 INFO applying index migration 0017 (0017_pending_long_video_mode.sql)
2026-09-09 08:10:05,403 INFO applying index migration 0018 (0018_writing_drafts.sql)
2026-09-09 08:10:05,405 INFO applying index migration 0019 (0019_auto_uoink.sql)
2026-09-09 08:10:05,407 INFO applying index migration 0020 (0020_platform_author.sql)
2026-09-09 08:10:05,410 INFO applying index migration 0021 (0021_suite_engagement.sql)
2026-09-09 08:10:05,413 INFO applying index migration 0022 (0022_podcast_corpus.sql)
2026-09-09 08:10:05,417 INFO applying index migration 0023 (0023_podcast_watch.sql)
2026-09-09 08:10:05,420 INFO applying index migration 0024 (0024_clips.sql)
2026-09-09 08:10:05,422 INFO applying index migration 0025 (0025_source_type_backfill.sql)
2026-09-09 08:10:05,433 INFO applying index migration 0026 (0026_provenance_precedence.sql)
2026-09-09 08:10:05,439 INFO applying index migration 0027 (0027_library_substrate.sql)
2026-09-09 08:10:05,442 INFO applying index migration 0028 (0028_source_subscriptions.sql)
2026-09-09 08:10:05,445 INFO applying index migration 0030 (0030_media_depth.sql)
.2026-09-09 08:10:05,469 INFO applying index migration 0001 (0001_initial_schema.sql)
2026-09-09 08:10:05,475 INFO applying index migration 0002 (0002_entity_graph.sql)
2026-09-09 08:10:05,477 INFO applying index migration 0003 (0003_taxonomy_corrections.sql)
2026-09-09 08:10:05,481 INFO applying index migration 0004 (0004_memory_indexes.sql)
2026-09-09 08:10:05,483 INFO applying index migration 0005 (0005_pending_yoinks.sql)
2026-09-09 08:10:05,484 INFO applying index migration 0006 (0006_v2_schema.sql)
2026-09-09 08:10:05,487 INFO applying index migration 0007 (0007_p4_workspaces.sql)
2026-09-09 08:10:05,490 INFO applying index migration 0008 (0008_a2_claims.sql)
2026-09-09 08:10:05,492 INFO applying index migration 0009 (0009_p5_scripts.sql)
2026-09-09 08:10:05,493 INFO applying index migration 0010 (0010_podcast_feeds.sql)
2026-09-09 08:10:05,495 INFO applying index migration 0011 (0011_podcast_audio.sql)
2026-09-09 08:10:05,499 INFO applying index migration 0012 (0012_whisper_transcripts.sql)
2026-09-09 08:10:05,502 INFO applying index migration 0013 (0013_monitored_playlists.sql)
2026-09-09 08:10:05,504 INFO applying index migration 0014 (0014_writing_studio.sql)
2026-09-09 08:10:05,506 INFO applying index migration 0015 (0015_universal_site.sql)
2026-09-09 08:10:05,509 INFO applying index migration 0016 (0016_default_style_anchors.sql)
2026-09-09 08:10:05,512 INFO applying index migration 0017 (0017_pending_long_video_mode.sql)
2026-09-09 08:10:05,514 INFO applying index migration 0018 (0018_writing_drafts.sql)
2026-09-09 08:10:05,515 INFO applying index migration 0019 (0019_auto_uoink.sql)
2026-09-09 08:10:05,518 INFO applying index migration 0020 (0020_platform_author.sql)
2026-09-09 08:10:05,521 INFO applying index migration 0021 (0021_suite_engagement.sql)
2026-09-09 08:10:05,522 INFO applying index migration 0022 (0022_podcast_corpus.sql)
2026-09-09 08:10:05,525 INFO applying index migration 0023 (0023_podcast_watch.sql)
2026-09-09 08:10:05,529 INFO applying index migration 0024 (0024_clips.sql)
2026-09-09 08:10:05,531 INFO applying index migration 0025 (0025_source_type_backfill.sql)
2026-09-09 08:10:05,533 INFO applying index migration 0026 (0026_provenance_precedence.sql)
2026-09-09 08:10:05,535 INFO applying index migration 0027 (0027_library_substrate.sql)
2026-09-09 08:10:05,539 INFO applying index migration 0028 (0028_source_subscriptions.sql)
2026-09-09 08:10:05,543 INFO applying index migration 0030 (0030_media_depth.sql)
...                        [100%]
49 passed in 4.85s
AS6_RESULT {"group": "extra", "selectors": ["tests/test_phase0_cli.py", "tests/test_phase0_provenance.py", "tests/test_phase0_x_full_text.py"], "python": "3.14.6 (tags/v3.14.6:c63aec6, Jun 10 2026, 10:26:10) [MSC v.1944 64 bit (AMD64)]", "server_sha256": "a9248d669aec1543f94ea7ac0e571572c27fb4f4fd11bc898c4480aa5bdfdc52", "exit_code": 0, "blocked_attempts": [{"event": "import", "detail": "whisperx"}]}
