2026-09-09 13:49:21,825 INFO install migration: skipped_isolated_install
2026-09-09 13:49:21,837 INFO applying index migration 0001 (0001_initial_schema.sql)
2026-09-09 13:49:21,841 INFO applying index migration 0002 (0002_entity_graph.sql)
2026-09-09 13:49:21,843 INFO applying index migration 0003 (0003_taxonomy_corrections.sql)
2026-09-09 13:49:21,845 INFO applying index migration 0004 (0004_memory_indexes.sql)
2026-09-09 13:49:21,846 INFO applying index migration 0005 (0005_pending_yoinks.sql)
2026-09-09 13:49:21,849 INFO applying index migration 0006 (0006_v2_schema.sql)
2026-09-09 13:49:21,851 INFO applying index migration 0007 (0007_p4_workspaces.sql)
2026-09-09 13:49:21,852 INFO applying index migration 0008 (0008_a2_claims.sql)
2026-09-09 13:49:21,854 INFO applying index migration 0009 (0009_p5_scripts.sql)
2026-09-09 13:49:21,856 INFO applying index migration 0010 (0010_podcast_feeds.sql)
2026-09-09 13:49:21,858 INFO applying index migration 0011 (0011_podcast_audio.sql)
2026-09-09 13:49:21,860 INFO applying index migration 0012 (0012_whisper_transcripts.sql)
2026-09-09 13:49:21,862 INFO applying index migration 0013 (0013_monitored_playlists.sql)
2026-09-09 13:49:21,865 INFO applying index migration 0014 (0014_writing_studio.sql)
2026-09-09 13:49:21,866 INFO applying index migration 0015 (0015_universal_site.sql)
2026-09-09 13:49:21,868 INFO applying index migration 0016 (0016_default_style_anchors.sql)
2026-09-09 13:49:21,869 INFO applying index migration 0017 (0017_pending_long_video_mode.sql)
2026-09-09 13:49:21,872 INFO applying index migration 0018 (0018_writing_drafts.sql)
2026-09-09 13:49:21,873 INFO applying index migration 0019 (0019_auto_uoink.sql)
2026-09-09 13:49:21,875 INFO applying index migration 0020 (0020_platform_author.sql)
2026-09-09 13:49:21,877 INFO applying index migration 0021 (0021_suite_engagement.sql)
2026-09-09 13:49:21,879 INFO applying index migration 0022 (0022_podcast_corpus.sql)
2026-09-09 13:49:21,882 INFO applying index migration 0023 (0023_podcast_watch.sql)
2026-09-09 13:49:21,883 INFO applying index migration 0024 (0024_clips.sql)
2026-09-09 13:49:21,885 INFO applying index migration 0025 (0025_source_type_backfill.sql)
2026-09-09 13:49:21,887 INFO applying index migration 0026 (0026_provenance_precedence.sql)
2026-09-09 13:49:21,890 INFO applying index migration 0027 (0027_library_substrate.sql)
2026-09-09 13:49:21,892 INFO applying index migration 0028 (0028_source_subscriptions.sql)
2026-09-09 13:49:21,895 INFO applying index migration 0030 (0030_media_depth.sql)
2026-09-09 13:49:21,905 INFO Migrated 0 taxonomy record(s) into the index
2026-09-09 13:49:21,907 INFO seeded 5 default style anchors
2026-09-09 13:49:21,907 INFO default style anchors: seeded 5 on first run
2026-09-09 13:49:21,907 INFO Restored 0 job record(s) from the library index
2026-09-09 13:49:21,909 INFO backfill complete: scanned 0 folder(s), indexed 0 new
2026-09-09 13:49:21,916 INFO phase 2 author backfill: {'total': 0, 'scanned': 0, 'author_from_sidecar': 0, 'channel_corrected': 0, 'stayed_hostname': 0, 'already_ok': 0, 'missing_sidecar': 0}
2026-09-09 13:49:22,010 INFO tray: started (daemon thread)
2026-09-09 13:49:22,026 INFO splash: spawned (version 3.8.0)
2026-09-09 13:49:22,026 INFO Uoink server v3.8.0 running on http://127.0.0.1:18331
2026-09-09 13:49:22,026 INFO Ready to uoink. Click any YouTube video's Uoink button.
2026-09-09 13:49:22,026 INFO Output: E:\AI\projects\uoink\checkouts\Yoink-library\_scratch\c22-bundled-02\receipt\profiles\child-regfail\output
2026-09-09 13:49:22,026 INFO Log file: E:\AI\projects\uoink\checkouts\Yoink-library\_scratch\c22-bundled-02\receipt\profiles\child-regfail\server.log
2026-09-09 13:49:22,026 INFO toast: skipped regular ready toast while first-run splash is visible
2026-09-09 13:49:22,348 INFO GET /health from 127.0.0.1 -> ok
2026-09-09 13:49:51,947 ERROR capture backend raised for st_0c64e66de5fb48556d6783dc4f66253f
Traceback (most recent call last):
  File "E:\AI\projects\uoink\checkouts\Yoink-library\installer\staging\source_subscriptions.py", line 3842, in execute_started
    outcome = self.backend.run(dict(start), dict(item), dict(source))
              ^^^^^^^^^^^^^^^^^^^^^^^^^^^^^^^^^^^^^^^^^^^^^^^^^^^^^^^
  File "E:\AI\projects\uoink\checkouts\Yoink-library\installer\staging\server.py", line 8368, in run
    outcome = self._run_podcast(start, item, source)
              ^^^^^^^^^^^^^^^^^^^^^^^^^^^^^^^^^^^^^^
  File "E:\AI\projects\uoink\checkouts\Yoink-library\installer\staging\server.py", line 8394, in _run_podcast
    downloaded = podcasts.download_episode_audio(
                 ^^^^^^^^^^^^^^^^^^^^^^^^^^^^^^^^
  File "E:\AI\projects\uoink\checkouts\Yoink-library\installer\staging\python\Lib\site-packages\sitecustomize.py", line 294, in download
    _drive_original_run_subprocess()
  File "E:\AI\projects\uoink\checkouts\Yoink-library\installer\staging\python\Lib\site-packages\sitecustomize.py", line 259, in _drive_original_run_subprocess
    return run(
           ^^^^
  File "E:\AI\projects\uoink\checkouts\Yoink-library\installer\staging\server.py", line 3405, in _run_subprocess
    source_subscriptions.record_child_start(
  File "E:\AI\projects\uoink\checkouts\Yoink-library\installer\staging\python\Lib\site-packages\sitecustomize.py", line 360, in record_child_start
    raise OSError("C22 declared registration failure")
OSError: C22 declared registration failure
