2026-09-09 13:47:28,819 INFO install migration: skipped_isolated_install
2026-09-09 13:47:28,833 INFO applying index migration 0001 (0001_initial_schema.sql)
2026-09-09 13:47:28,838 INFO applying index migration 0002 (0002_entity_graph.sql)
2026-09-09 13:47:28,840 INFO applying index migration 0003 (0003_taxonomy_corrections.sql)
2026-09-09 13:47:28,842 INFO applying index migration 0004 (0004_memory_indexes.sql)
2026-09-09 13:47:28,843 INFO applying index migration 0005 (0005_pending_yoinks.sql)
2026-09-09 13:47:28,845 INFO applying index migration 0006 (0006_v2_schema.sql)
2026-09-09 13:47:28,847 INFO applying index migration 0007 (0007_p4_workspaces.sql)
2026-09-09 13:47:28,849 INFO applying index migration 0008 (0008_a2_claims.sql)
2026-09-09 13:47:28,850 INFO applying index migration 0009 (0009_p5_scripts.sql)
2026-09-09 13:47:28,853 INFO applying index migration 0010 (0010_podcast_feeds.sql)
2026-09-09 13:47:28,854 INFO applying index migration 0011 (0011_podcast_audio.sql)
2026-09-09 13:47:28,856 INFO applying index migration 0012 (0012_whisper_transcripts.sql)
2026-09-09 13:47:28,859 INFO applying index migration 0013 (0013_monitored_playlists.sql)
2026-09-09 13:47:28,861 INFO applying index migration 0014 (0014_writing_studio.sql)
2026-09-09 13:47:28,863 INFO applying index migration 0015 (0015_universal_site.sql)
2026-09-09 13:47:28,865 INFO applying index migration 0016 (0016_default_style_anchors.sql)
2026-09-09 13:47:28,866 INFO applying index migration 0017 (0017_pending_long_video_mode.sql)
2026-09-09 13:47:28,869 INFO applying index migration 0018 (0018_writing_drafts.sql)
2026-09-09 13:47:28,870 INFO applying index migration 0019 (0019_auto_uoink.sql)
2026-09-09 13:47:28,872 INFO applying index migration 0020 (0020_platform_author.sql)
2026-09-09 13:47:28,874 INFO applying index migration 0021 (0021_suite_engagement.sql)
2026-09-09 13:47:28,876 INFO applying index migration 0022 (0022_podcast_corpus.sql)
2026-09-09 13:47:28,879 INFO applying index migration 0023 (0023_podcast_watch.sql)
2026-09-09 13:47:28,881 INFO applying index migration 0024 (0024_clips.sql)
2026-09-09 13:47:28,882 INFO applying index migration 0025 (0025_source_type_backfill.sql)
2026-09-09 13:47:28,885 INFO applying index migration 0026 (0026_provenance_precedence.sql)
2026-09-09 13:47:28,886 INFO applying index migration 0027 (0027_library_substrate.sql)
2026-09-09 13:47:28,889 INFO applying index migration 0028 (0028_source_subscriptions.sql)
2026-09-09 13:47:28,892 INFO applying index migration 0030 (0030_media_depth.sql)
2026-09-09 13:47:28,903 INFO Migrated 0 taxonomy record(s) into the index
2026-09-09 13:47:28,904 INFO seeded 5 default style anchors
2026-09-09 13:47:28,904 INFO default style anchors: seeded 5 on first run
2026-09-09 13:47:28,904 INFO Restored 0 job record(s) from the library index
2026-09-09 13:47:28,907 INFO backfill complete: scanned 0 folder(s), indexed 0 new
2026-09-09 13:47:28,914 INFO phase 2 author backfill: {'total': 0, 'scanned': 0, 'author_from_sidecar': 0, 'channel_corrected': 0, 'stayed_hostname': 0, 'already_ok': 0, 'missing_sidecar': 0}
2026-09-09 13:47:29,009 INFO tray: started (daemon thread)
2026-09-09 13:47:29,018 INFO splash: spawned (version 3.8.0)
2026-09-09 13:47:29,018 INFO Uoink server v3.8.0 running on http://127.0.0.1:18331
2026-09-09 13:47:29,018 INFO Ready to uoink. Click any YouTube video's Uoink button.
2026-09-09 13:47:29,018 INFO Output: E:\AI\projects\uoink\checkouts\Yoink-library\_scratch\c22-bundled-02\receipt\profiles\standing-first\output
2026-09-09 13:47:29,018 INFO Log file: E:\AI\projects\uoink\checkouts\Yoink-library\_scratch\c22-bundled-02\receipt\profiles\standing-first\server.log
2026-09-09 13:47:29,018 INFO toast: skipped regular ready toast while first-run splash is visible
2026-09-09 13:47:29,360 INFO GET /health from 127.0.0.1 -> ok
2026-09-09 13:47:58,996 INFO desktop notification queued: notifications disabled
2026-09-09 13:47:59,002 INFO standing capture st_a67cb10381e4d9523f4ea8afb7ea851b settled: succeeded
2026-09-09 13:47:59,271 INFO desktop notification queued: notifications disabled
