2026-09-09 13:47:05,923 INFO install migration: skipped_isolated_install
2026-09-09 13:47:05,935 INFO applying index migration 0001 (0001_initial_schema.sql)
2026-09-09 13:47:05,939 INFO applying index migration 0002 (0002_entity_graph.sql)
2026-09-09 13:47:05,941 INFO applying index migration 0003 (0003_taxonomy_corrections.sql)
2026-09-09 13:47:05,943 INFO applying index migration 0004 (0004_memory_indexes.sql)
2026-09-09 13:47:05,944 INFO applying index migration 0005 (0005_pending_yoinks.sql)
2026-09-09 13:47:05,947 INFO applying index migration 0006 (0006_v2_schema.sql)
2026-09-09 13:47:05,949 INFO applying index migration 0007 (0007_p4_workspaces.sql)
2026-09-09 13:47:05,950 INFO applying index migration 0008 (0008_a2_claims.sql)
2026-09-09 13:47:05,952 INFO applying index migration 0009 (0009_p5_scripts.sql)
2026-09-09 13:47:05,954 INFO applying index migration 0010 (0010_podcast_feeds.sql)
2026-09-09 13:47:05,956 INFO applying index migration 0011 (0011_podcast_audio.sql)
2026-09-09 13:47:05,958 INFO applying index migration 0012 (0012_whisper_transcripts.sql)
2026-09-09 13:47:05,960 INFO applying index migration 0013 (0013_monitored_playlists.sql)
2026-09-09 13:47:05,963 INFO applying index migration 0014 (0014_writing_studio.sql)
2026-09-09 13:47:05,964 INFO applying index migration 0015 (0015_universal_site.sql)
2026-09-09 13:47:05,966 INFO applying index migration 0016 (0016_default_style_anchors.sql)
2026-09-09 13:47:05,967 INFO applying index migration 0017 (0017_pending_long_video_mode.sql)
2026-09-09 13:47:05,970 INFO applying index migration 0018 (0018_writing_drafts.sql)
2026-09-09 13:47:05,971 INFO applying index migration 0019 (0019_auto_uoink.sql)
2026-09-09 13:47:05,973 INFO applying index migration 0020 (0020_platform_author.sql)
2026-09-09 13:47:05,975 INFO applying index migration 0021 (0021_suite_engagement.sql)
2026-09-09 13:47:05,978 INFO applying index migration 0022 (0022_podcast_corpus.sql)
2026-09-09 13:47:05,980 INFO applying index migration 0023 (0023_podcast_watch.sql)
2026-09-09 13:47:05,982 INFO applying index migration 0024 (0024_clips.sql)
2026-09-09 13:47:05,984 INFO applying index migration 0025 (0025_source_type_backfill.sql)
2026-09-09 13:47:05,986 INFO applying index migration 0026 (0026_provenance_precedence.sql)
2026-09-09 13:47:05,988 INFO applying index migration 0027 (0027_library_substrate.sql)
2026-09-09 13:47:05,990 INFO applying index migration 0028 (0028_source_subscriptions.sql)
2026-09-09 13:47:05,993 INFO applying index migration 0030 (0030_media_depth.sql)
2026-09-09 13:47:06,004 INFO Migrated 0 taxonomy record(s) into the index
2026-09-09 13:47:06,005 INFO seeded 5 default style anchors
2026-09-09 13:47:06,006 INFO default style anchors: seeded 5 on first run
2026-09-09 13:47:06,006 INFO Restored 0 job record(s) from the library index
2026-09-09 13:47:06,008 INFO backfill complete: scanned 0 folder(s), indexed 0 new
2026-09-09 13:47:06,017 INFO phase 2 author backfill: {'total': 0, 'scanned': 0, 'author_from_sidecar': 0, 'channel_corrected': 0, 'stayed_hostname': 0, 'already_ok': 0, 'missing_sidecar': 0}
2026-09-09 13:47:06,106 INFO tray: started (daemon thread)
2026-09-09 13:47:06,120 INFO splash: spawned (version 3.8.0)
2026-09-09 13:47:06,120 INFO Uoink server v3.8.0 running on http://127.0.0.1:18331
2026-09-09 13:47:06,120 INFO Ready to uoink. Click any YouTube video's Uoink button.
2026-09-09 13:47:06,120 INFO Output: E:\AI\projects\uoink\checkouts\Yoink-library\_scratch\c22-bundled-02\receipt\profiles\manual-first\output
2026-09-09 13:47:06,120 INFO Log file: E:\AI\projects\uoink\checkouts\Yoink-library\_scratch\c22-bundled-02\receipt\profiles\manual-first\server.log
2026-09-09 13:47:06,120 INFO toast: skipped regular ready toast while first-run splash is visible
2026-09-09 13:47:06,466 INFO GET /health from 127.0.0.1 -> ok
2026-09-09 13:47:06,652 INFO desktop notification queued: notifications disabled
