2026-09-09 13:48:01,196 INFO install migration: skipped_isolated_install
2026-09-09 13:48:01,211 INFO applying index migration 0001 (0001_initial_schema.sql)
2026-09-09 13:48:01,216 INFO applying index migration 0002 (0002_entity_graph.sql)
2026-09-09 13:48:01,217 INFO applying index migration 0003 (0003_taxonomy_corrections.sql)
2026-09-09 13:48:01,219 INFO applying index migration 0004 (0004_memory_indexes.sql)
2026-09-09 13:48:01,220 INFO applying index migration 0005 (0005_pending_yoinks.sql)
2026-09-09 13:48:01,223 INFO applying index migration 0006 (0006_v2_schema.sql)
2026-09-09 13:48:01,225 INFO applying index migration 0007 (0007_p4_workspaces.sql)
2026-09-09 13:48:01,226 INFO applying index migration 0008 (0008_a2_claims.sql)
2026-09-09 13:48:01,228 INFO applying index migration 0009 (0009_p5_scripts.sql)
2026-09-09 13:48:01,230 INFO applying index migration 0010 (0010_podcast_feeds.sql)
2026-09-09 13:48:01,231 INFO applying index migration 0011 (0011_podcast_audio.sql)
2026-09-09 13:48:01,233 INFO applying index migration 0012 (0012_whisper_transcripts.sql)
2026-09-09 13:48:01,236 INFO applying index migration 0013 (0013_monitored_playlists.sql)
2026-09-09 13:48:01,238 INFO applying index migration 0014 (0014_writing_studio.sql)
2026-09-09 13:48:01,240 INFO applying index migration 0015 (0015_universal_site.sql)
2026-09-09 13:48:01,242 INFO applying index migration 0016 (0016_default_style_anchors.sql)
2026-09-09 13:48:01,243 INFO applying index migration 0017 (0017_pending_long_video_mode.sql)
2026-09-09 13:48:01,246 INFO applying index migration 0018 (0018_writing_drafts.sql)
2026-09-09 13:48:01,247 INFO applying index migration 0019 (0019_auto_uoink.sql)
2026-09-09 13:48:01,249 INFO applying index migration 0020 (0020_platform_author.sql)
2026-09-09 13:48:01,251 INFO applying index migration 0021 (0021_suite_engagement.sql)
2026-09-09 13:48:01,253 INFO applying index migration 0022 (0022_podcast_corpus.sql)
2026-09-09 13:48:01,256 INFO applying index migration 0023 (0023_podcast_watch.sql)
2026-09-09 13:48:01,258 INFO applying index migration 0024 (0024_clips.sql)
2026-09-09 13:48:01,259 INFO applying index migration 0025 (0025_source_type_backfill.sql)
2026-09-09 13:48:01,262 INFO applying index migration 0026 (0026_provenance_precedence.sql)
2026-09-09 13:48:01,263 INFO applying index migration 0027 (0027_library_substrate.sql)
2026-09-09 13:48:01,266 INFO applying index migration 0028 (0028_source_subscriptions.sql)
2026-09-09 13:48:01,269 INFO applying index migration 0030 (0030_media_depth.sql)
2026-09-09 13:48:01,280 INFO Migrated 0 taxonomy record(s) into the index
2026-09-09 13:48:01,281 INFO seeded 5 default style anchors
2026-09-09 13:48:01,281 INFO default style anchors: seeded 5 on first run
2026-09-09 13:48:01,281 INFO Restored 0 job record(s) from the library index
2026-09-09 13:48:01,283 INFO backfill complete: scanned 0 folder(s), indexed 0 new
2026-09-09 13:48:01,290 INFO phase 2 author backfill: {'total': 0, 'scanned': 0, 'author_from_sidecar': 0, 'channel_corrected': 0, 'stayed_hostname': 0, 'already_ok': 0, 'missing_sidecar': 0}
2026-09-09 13:48:01,385 INFO tray: started (daemon thread)
2026-09-09 13:48:01,400 INFO splash: spawned (version 3.8.0)
2026-09-09 13:48:01,400 INFO Uoink server v3.8.0 running on http://127.0.0.1:18331
2026-09-09 13:48:01,400 INFO Ready to uoink. Click any YouTube video's Uoink button.
2026-09-09 13:48:01,400 INFO Output: E:\AI\projects\uoink\checkouts\Yoink-library\_scratch\c22-bundled-02\receipt\profiles\relaunch\output
2026-09-09 13:48:01,400 INFO Log file: E:\AI\projects\uoink\checkouts\Yoink-library\_scratch\c22-bundled-02\receipt\profiles\relaunch\server.log
2026-09-09 13:48:01,400 INFO toast: skipped regular ready toast while first-run splash is visible
2026-09-09 13:48:01,740 INFO GET /health from 127.0.0.1 -> ok
2026-09-09 13:48:01,802 INFO GET /health from 127.0.0.1 -> ok
