START collection
END collection exit 0
START main
END main exit 1
START media
END media exit 0
{
  "source": "56d9d4cf11f20ff4448b21db172dbf217d02c6d6",
  "result": "FAIL",
  "counts": {
    "passed": 2796,
    "failed": 1,
    "skipped": 3
  },
  "cases": 2800,
  "seconds_including_collection": 1521.0999198000063,
  "complete_disjoint_union": true,
  "only_absent_file": "tests/library_work_astra/test_phase3_s21.py",
  "label": "Complete partitioned tree with --runxfail; not a monolithic pytest run",
  "expected_failure_policy": "Original marks unchanged; --runxfail executes all assertion bodies normally",
  "finished_utc": "2026-09-13T12:58:26.041713+00:00",
  "failures": {
    "tests/library_work_astra/test_phase3_acceptance7.py::test_as7_c21_at6_receipt_records_process_exit_status": {
      "status": "failed",
      "failed_phases": [
        "call"
      ],
      "phase_outcomes": [
        {
          "when": "setup",
          "outcome": "passed"
        },
        {
          "when": "call",
          "outcome": "failed"
        },
        {
          "when": "teardown",
          "outcome": "passed"
        }
      ],
      "subtests": [],
      "failed_subtest_count": 0,
      "junit_elements": [
        {
          "outcomes": [
            "failure"
          ],
          "seconds": 0.0
        }
      ],
      "partition": "main"
    }
  },
  "partition_exit_contract": "Every tested partition reconciles session, pytest, verifier, reports and JUnit; abnormal or incomplete execution cannot produce this complete aggregate.",
  "failed_phases": {
    "main": [
      {
        "nodeid": "tests/library_work_astra/test_phase3_acceptance7.py::test_as7_c21_at6_receipt_records_process_exit_status",
        "when": "call",
        "outcome": "failed"
      }
    ],
    "media": []
  },
  "subtest_counts": {
    "passed": 13
  },
  "subtest_count": 13,
  "failed_subtest_count": 0,
  "failed_subtests": {
    "main": [],
    "media": []
  },
  "raw_failed_report_count": 1,
  "reported_failed_report_count": 1,
  "promoted_parent_failures": {
    "main": [],
    "media": []
  }
}
