.......................F...............................F.............FFF [ 26%]
FF.FF................................................................... [ 52%]
........................................................................ [ 78%]
............................................................             [100%]
================================== FAILURES ===================================
E   assert 0 == 1
     +  where 0 = len([])
C:\Users\hello\AppData\Local\AgentControlRoom\worktrees\uoink-library\a4af542b-c8b\grok\tests\library_work_astra\test_phase4_aw_acceptance.py:371: assert 0 == 1
E   assert (False)
     +  where False = is_set()
     +    where is_set = <threading.Event at 0x2155466c230: unset>.is_set
C:\Users\hello\AppData\Local\AgentControlRoom\worktrees\uoink-library\a4af542b-c8b\grok\tests\library_work_astra\test_phase4_aw2_acceptance.py:362: assert (False)
E   assert (0 == 1)
     +  where 0 = len([])
C:\Users\hello\AppData\Local\AgentControlRoom\worktrees\uoink-library\a4af542b-c8b\grok\tests\library_work_astra\test_phase4_aw3_acceptance.py:210: assert (0 == 1)
E   assert (0 == 1)
     +  where 0 = len([])
C:\Users\hello\AppData\Local\AgentControlRoom\worktrees\uoink-library\a4af542b-c8b\grok\tests\library_work_astra\test_phase4_aw3_acceptance.py:210: assert (0 == 1)
E   assert (0 == 1)
     +  where 0 = len([])
C:\Users\hello\AppData\Local\AgentControlRoom\worktrees\uoink-library\a4af542b-c8b\grok\tests\library_work_astra\test_phase4_aw3_acceptance.py:210: assert (0 == 1)
E   assert (False)
     +  where False = is_set()
     +    where is_set = <threading.Event at 0x2155466fb30: unset>.is_set
C:\Users\hello\AppData\Local\AgentControlRoom\worktrees\uoink-library\a4af542b-c8b\grok\tests\library_work_astra\test_phase4_aw3_acceptance.py:274: assert (False)
E   assert (False)
     +  where False = is_set()
     +    where is_set = <threading.Event at 0x2155466fdd0: unset>.is_set
C:\Users\hello\AppData\Local\AgentControlRoom\worktrees\uoink-library\a4af542b-c8b\grok\tests\library_work_astra\test_phase4_aw3_acceptance.py:274: assert (False)
E   assert (False)
     +  where False = is_set()
     +    where is_set = <threading.Event at 0x2155466fa10: unset>.is_set
C:\Users\hello\AppData\Local\AgentControlRoom\worktrees\uoink-library\a4af542b-c8b\grok\tests\library_work_astra\test_phase4_aw3_acceptance.py:329: assert (False)
E   AssertionError: assert (True and not True)
     +  where True = exists()
     +    where exists = WindowsPath('C:/Users/hello/AppData/Local/AgentControlRoom/worktrees/uoink-library/a4af542b-c8b/grok/t/a76/v/Uoink/Library/ca978112ca1bbdcafac231b39a23dc4da786eff8147c4e72b9807785afee48bb.md').exists
     +      where WindowsPath('C:/Users/hello/AppData/Local/AgentControlRoom/worktrees/uoink-library/a4af542b-c8b/grok/t/a76/v/Uoink/Library/ca978112ca1bbdcafac231b39a23dc4da786eff8147c4e72b9807785afee48bb.md') = item_file(namespace(root=WindowsPath('C:/Users/hello/AppData/Local/AgentControlRoom/worktrees/uoink-library/a4af542b-c8b/grok/t/...lRoom/worktrees/uoink-library/a4af542b-c8b/grok/t/a76/v'), mirror=<library_mirror.Mirror object at 0x0000021554698B90>))
     +  and   True = exists()
     +    where exists = WindowsPath('C:/Users/hello/AppData/Local/AgentControlRoom/worktrees/uoink-library/a4af542b-c8b/grok/t/a76/d/reach/mirror/destination_binding.json').exists
C:\Users\hello\AppData\Local\AgentControlRoom\worktrees\uoink-library\a4af542b-c8b\grok\tests\library_work_astra\test_phase4_aw3_acceptance.py:360: AssertionError: assert (True and not True)
=========================== short test summary info ===========================
FAILED tests/library_work_astra/test_phase4_aw_acceptance.py::test_purge_removes_intent_owned_actual_temp_name - assert 0 == 1
 +  where 0 = len([])
FAILED tests/library_work_astra/test_phase4_aw2_acceptance.py::test_d13_replace_syscall_cannot_complete_after_timeout - assert (False)
 +  where False = is_set()
 +    where is_set = <threading.Event at 0x2155466c230: unset>.is_set
FAILED tests/library_work_astra/test_phase4_aw3_acceptance.py::test_d12_retry_keeps_ownership_of_interrupted_temp - assert (0 == 1)
 +  where 0 = len([])
FAILED tests/library_work_astra/test_phase4_aw3_acceptance.py::test_d12_control_hard_purge_removes_unedited_recorded_temp - assert (0 == 1)
 +  where 0 = len([])
FAILED tests/library_work_astra/test_phase4_aw3_acceptance.py::test_d12_recorded_temp_path_does_not_authorize_deleting_user_replacement - assert (0 == 1)
 +  where 0 = len([])
FAILED tests/library_work_astra/test_phase4_aw3_acceptance.py::test_d13_timeout_never_publishes_or_rolls_back_over_user_bytes[visibility] - assert (False)
 +  where False = is_set()
 +    where is_set = <threading.Event at 0x2155466fb30: unset>.is_set
FAILED tests/library_work_astra/test_phase4_aw3_acceptance.py::test_d13_timeout_never_publishes_or_rolls_back_over_user_bytes[user_edit] - assert (False)
 +  where False = is_set()
 +    where is_set = <threading.Event at 0x2155466fdd0: unset>.is_set
FAILED tests/library_work_astra/test_phase4_aw3_acceptance.py::test_d13_timed_out_writer_cannot_erase_a_later_successful_sync - assert (False)
 +  where False = is_set()
 +    where is_set = <threading.Event at 0x2155466fa10: unset>.is_set
FAILED tests/library_work_astra/test_phase4_aw3_acceptance.py::test_d15_failed_destination_binding_persistence_does_not_allow_readoption - AssertionError: assert (True and not True)
 +  where True = exists()
 +    where exists = WindowsPath('C:/Users/hello/AppData/Local/AgentControlRoom/worktrees/uoink-library/a4af542b-c8b/grok/t/a76/v/Uoink/Library/ca978112ca1bbdcafac231b39a23dc4da786eff8147c4e72b9807785afee48bb.md').exists
 +      where WindowsPath('C:/Users/hello/AppData/Local/AgentControlRoom/worktrees/uoink-library/a4af542b-c8b/grok/t/a76/v/Uoink/Library/ca978112ca1bbdcafac231b39a23dc4da786eff8147c4e72b9807785afee48bb.md') = item_file(namespace(root=WindowsPath('C:/Users/hello/AppData/Local/AgentControlRoom/worktrees/uoink-library/a4af542b-c8b/grok/t/...lRoom/worktrees/uoink-library/a4af542b-c8b/grok/t/a76/v'), mirror=<library_mirror.Mirror object at 0x0000021554698B90>))
 +  and   True = exists()
 +    where exists = WindowsPath('C:/Users/hello/AppData/Local/AgentControlRoom/worktrees/uoink-library/a4af542b-c8b/grok/t/a76/d/reach/mirror/destination_binding.json').exists
9 failed, 267 passed in 131.53s (0:02:11)
